20:23:52 **** Incremental Build of configuration Debug for project 06_RGB ****
make -j4 all 
arm-none-eabi-gcc -c -mcpu=cortex-m7 -g3 -c -Wa,-W -x assembler-with-cpp -MMD -MP -MF"startup/startup_stm32f767xx.d" -MT"startup/startup_stm32f767xx.o" --specs=nano.specs -mfpu=fpv5-d16 -mfloat-abi=hard -mthumb -o "startup/startup_stm32f767xx.o" "../startup/startup_stm32f767xx.s"
arm-none-eabi-gcc -c "C:/JSB/Cloud/Family/03 John and Anne children/00 Philip/03 Surrey University/01 Uni 2nd year/Uber audio system/Firmware/STM32/Shared/PJB_STM32_ESP32_FM_DAB_ADC_DAC_PA.c" -mcpu=cortex-m7 -std=gnu11 -g3 '-D__weak=__attribute__((weak))' '-D__packed=__attribute__((__packed__))' -DUSE_HAL_DRIVER -DSTM32F767xx -c -I../Inc -I../../Shared -IC:/ST/Firmware/STM32Cube_FW_F7_V1.15.0/Drivers/STM32F7xx_HAL_Driver/Inc -IC:/ST/Firmware/STM32Cube_FW_F7_V1.15.0/Drivers/STM32F7xx_HAL_Driver/Inc/Legacy -IC:/ST/Firmware/STM32Cube_FW_F7_V1.15.0/Drivers/CMSIS/Device/ST/STM32F7xx/Include -IC:/ST/Firmware/STM32Cube_FW_F7_V1.15.0/Drivers/CMSIS/Include -Os -ffunction-sections -fdata-sections -Wall -fstack-usage -MMD -MP -MF"Src/PJB_STM32_ESP32_FM_DAB_ADC_DAC_PA.d" -MT"Src/PJB_STM32_ESP32_FM_DAB_ADC_DAC_PA.o" --specs=nano.specs -mfpu=fpv5-d16 -mfloat-abi=hard -mthumb -o "Src/PJB_STM32_ESP32_FM_DAB_ADC_DAC_PA.o"
arm-none-eabi-gcc -c "../Src/dma.c" -mcpu=cortex-m7 -std=gnu11 -g3 '-D__weak=__attribute__((weak))' '-D__packed=__attribute__((__packed__))' -DUSE_HAL_DRIVER -DSTM32F767xx -c -I../Inc -I../../Shared -IC:/ST/Firmware/STM32Cube_FW_F7_V1.15.0/Drivers/STM32F7xx_HAL_Driver/Inc -IC:/ST/Firmware/STM32Cube_FW_F7_V1.15.0/Drivers/STM32F7xx_HAL_Driver/Inc/Legacy -IC:/ST/Firmware/STM32Cube_FW_F7_V1.15.0/Drivers/CMSIS/Device/ST/STM32F7xx/Include -IC:/ST/Firmware/STM32Cube_FW_F7_V1.15.0/Drivers/CMSIS/Include -Os -ffunction-sections -fdata-sections -Wall -fstack-usage -MMD -MP -MF"Src/dma.d" -MT"Src/dma.o" --specs=nano.specs -mfpu=fpv5-d16 -mfloat-abi=hard -mthumb -o "Src/dma.o"
arm-none-eabi-gcc -c "../Src/go.c" -mcpu=cortex-m7 -std=gnu11 -g3 '-D__weak=__attribute__((weak))' '-D__packed=__attribute__((__packed__))' -DUSE_HAL_DRIVER -DSTM32F767xx -c -I../Inc -I../../Shared -IC:/ST/Firmware/STM32Cube_FW_F7_V1.15.0/Drivers/STM32F7xx_HAL_Driver/Inc -IC:/ST/Firmware/STM32Cube_FW_F7_V1.15.0/Drivers/STM32F7xx_HAL_Driver/Inc/Legacy -IC:/ST/Firmware/STM32Cube_FW_F7_V1.15.0/Drivers/CMSIS/Device/ST/STM32F7xx/Include -IC:/ST/Firmware/STM32Cube_FW_F7_V1.15.0/Drivers/CMSIS/Include -Os -ffunction-sections -fdata-sections -Wall -fstack-usage -MMD -MP -MF"Src/go.d" -MT"Src/go.o" --specs=nano.specs -mfpu=fpv5-d16 -mfloat-abi=hard -mthumb -o "Src/go.o"
arm-none-eabi-gcc -c "../Src/gpio.c" -mcpu=cortex-m7 -std=gnu11 -g3 '-D__weak=__attribute__((weak))' '-D__packed=__attribute__((__packed__))' -DUSE_HAL_DRIVER -DSTM32F767xx -c -I../Inc -I../../Shared -IC:/ST/Firmware/STM32Cube_FW_F7_V1.15.0/Drivers/STM32F7xx_HAL_Driver/Inc -IC:/ST/Firmware/STM32Cube_FW_F7_V1.15.0/Drivers/STM32F7xx_HAL_Driver/Inc/Legacy -IC:/ST/Firmware/STM32Cube_FW_F7_V1.15.0/Drivers/CMSIS/Device/ST/STM32F7xx/Include -IC:/ST/Firmware/STM32Cube_FW_F7_V1.15.0/Drivers/CMSIS/Include -Os -ffunction-sections -fdata-sections -Wall -fstack-usage -MMD -MP -MF"Src/gpio.d" -MT"Src/gpio.o" --specs=nano.specs -mfpu=fpv5-d16 -mfloat-abi=hard -mthumb -o "Src/gpio.o"
arm-none-eabi-gcc -c "../Src/i2c.c" -mcpu=cortex-m7 -std=gnu11 -g3 '-D__weak=__attribute__((weak))' '-D__packed=__attribute__((__packed__))' -DUSE_HAL_DRIVER -DSTM32F767xx -c -I../Inc -I../../Shared -IC:/ST/Firmware/STM32Cube_FW_F7_V1.15.0/Drivers/STM32F7xx_HAL_Driver/Inc -IC:/ST/Firmware/STM32Cube_FW_F7_V1.15.0/Drivers/STM32F7xx_HAL_Driver/Inc/Legacy -IC:/ST/Firmware/STM32Cube_FW_F7_V1.15.0/Drivers/CMSIS/Device/ST/STM32F7xx/Include -IC:/ST/Firmware/STM32Cube_FW_F7_V1.15.0/Drivers/CMSIS/Include -Os -ffunction-sections -fdata-sections -Wall -fstack-usage -MMD -MP -MF"Src/i2c.d" -MT"Src/i2c.o" --specs=nano.specs -mfpu=fpv5-d16 -mfloat-abi=hard -mthumb -o "Src/i2c.o"
arm-none-eabi-gcc -c "../Src/main.c" -mcpu=cortex-m7 -std=gnu11 -g3 '-D__weak=__attribute__((weak))' '-D__packed=__attribute__((__packed__))' -DUSE_HAL_DRIVER -DSTM32F767xx -c -I../Inc -I../../Shared -IC:/ST/Firmware/STM32Cube_FW_F7_V1.15.0/Drivers/STM32F7xx_HAL_Driver/Inc -IC:/ST/Firmware/STM32Cube_FW_F7_V1.15.0/Drivers/STM32F7xx_HAL_Driver/Inc/Legacy -IC:/ST/Firmware/STM32Cube_FW_F7_V1.15.0/Drivers/CMSIS/Device/ST/STM32F7xx/Include -IC:/ST/Firmware/STM32Cube_FW_F7_V1.15.0/Drivers/CMSIS/Include -Os -ffunction-sections -fdata-sections -Wall -fstack-usage -MMD -MP -MF"Src/main.d" -MT"Src/main.o" --specs=nano.specs -mfpu=fpv5-d16 -mfloat-abi=hard -mthumb -o "Src/main.o"
arm-none-eabi-gcc -c "../Src/sai.c" -mcpu=cortex-m7 -std=gnu11 -g3 '-D__weak=__attribute__((weak))' '-D__packed=__attribute__((__packed__))' -DUSE_HAL_DRIVER -DSTM32F767xx -c -I../Inc -I../../Shared -IC:/ST/Firmware/STM32Cube_FW_F7_V1.15.0/Drivers/STM32F7xx_HAL_Driver/Inc -IC:/ST/Firmware/STM32Cube_FW_F7_V1.15.0/Drivers/STM32F7xx_HAL_Driver/Inc/Legacy -IC:/ST/Firmware/STM32Cube_FW_F7_V1.15.0/Drivers/CMSIS/Device/ST/STM32F7xx/Include -IC:/ST/Firmware/STM32Cube_FW_F7_V1.15.0/Drivers/CMSIS/Include -Os -ffunction-sections -fdata-sections -Wall -fstack-usage -MMD -MP -MF"Src/sai.d" -MT"Src/sai.o" --specs=nano.specs -mfpu=fpv5-d16 -mfloat-abi=hard -mthumb -o "Src/sai.o"
arm-none-eabi-gcc -c "../Src/spi.c" -mcpu=cortex-m7 -std=gnu11 -g3 '-D__weak=__attribute__((weak))' '-D__packed=__attribute__((__packed__))' -DUSE_HAL_DRIVER -DSTM32F767xx -c -I../Inc -I../../Shared -IC:/ST/Firmware/STM32Cube_FW_F7_V1.15.0/Drivers/STM32F7xx_HAL_Driver/Inc -IC:/ST/Firmware/STM32Cube_FW_F7_V1.15.0/Drivers/STM32F7xx_HAL_Driver/Inc/Legacy -IC:/ST/Firmware/STM32Cube_FW_F7_V1.15.0/Drivers/CMSIS/Device/ST/STM32F7xx/Include -IC:/ST/Firmware/STM32Cube_FW_F7_V1.15.0/Drivers/CMSIS/Include -Os -ffunction-sections -fdata-sections -Wall -fstack-usage -MMD -MP -MF"Src/spi.d" -MT"Src/spi.o" --specs=nano.specs -mfpu=fpv5-d16 -mfloat-abi=hard -mthumb -o "Src/spi.o"
arm-none-eabi-gcc -c "../Src/stm32f7xx_hal_msp.c" -mcpu=cortex-m7 -std=gnu11 -g3 '-D__weak=__attribute__((weak))' '-D__packed=__attribute__((__packed__))' -DUSE_HAL_DRIVER -DSTM32F767xx -c -I../Inc -I../../Shared -IC:/ST/Firmware/STM32Cube_FW_F7_V1.15.0/Drivers/STM32F7xx_HAL_Driver/Inc -IC:/ST/Firmware/STM32Cube_FW_F7_V1.15.0/Drivers/STM32F7xx_HAL_Driver/Inc/Legacy -IC:/ST/Firmware/STM32Cube_FW_F7_V1.15.0/Drivers/CMSIS/Device/ST/STM32F7xx/Include -IC:/ST/Firmware/STM32Cube_FW_F7_V1.15.0/Drivers/CMSIS/Include -Os -ffunction-sections -fdata-sections -Wall -fstack-usage -MMD -MP -MF"Src/stm32f7xx_hal_msp.d" -MT"Src/stm32f7xx_hal_msp.o" --specs=nano.specs -mfpu=fpv5-d16 -mfloat-abi=hard -mthumb -o "Src/stm32f7xx_hal_msp.o"
arm-none-eabi-gcc -c "../Src/stm32f7xx_it.c" -mcpu=cortex-m7 -std=gnu11 -g3 '-D__weak=__attribute__((weak))' '-D__packed=__attribute__((__packed__))' -DUSE_HAL_DRIVER -DSTM32F767xx -c -I../Inc -I../../Shared -IC:/ST/Firmware/STM32Cube_FW_F7_V1.15.0/Drivers/STM32F7xx_HAL_Driver/Inc -IC:/ST/Firmware/STM32Cube_FW_F7_V1.15.0/Drivers/STM32F7xx_HAL_Driver/Inc/Legacy -IC:/ST/Firmware/STM32Cube_FW_F7_V1.15.0/Drivers/CMSIS/Device/ST/STM32F7xx/Include -IC:/ST/Firmware/STM32Cube_FW_F7_V1.15.0/Drivers/CMSIS/Include -Os -ffunction-sections -fdata-sections -Wall -fstack-usage -MMD -MP -MF"Src/stm32f7xx_it.d" -MT"Src/stm32f7xx_it.o" --specs=nano.specs -mfpu=fpv5-d16 -mfloat-abi=hard -mthumb -o "Src/stm32f7xx_it.o"
arm-none-eabi-gcc -c "../Src/system_stm32f7xx.c" -mcpu=cortex-m7 -std=gnu11 -g3 '-D__weak=__attribute__((weak))' '-D__packed=__attribute__((__packed__))' -DUSE_HAL_DRIVER -DSTM32F767xx -c -I../Inc -I../../Shared -IC:/ST/Firmware/STM32Cube_FW_F7_V1.15.0/Drivers/STM32F7xx_HAL_Driver/Inc -IC:/ST/Firmware/STM32Cube_FW_F7_V1.15.0/Drivers/STM32F7xx_HAL_Driver/Inc/Legacy -IC:/ST/Firmware/STM32Cube_FW_F7_V1.15.0/Drivers/CMSIS/Device/ST/STM32F7xx/Include -IC:/ST/Firmware/STM32Cube_FW_F7_V1.15.0/Drivers/CMSIS/Include -Os -ffunction-sections -fdata-sections -Wall -fstack-usage -MMD -MP -MF"Src/system_stm32f7xx.d" -MT"Src/system_stm32f7xx.o" --specs=nano.specs -mfpu=fpv5-d16 -mfloat-abi=hard -mthumb -o "Src/system_stm32f7xx.o"
arm-none-eabi-gcc -c "../Src/tim.c" -mcpu=cortex-m7 -std=gnu11 -g3 '-D__weak=__attribute__((weak))' '-D__packed=__attribute__((__packed__))' -DUSE_HAL_DRIVER -DSTM32F767xx -c -I../Inc -I../../Shared -IC:/ST/Firmware/STM32Cube_FW_F7_V1.15.0/Drivers/STM32F7xx_HAL_Driver/Inc -IC:/ST/Firmware/STM32Cube_FW_F7_V1.15.0/Drivers/STM32F7xx_HAL_Driver/Inc/Legacy -IC:/ST/Firmware/STM32Cube_FW_F7_V1.15.0/Drivers/CMSIS/Device/ST/STM32F7xx/Include -IC:/ST/Firmware/STM32Cube_FW_F7_V1.15.0/Drivers/CMSIS/Include -Os -ffunction-sections -fdata-sections -Wall -fstack-usage -MMD -MP -MF"Src/tim.d" -MT"Src/tim.o" --specs=nano.specs -mfpu=fpv5-d16 -mfloat-abi=hard -mthumb -o "Src/tim.o"
arm-none-eabi-gcc -c "C:/ST/Firmware/STM32Cube_FW_F7_V1.15.0/Drivers/STM32F7xx_HAL_Driver/Src/stm32f7xx_hal.c" -mcpu=cortex-m7 -std=gnu11 -g3 '-D__weak=__attribute__((weak))' '-D__packed=__attribute__((__packed__))' -DUSE_HAL_DRIVER -DSTM32F767xx -c -I../Inc -I../../Shared -IC:/ST/Firmware/STM32Cube_FW_F7_V1.15.0/Drivers/STM32F7xx_HAL_Driver/Inc -IC:/ST/Firmware/STM32Cube_FW_F7_V1.15.0/Drivers/STM32F7xx_HAL_Driver/Inc/Legacy -IC:/ST/Firmware/STM32Cube_FW_F7_V1.15.0/Drivers/CMSIS/Device/ST/STM32F7xx/Include -IC:/ST/Firmware/STM32Cube_FW_F7_V1.15.0/Drivers/CMSIS/Include -Os -ffunction-sections -fdata-sections -Wall -fstack-usage -MMD -MP -MF"Drivers/STM32F7xx_HAL_Driver/stm32f7xx_hal.d" -MT"Drivers/STM32F7xx_HAL_Driver/stm32f7xx_hal.o" --specs=nano.specs -mfpu=fpv5-d16 -mfloat-abi=hard -mthumb -o "Drivers/STM32F7xx_HAL_Driver/stm32f7xx_hal.o"
arm-none-eabi-gcc -c "C:/ST/Firmware/STM32Cube_FW_F7_V1.15.0/Drivers/STM32F7xx_HAL_Driver/Src/stm32f7xx_hal_cortex.c" -mcpu=cortex-m7 -std=gnu11 -g3 '-D__weak=__attribute__((weak))' '-D__packed=__attribute__((__packed__))' -DUSE_HAL_DRIVER -DSTM32F767xx -c -I../Inc -I../../Shared -IC:/ST/Firmware/STM32Cube_FW_F7_V1.15.0/Drivers/STM32F7xx_HAL_Driver/Inc -IC:/ST/Firmware/STM32Cube_FW_F7_V1.15.0/Drivers/STM32F7xx_HAL_Driver/Inc/Legacy -IC:/ST/Firmware/STM32Cube_FW_F7_V1.15.0/Drivers/CMSIS/Device/ST/STM32F7xx/Include -IC:/ST/Firmware/STM32Cube_FW_F7_V1.15.0/Drivers/CMSIS/Include -Os -ffunction-sections -fdata-sections -Wall -fstack-usage -MMD -MP -MF"Drivers/STM32F7xx_HAL_Driver/stm32f7xx_hal_cortex.d" -MT"Drivers/STM32F7xx_HAL_Driver/stm32f7xx_hal_cortex.o" --specs=nano.specs -mfpu=fpv5-d16 -mfloat-abi=hard -mthumb -o "Drivers/STM32F7xx_HAL_Driver/stm32f7xx_hal_cortex.o"
arm-none-eabi-gcc -c "C:/ST/Firmware/STM32Cube_FW_F7_V1.15.0/Drivers/STM32F7xx_HAL_Driver/Src/stm32f7xx_hal_dma.c" -mcpu=cortex-m7 -std=gnu11 -g3 '-D__weak=__attribute__((weak))' '-D__packed=__attribute__((__packed__))' -DUSE_HAL_DRIVER -DSTM32F767xx -c -I../Inc -I../../Shared -IC:/ST/Firmware/STM32Cube_FW_F7_V1.15.0/Drivers/STM32F7xx_HAL_Driver/Inc -IC:/ST/Firmware/STM32Cube_FW_F7_V1.15.0/Drivers/STM32F7xx_HAL_Driver/Inc/Legacy -IC:/ST/Firmware/STM32Cube_FW_F7_V1.15.0/Drivers/CMSIS/Device/ST/STM32F7xx/Include -IC:/ST/Firmware/STM32Cube_FW_F7_V1.15.0/Drivers/CMSIS/Include -Os -ffunction-sections -fdata-sections -Wall -fstack-usage -MMD -MP -MF"Drivers/STM32F7xx_HAL_Driver/stm32f7xx_hal_dma.d" -MT"Drivers/STM32F7xx_HAL_Driver/stm32f7xx_hal_dma.o" --specs=nano.specs -mfpu=fpv5-d16 -mfloat-abi=hard -mthumb -o "Drivers/STM32F7xx_HAL_Driver/stm32f7xx_hal_dma.o"
arm-none-eabi-gcc -c "C:/ST/Firmware/STM32Cube_FW_F7_V1.15.0/Drivers/STM32F7xx_HAL_Driver/Src/stm32f7xx_hal_dma_ex.c" -mcpu=cortex-m7 -std=gnu11 -g3 '-D__weak=__attribute__((weak))' '-D__packed=__attribute__((__packed__))' -DUSE_HAL_DRIVER -DSTM32F767xx -c -I../Inc -I../../Shared -IC:/ST/Firmware/STM32Cube_FW_F7_V1.15.0/Drivers/STM32F7xx_HAL_Driver/Inc -IC:/ST/Firmware/STM32Cube_FW_F7_V1.15.0/Drivers/STM32F7xx_HAL_Driver/Inc/Legacy -IC:/ST/Firmware/STM32Cube_FW_F7_V1.15.0/Drivers/CMSIS/Device/ST/STM32F7xx/Include -IC:/ST/Firmware/STM32Cube_FW_F7_V1.15.0/Drivers/CMSIS/Include -Os -ffunction-sections -fdata-sections -Wall -fstack-usage -MMD -MP -MF"Drivers/STM32F7xx_HAL_Driver/stm32f7xx_hal_dma_ex.d" -MT"Drivers/STM32F7xx_HAL_Driver/stm32f7xx_hal_dma_ex.o" --specs=nano.specs -mfpu=fpv5-d16 -mfloat-abi=hard -mthumb -o "Drivers/STM32F7xx_HAL_Driver/stm32f7xx_hal_dma_ex.o"
arm-none-eabi-gcc -c "C:/ST/Firmware/STM32Cube_FW_F7_V1.15.0/Drivers/STM32F7xx_HAL_Driver/Src/stm32f7xx_hal_flash.c" -mcpu=cortex-m7 -std=gnu11 -g3 '-D__weak=__attribute__((weak))' '-D__packed=__attribute__((__packed__))' -DUSE_HAL_DRIVER -DSTM32F767xx -c -I../Inc -I../../Shared -IC:/ST/Firmware/STM32Cube_FW_F7_V1.15.0/Drivers/STM32F7xx_HAL_Driver/Inc -IC:/ST/Firmware/STM32Cube_FW_F7_V1.15.0/Drivers/STM32F7xx_HAL_Driver/Inc/Legacy -IC:/ST/Firmware/STM32Cube_FW_F7_V1.15.0/Drivers/CMSIS/Device/ST/STM32F7xx/Include -IC:/ST/Firmware/STM32Cube_FW_F7_V1.15.0/Drivers/CMSIS/Include -Os -ffunction-sections -fdata-sections -Wall -fstack-usage -MMD -MP -MF"Drivers/STM32F7xx_HAL_Driver/stm32f7xx_hal_flash.d" -MT"Drivers/STM32F7xx_HAL_Driver/stm32f7xx_hal_flash.o" --specs=nano.specs -mfpu=fpv5-d16 -mfloat-abi=hard -mthumb -o "Drivers/STM32F7xx_HAL_Driver/stm32f7xx_hal_flash.o"
arm-none-eabi-gcc -c "C:/ST/Firmware/STM32Cube_FW_F7_V1.15.0/Drivers/STM32F7xx_HAL_Driver/Src/stm32f7xx_hal_flash_ex.c" -mcpu=cortex-m7 -std=gnu11 -g3 '-D__weak=__attribute__((weak))' '-D__packed=__attribute__((__packed__))' -DUSE_HAL_DRIVER -DSTM32F767xx -c -I../Inc -I../../Shared -IC:/ST/Firmware/STM32Cube_FW_F7_V1.15.0/Drivers/STM32F7xx_HAL_Driver/Inc -IC:/ST/Firmware/STM32Cube_FW_F7_V1.15.0/Drivers/STM32F7xx_HAL_Driver/Inc/Legacy -IC:/ST/Firmware/STM32Cube_FW_F7_V1.15.0/Drivers/CMSIS/Device/ST/STM32F7xx/Include -IC:/ST/Firmware/STM32Cube_FW_F7_V1.15.0/Drivers/CMSIS/Include -Os -ffunction-sections -fdata-sections -Wall -fstack-usage -MMD -MP -MF"Drivers/STM32F7xx_HAL_Driver/stm32f7xx_hal_flash_ex.d" -MT"Drivers/STM32F7xx_HAL_Driver/stm32f7xx_hal_flash_ex.o" --specs=nano.specs -mfpu=fpv5-d16 -mfloat-abi=hard -mthumb -o "Drivers/STM32F7xx_HAL_Driver/stm32f7xx_hal_flash_ex.o"
arm-none-eabi-gcc -c "C:/ST/Firmware/STM32Cube_FW_F7_V1.15.0/Drivers/STM32F7xx_HAL_Driver/Src/stm32f7xx_hal_gpio.c" -mcpu=cortex-m7 -std=gnu11 -g3 '-D__weak=__attribute__((weak))' '-D__packed=__attribute__((__packed__))' -DUSE_HAL_DRIVER -DSTM32F767xx -c -I../Inc -I../../Shared -IC:/ST/Firmware/STM32Cube_FW_F7_V1.15.0/Drivers/STM32F7xx_HAL_Driver/Inc -IC:/ST/Firmware/STM32Cube_FW_F7_V1.15.0/Drivers/STM32F7xx_HAL_Driver/Inc/Legacy -IC:/ST/Firmware/STM32Cube_FW_F7_V1.15.0/Drivers/CMSIS/Device/ST/STM32F7xx/Include -IC:/ST/Firmware/STM32Cube_FW_F7_V1.15.0/Drivers/CMSIS/Include -Os -ffunction-sections -fdata-sections -Wall -fstack-usage -MMD -MP -MF"Drivers/STM32F7xx_HAL_Driver/stm32f7xx_hal_gpio.d" -MT"Drivers/STM32F7xx_HAL_Driver/stm32f7xx_hal_gpio.o" --specs=nano.specs -mfpu=fpv5-d16 -mfloat-abi=hard -mthumb -o "Drivers/STM32F7xx_HAL_Driver/stm32f7xx_hal_gpio.o"
arm-none-eabi-gcc -c "C:/ST/Firmware/STM32Cube_FW_F7_V1.15.0/Drivers/STM32F7xx_HAL_Driver/Src/stm32f7xx_hal_i2c.c" -mcpu=cortex-m7 -std=gnu11 -g3 '-D__weak=__attribute__((weak))' '-D__packed=__attribute__((__packed__))' -DUSE_HAL_DRIVER -DSTM32F767xx -c -I../Inc -I../../Shared -IC:/ST/Firmware/STM32Cube_FW_F7_V1.15.0/Drivers/STM32F7xx_HAL_Driver/Inc -IC:/ST/Firmware/STM32Cube_FW_F7_V1.15.0/Drivers/STM32F7xx_HAL_Driver/Inc/Legacy -IC:/ST/Firmware/STM32Cube_FW_F7_V1.15.0/Drivers/CMSIS/Device/ST/STM32F7xx/Include -IC:/ST/Firmware/STM32Cube_FW_F7_V1.15.0/Drivers/CMSIS/Include -Os -ffunction-sections -fdata-sections -Wall -fstack-usage -MMD -MP -MF"Drivers/STM32F7xx_HAL_Driver/stm32f7xx_hal_i2c.d" -MT"Drivers/STM32F7xx_HAL_Driver/stm32f7xx_hal_i2c.o" --specs=nano.specs -mfpu=fpv5-d16 -mfloat-abi=hard -mthumb -o "Drivers/STM32F7xx_HAL_Driver/stm32f7xx_hal_i2c.o"
arm-none-eabi-gcc -c "C:/ST/Firmware/STM32Cube_FW_F7_V1.15.0/Drivers/STM32F7xx_HAL_Driver/Src/stm32f7xx_hal_i2c_ex.c" -mcpu=cortex-m7 -std=gnu11 -g3 '-D__weak=__attribute__((weak))' '-D__packed=__attribute__((__packed__))' -DUSE_HAL_DRIVER -DSTM32F767xx -c -I../Inc -I../../Shared -IC:/ST/Firmware/STM32Cube_FW_F7_V1.15.0/Drivers/STM32F7xx_HAL_Driver/Inc -IC:/ST/Firmware/STM32Cube_FW_F7_V1.15.0/Drivers/STM32F7xx_HAL_Driver/Inc/Legacy -IC:/ST/Firmware/STM32Cube_FW_F7_V1.15.0/Drivers/CMSIS/Device/ST/STM32F7xx/Include -IC:/ST/Firmware/STM32Cube_FW_F7_V1.15.0/Drivers/CMSIS/Include -Os -ffunction-sections -fdata-sections -Wall -fstack-usage -MMD -MP -MF"Drivers/STM32F7xx_HAL_Driver/stm32f7xx_hal_i2c_ex.d" -MT"Drivers/STM32F7xx_HAL_Driver/stm32f7xx_hal_i2c_ex.o" --specs=nano.specs -mfpu=fpv5-d16 -mfloat-abi=hard -mthumb -o "Drivers/STM32F7xx_HAL_Driver/stm32f7xx_hal_i2c_ex.o"
arm-none-eabi-gcc -c "C:/ST/Firmware/STM32Cube_FW_F7_V1.15.0/Drivers/STM32F7xx_HAL_Driver/Src/stm32f7xx_hal_pwr.c" -mcpu=cortex-m7 -std=gnu11 -g3 '-D__weak=__attribute__((weak))' '-D__packed=__attribute__((__packed__))' -DUSE_HAL_DRIVER -DSTM32F767xx -c -I../Inc -I../../Shared -IC:/ST/Firmware/STM32Cube_FW_F7_V1.15.0/Drivers/STM32F7xx_HAL_Driver/Inc -IC:/ST/Firmware/STM32Cube_FW_F7_V1.15.0/Drivers/STM32F7xx_HAL_Driver/Inc/Legacy -IC:/ST/Firmware/STM32Cube_FW_F7_V1.15.0/Drivers/CMSIS/Device/ST/STM32F7xx/Include -IC:/ST/Firmware/STM32Cube_FW_F7_V1.15.0/Drivers/CMSIS/Include -Os -ffunction-sections -fdata-sections -Wall -fstack-usage -MMD -MP -MF"Drivers/STM32F7xx_HAL_Driver/stm32f7xx_hal_pwr.d" -MT"Drivers/STM32F7xx_HAL_Driver/stm32f7xx_hal_pwr.o" --specs=nano.specs -mfpu=fpv5-d16 -mfloat-abi=hard -mthumb -o "Drivers/STM32F7xx_HAL_Driver/stm32f7xx_hal_pwr.o"
arm-none-eabi-gcc -c "C:/ST/Firmware/STM32Cube_FW_F7_V1.15.0/Drivers/STM32F7xx_HAL_Driver/Src/stm32f7xx_hal_pwr_ex.c" -mcpu=cortex-m7 -std=gnu11 -g3 '-D__weak=__attribute__((weak))' '-D__packed=__attribute__((__packed__))' -DUSE_HAL_DRIVER -DSTM32F767xx -c -I../Inc -I../../Shared -IC:/ST/Firmware/STM32Cube_FW_F7_V1.15.0/Drivers/STM32F7xx_HAL_Driver/Inc -IC:/ST/Firmware/STM32Cube_FW_F7_V1.15.0/Drivers/STM32F7xx_HAL_Driver/Inc/Legacy -IC:/ST/Firmware/STM32Cube_FW_F7_V1.15.0/Drivers/CMSIS/Device/ST/STM32F7xx/Include -IC:/ST/Firmware/STM32Cube_FW_F7_V1.15.0/Drivers/CMSIS/Include -Os -ffunction-sections -fdata-sections -Wall -fstack-usage -MMD -MP -MF"Drivers/STM32F7xx_HAL_Driver/stm32f7xx_hal_pwr_ex.d" -MT"Drivers/STM32F7xx_HAL_Driver/stm32f7xx_hal_pwr_ex.o" --specs=nano.specs -mfpu=fpv5-d16 -mfloat-abi=hard -mthumb -o "Drivers/STM32F7xx_HAL_Driver/stm32f7xx_hal_pwr_ex.o"
arm-none-eabi-gcc -c "C:/ST/Firmware/STM32Cube_FW_F7_V1.15.0/Drivers/STM32F7xx_HAL_Driver/Src/stm32f7xx_hal_rcc.c" -mcpu=cortex-m7 -std=gnu11 -g3 '-D__weak=__attribute__((weak))' '-D__packed=__attribute__((__packed__))' -DUSE_HAL_DRIVER -DSTM32F767xx -c -I../Inc -I../../Shared -IC:/ST/Firmware/STM32Cube_FW_F7_V1.15.0/Drivers/STM32F7xx_HAL_Driver/Inc -IC:/ST/Firmware/STM32Cube_FW_F7_V1.15.0/Drivers/STM32F7xx_HAL_Driver/Inc/Legacy -IC:/ST/Firmware/STM32Cube_FW_F7_V1.15.0/Drivers/CMSIS/Device/ST/STM32F7xx/Include -IC:/ST/Firmware/STM32Cube_FW_F7_V1.15.0/Drivers/CMSIS/Include -Os -ffunction-sections -fdata-sections -Wall -fstack-usage -MMD -MP -MF"Drivers/STM32F7xx_HAL_Driver/stm32f7xx_hal_rcc.d" -MT"Drivers/STM32F7xx_HAL_Driver/stm32f7xx_hal_rcc.o" --specs=nano.specs -mfpu=fpv5-d16 -mfloat-abi=hard -mthumb -o "Drivers/STM32F7xx_HAL_Driver/stm32f7xx_hal_rcc.o"
arm-none-eabi-gcc -c "C:/ST/Firmware/STM32Cube_FW_F7_V1.15.0/Drivers/STM32F7xx_HAL_Driver/Src/stm32f7xx_hal_rcc_ex.c" -mcpu=cortex-m7 -std=gnu11 -g3 '-D__weak=__attribute__((weak))' '-D__packed=__attribute__((__packed__))' -DUSE_HAL_DRIVER -DSTM32F767xx -c -I../Inc -I../../Shared -IC:/ST/Firmware/STM32Cube_FW_F7_V1.15.0/Drivers/STM32F7xx_HAL_Driver/Inc -IC:/ST/Firmware/STM32Cube_FW_F7_V1.15.0/Drivers/STM32F7xx_HAL_Driver/Inc/Legacy -IC:/ST/Firmware/STM32Cube_FW_F7_V1.15.0/Drivers/CMSIS/Device/ST/STM32F7xx/Include -IC:/ST/Firmware/STM32Cube_FW_F7_V1.15.0/Drivers/CMSIS/Include -Os -ffunction-sections -fdata-sections -Wall -fstack-usage -MMD -MP -MF"Drivers/STM32F7xx_HAL_Driver/stm32f7xx_hal_rcc_ex.d" -MT"Drivers/STM32F7xx_HAL_Driver/stm32f7xx_hal_rcc_ex.o" --specs=nano.specs -mfpu=fpv5-d16 -mfloat-abi=hard -mthumb -o "Drivers/STM32F7xx_HAL_Driver/stm32f7xx_hal_rcc_ex.o"
arm-none-eabi-gcc -c "C:/ST/Firmware/STM32Cube_FW_F7_V1.15.0/Drivers/STM32F7xx_HAL_Driver/Src/stm32f7xx_hal_sai.c" -mcpu=cortex-m7 -std=gnu11 -g3 '-D__weak=__attribute__((weak))' '-D__packed=__attribute__((__packed__))' -DUSE_HAL_DRIVER -DSTM32F767xx -c -I../Inc -I../../Shared -IC:/ST/Firmware/STM32Cube_FW_F7_V1.15.0/Drivers/STM32F7xx_HAL_Driver/Inc -IC:/ST/Firmware/STM32Cube_FW_F7_V1.15.0/Drivers/STM32F7xx_HAL_Driver/Inc/Legacy -IC:/ST/Firmware/STM32Cube_FW_F7_V1.15.0/Drivers/CMSIS/Device/ST/STM32F7xx/Include -IC:/ST/Firmware/STM32Cube_FW_F7_V1.15.0/Drivers/CMSIS/Include -Os -ffunction-sections -fdata-sections -Wall -fstack-usage -MMD -MP -MF"Drivers/STM32F7xx_HAL_Driver/stm32f7xx_hal_sai.d" -MT"Drivers/STM32F7xx_HAL_Driver/stm32f7xx_hal_sai.o" --specs=nano.specs -mfpu=fpv5-d16 -mfloat-abi=hard -mthumb -o "Drivers/STM32F7xx_HAL_Driver/stm32f7xx_hal_sai.o"
arm-none-eabi-gcc -c "C:/ST/Firmware/STM32Cube_FW_F7_V1.15.0/Drivers/STM32F7xx_HAL_Driver/Src/stm32f7xx_hal_sai_ex.c" -mcpu=cortex-m7 -std=gnu11 -g3 '-D__weak=__attribute__((weak))' '-D__packed=__attribute__((__packed__))' -DUSE_HAL_DRIVER -DSTM32F767xx -c -I../Inc -I../../Shared -IC:/ST/Firmware/STM32Cube_FW_F7_V1.15.0/Drivers/STM32F7xx_HAL_Driver/Inc -IC:/ST/Firmware/STM32Cube_FW_F7_V1.15.0/Drivers/STM32F7xx_HAL_Driver/Inc/Legacy -IC:/ST/Firmware/STM32Cube_FW_F7_V1.15.0/Drivers/CMSIS/Device/ST/STM32F7xx/Include -IC:/ST/Firmware/STM32Cube_FW_F7_V1.15.0/Drivers/CMSIS/Include -Os -ffunction-sections -fdata-sections -Wall -fstack-usage -MMD -MP -MF"Drivers/STM32F7xx_HAL_Driver/stm32f7xx_hal_sai_ex.d" -MT"Drivers/STM32F7xx_HAL_Driver/stm32f7xx_hal_sai_ex.o" --specs=nano.specs -mfpu=fpv5-d16 -mfloat-abi=hard -mthumb -o "Drivers/STM32F7xx_HAL_Driver/stm32f7xx_hal_sai_ex.o"
arm-none-eabi-gcc -c "C:/ST/Firmware/STM32Cube_FW_F7_V1.15.0/Drivers/STM32F7xx_HAL_Driver/Src/stm32f7xx_hal_spi.c" -mcpu=cortex-m7 -std=gnu11 -g3 '-D__weak=__attribute__((weak))' '-D__packed=__attribute__((__packed__))' -DUSE_HAL_DRIVER -DSTM32F767xx -c -I../Inc -I../../Shared -IC:/ST/Firmware/STM32Cube_FW_F7_V1.15.0/Drivers/STM32F7xx_HAL_Driver/Inc -IC:/ST/Firmware/STM32Cube_FW_F7_V1.15.0/Drivers/STM32F7xx_HAL_Driver/Inc/Legacy -IC:/ST/Firmware/STM32Cube_FW_F7_V1.15.0/Drivers/CMSIS/Device/ST/STM32F7xx/Include -IC:/ST/Firmware/STM32Cube_FW_F7_V1.15.0/Drivers/CMSIS/Include -Os -ffunction-sections -fdata-sections -Wall -fstack-usage -MMD -MP -MF"Drivers/STM32F7xx_HAL_Driver/stm32f7xx_hal_spi.d" -MT"Drivers/STM32F7xx_HAL_Driver/stm32f7xx_hal_spi.o" --specs=nano.specs -mfpu=fpv5-d16 -mfloat-abi=hard -mthumb -o "Drivers/STM32F7xx_HAL_Driver/stm32f7xx_hal_spi.o"
arm-none-eabi-gcc -c "C:/ST/Firmware/STM32Cube_FW_F7_V1.15.0/Drivers/STM32F7xx_HAL_Driver/Src/stm32f7xx_hal_tim.c" -mcpu=cortex-m7 -std=gnu11 -g3 '-D__weak=__attribute__((weak))' '-D__packed=__attribute__((__packed__))' -DUSE_HAL_DRIVER -DSTM32F767xx -c -I../Inc -I../../Shared -IC:/ST/Firmware/STM32Cube_FW_F7_V1.15.0/Drivers/STM32F7xx_HAL_Driver/Inc -IC:/ST/Firmware/STM32Cube_FW_F7_V1.15.0/Drivers/STM32F7xx_HAL_Driver/Inc/Legacy -IC:/ST/Firmware/STM32Cube_FW_F7_V1.15.0/Drivers/CMSIS/Device/ST/STM32F7xx/Include -IC:/ST/Firmware/STM32Cube_FW_F7_V1.15.0/Drivers/CMSIS/Include -Os -ffunction-sections -fdata-sections -Wall -fstack-usage -MMD -MP -MF"Drivers/STM32F7xx_HAL_Driver/stm32f7xx_hal_tim.d" -MT"Drivers/STM32F7xx_HAL_Driver/stm32f7xx_hal_tim.o" --specs=nano.specs -mfpu=fpv5-d16 -mfloat-abi=hard -mthumb -o "Drivers/STM32F7xx_HAL_Driver/stm32f7xx_hal_tim.o"
arm-none-eabi-gcc -c "C:/ST/Firmware/STM32Cube_FW_F7_V1.15.0/Drivers/STM32F7xx_HAL_Driver/Src/stm32f7xx_hal_tim_ex.c" -mcpu=cortex-m7 -std=gnu11 -g3 '-D__weak=__attribute__((weak))' '-D__packed=__attribute__((__packed__))' -DUSE_HAL_DRIVER -DSTM32F767xx -c -I../Inc -I../../Shared -IC:/ST/Firmware/STM32Cube_FW_F7_V1.15.0/Drivers/STM32F7xx_HAL_Driver/Inc -IC:/ST/Firmware/STM32Cube_FW_F7_V1.15.0/Drivers/STM32F7xx_HAL_Driver/Inc/Legacy -IC:/ST/Firmware/STM32Cube_FW_F7_V1.15.0/Drivers/CMSIS/Device/ST/STM32F7xx/Include -IC:/ST/Firmware/STM32Cube_FW_F7_V1.15.0/Drivers/CMSIS/Include -Os -ffunction-sections -fdata-sections -Wall -fstack-usage -MMD -MP -MF"Drivers/STM32F7xx_HAL_Driver/stm32f7xx_hal_tim_ex.d" -MT"Drivers/STM32F7xx_HAL_Driver/stm32f7xx_hal_tim_ex.o" --specs=nano.specs -mfpu=fpv5-d16 -mfloat-abi=hard -mthumb -o "Drivers/STM32F7xx_HAL_Driver/stm32f7xx_hal_tim_ex.o"
arm-none-eabi-gcc -o "06_RGB.elf" @"objects.list"   -mcpu=cortex-m7 -T"../STM32F767VI_FLASH.ld" --specs=nosys.specs -Wl,-Map="06_RGB.map" -Wl,--gc-sections -static --specs=nano.specs -mfpu=fpv5-d16 -mfloat-abi=hard -mthumb -u _printf_float -Wl,--start-group -lc -lm -Wl,--end-group
Finished building target: 06_RGB.elf
 
arm-none-eabi-size   06_RGB.elf 
arm-none-eabi-objdump -h -S  06_RGB.elf  > "06_RGB.list"
   text	   data	    bss	    dec	    hex	filename
  25964	    484	  25828	  52276	   cc34	06_RGB.elf
Finished building: default.size.stdout
 
Finished building: 06_RGB.list
 

20:24:06 Build Finished. 0 errors, 0 warnings. (took 13s.686ms)

