13:33:06 **** Incremental Build of configuration Debug for project 14_MP3+DAC ****
make -j8 all 
arm-none-eabi-gcc -c -mcpu=cortex-m7 -g3 -c -Wa,-W -x assembler-with-cpp -MMD -MP -MF"startup/startup_stm32f767xx.d" -MT"startup/startup_stm32f767xx.o" --specs=nano.specs -mfpu=fpv5-d16 -mfloat-abi=softfp -mthumb -o "startup/startup_stm32f767xx.o" "../startup/startup_stm32f767xx.s"
arm-none-eabi-gcc -c "C:/JSB/Cloud/Family/03 John and Anne children/00 Philip/03 Surrey University/01 Uni 2nd year/Uber audio system/Firmware/STM32/Shared/JSB_General.c" -mcpu=cortex-m7 -std=gnu11 -g3 '-D__weak=__attribute__((weak))' '-D__packed=__attribute__((__packed__))' -DUSE_HAL_DRIVER -DSTM32F767xx -c -I../Inc -I../../Shared -IC:/ST/Firmware/STM32AudioMiddlewares/Codecs/SpiritDSP_MP3_Dec/inc -IC:/ST/Firmware/STM32Cube_FW_F7_V1.15.0/Drivers/STM32F7xx_HAL_Driver/Inc -IC:/ST/Firmware/STM32Cube_FW_F7_V1.15.0/Drivers/STM32F7xx_HAL_Driver/Inc/Legacy -IC:/ST/Firmware/STM32Cube_FW_F7_V1.15.0/Drivers/CMSIS/Device/ST/STM32F7xx/Include -IC:/ST/Firmware/STM32Cube_FW_F7_V1.15.0/Drivers/CMSIS/Include -IC:/ST/Firmware/STM32Cube_FW_F7_V1.15.0/Drivers/STM32F7xx_HAL_Driver/Inc -IC:/ST/Firmware/STM32Cube_FW_F7_V1.15.0/Drivers/STM32F7xx_HAL_Driver/Inc/Legacy -Og -ffunction-sections -fdata-sections -Wall -fstack-usage -MMD -MP -MF"Src/JSB_General.d" -MT"Src/JSB_General.o" --specs=nano.specs -mfpu=fpv5-d16 -mfloat-abi=softfp -mthumb -o "Src/JSB_General.o"
arm-none-eabi-gcc -c "C:/JSB/Cloud/Family/03 John and Anne children/00 Philip/03 Surrey University/01 Uni 2nd year/Uber audio system/Firmware/STM32/Shared/JSB_ILI9341.c" -mcpu=cortex-m7 -std=gnu11 -g3 '-D__weak=__attribute__((weak))' '-D__packed=__attribute__((__packed__))' -DUSE_HAL_DRIVER -DSTM32F767xx -c -I../Inc -I../../Shared -IC:/ST/Firmware/STM32AudioMiddlewares/Codecs/SpiritDSP_MP3_Dec/inc -IC:/ST/Firmware/STM32Cube_FW_F7_V1.15.0/Drivers/STM32F7xx_HAL_Driver/Inc -IC:/ST/Firmware/STM32Cube_FW_F7_V1.15.0/Drivers/STM32F7xx_HAL_Driver/Inc/Legacy -IC:/ST/Firmware/STM32Cube_FW_F7_V1.15.0/Drivers/CMSIS/Device/ST/STM32F7xx/Include -IC:/ST/Firmware/STM32Cube_FW_F7_V1.15.0/Drivers/CMSIS/Include -IC:/ST/Firmware/STM32Cube_FW_F7_V1.15.0/Drivers/STM32F7xx_HAL_Driver/Inc -IC:/ST/Firmware/STM32Cube_FW_F7_V1.15.0/Drivers/STM32F7xx_HAL_Driver/Inc/Legacy -Og -ffunction-sections -fdata-sections -Wall -fstack-usage -MMD -MP -MF"Src/JSB_ILI9341.d" -MT"Src/JSB_ILI9341.o" --specs=nano.specs -mfpu=fpv5-d16 -mfloat-abi=softfp -mthumb -o "Src/JSB_ILI9341.o"
arm-none-eabi-gcc -c "C:/JSB/Cloud/Family/03 John and Anne children/00 Philip/03 Surrey University/01 Uni 2nd year/Uber audio system/Firmware/STM32/Shared/JSB_XPT2046.c" -mcpu=cortex-m7 -std=gnu11 -g3 '-D__weak=__attribute__((weak))' '-D__packed=__attribute__((__packed__))' -DUSE_HAL_DRIVER -DSTM32F767xx -c -I../Inc -I../../Shared -IC:/ST/Firmware/STM32AudioMiddlewares/Codecs/SpiritDSP_MP3_Dec/inc -IC:/ST/Firmware/STM32Cube_FW_F7_V1.15.0/Drivers/STM32F7xx_HAL_Driver/Inc -IC:/ST/Firmware/STM32Cube_FW_F7_V1.15.0/Drivers/STM32F7xx_HAL_Driver/Inc/Legacy -IC:/ST/Firmware/STM32Cube_FW_F7_V1.15.0/Drivers/CMSIS/Device/ST/STM32F7xx/Include -IC:/ST/Firmware/STM32Cube_FW_F7_V1.15.0/Drivers/CMSIS/Include -IC:/ST/Firmware/STM32Cube_FW_F7_V1.15.0/Drivers/STM32F7xx_HAL_Driver/Inc -IC:/ST/Firmware/STM32Cube_FW_F7_V1.15.0/Drivers/STM32F7xx_HAL_Driver/Inc/Legacy -Og -ffunction-sections -fdata-sections -Wall -fstack-usage -MMD -MP -MF"Src/JSB_XPT2046.d" -MT"Src/JSB_XPT2046.o" --specs=nano.specs -mfpu=fpv5-d16 -mfloat-abi=softfp -mthumb -o "Src/JSB_XPT2046.o"
arm-none-eabi-gcc -c "C:/JSB/Cloud/Family/03 John and Anne children/00 Philip/03 Surrey University/01 Uni 2nd year/Uber audio system/Firmware/STM32/Shared/PJB_STM32_ESP32_FM_DAB_ADC_DAC_PA.c" -mcpu=cortex-m7 -std=gnu11 -g3 '-D__weak=__attribute__((weak))' '-D__packed=__attribute__((__packed__))' -DUSE_HAL_DRIVER -DSTM32F767xx -c -I../Inc -I../../Shared -IC:/ST/Firmware/STM32AudioMiddlewares/Codecs/SpiritDSP_MP3_Dec/inc -IC:/ST/Firmware/STM32Cube_FW_F7_V1.15.0/Drivers/STM32F7xx_HAL_Driver/Inc -IC:/ST/Firmware/STM32Cube_FW_F7_V1.15.0/Drivers/STM32F7xx_HAL_Driver/Inc/Legacy -IC:/ST/Firmware/STM32Cube_FW_F7_V1.15.0/Drivers/CMSIS/Device/ST/STM32F7xx/Include -IC:/ST/Firmware/STM32Cube_FW_F7_V1.15.0/Drivers/CMSIS/Include -IC:/ST/Firmware/STM32Cube_FW_F7_V1.15.0/Drivers/STM32F7xx_HAL_Driver/Inc -IC:/ST/Firmware/STM32Cube_FW_F7_V1.15.0/Drivers/STM32F7xx_HAL_Driver/Inc/Legacy -Og -ffunction-sections -fdata-sections -Wall -fstack-usage -MMD -MP -MF"Src/PJB_STM32_ESP32_FM_DAB_ADC_DAC_PA.d" -MT"Src/PJB_STM32_ESP32_FM_DAB_ADC_DAC_PA.o" --specs=nano.specs -mfpu=fpv5-d16 -mfloat-abi=softfp -mthumb -o "Src/PJB_STM32_ESP32_FM_DAB_ADC_DAC_PA.o"
arm-none-eabi-gcc -c "../Src/dma.c" -mcpu=cortex-m7 -std=gnu11 -g3 '-D__weak=__attribute__((weak))' '-D__packed=__attribute__((__packed__))' -DUSE_HAL_DRIVER -DSTM32F767xx -c -I../Inc -I../../Shared -IC:/ST/Firmware/STM32AudioMiddlewares/Codecs/SpiritDSP_MP3_Dec/inc -IC:/ST/Firmware/STM32Cube_FW_F7_V1.15.0/Drivers/STM32F7xx_HAL_Driver/Inc -IC:/ST/Firmware/STM32Cube_FW_F7_V1.15.0/Drivers/STM32F7xx_HAL_Driver/Inc/Legacy -IC:/ST/Firmware/STM32Cube_FW_F7_V1.15.0/Drivers/CMSIS/Device/ST/STM32F7xx/Include -IC:/ST/Firmware/STM32Cube_FW_F7_V1.15.0/Drivers/CMSIS/Include -IC:/ST/Firmware/STM32Cube_FW_F7_V1.15.0/Drivers/STM32F7xx_HAL_Driver/Inc -IC:/ST/Firmware/STM32Cube_FW_F7_V1.15.0/Drivers/STM32F7xx_HAL_Driver/Inc/Legacy -Og -ffunction-sections -fdata-sections -Wall -fstack-usage -MMD -MP -MF"Src/dma.d" -MT"Src/dma.o" --specs=nano.specs -mfpu=fpv5-d16 -mfloat-abi=softfp -mthumb -o "Src/dma.o"
arm-none-eabi-gcc -c "../Src/go.c" -mcpu=cortex-m7 -std=gnu11 -g3 '-D__weak=__attribute__((weak))' '-D__packed=__attribute__((__packed__))' -DUSE_HAL_DRIVER -DSTM32F767xx -c -I../Inc -I../../Shared -IC:/ST/Firmware/STM32AudioMiddlewares/Codecs/SpiritDSP_MP3_Dec/inc -IC:/ST/Firmware/STM32Cube_FW_F7_V1.15.0/Drivers/STM32F7xx_HAL_Driver/Inc -IC:/ST/Firmware/STM32Cube_FW_F7_V1.15.0/Drivers/STM32F7xx_HAL_Driver/Inc/Legacy -IC:/ST/Firmware/STM32Cube_FW_F7_V1.15.0/Drivers/CMSIS/Device/ST/STM32F7xx/Include -IC:/ST/Firmware/STM32Cube_FW_F7_V1.15.0/Drivers/CMSIS/Include -IC:/ST/Firmware/STM32Cube_FW_F7_V1.15.0/Drivers/STM32F7xx_HAL_Driver/Inc -IC:/ST/Firmware/STM32Cube_FW_F7_V1.15.0/Drivers/STM32F7xx_HAL_Driver/Inc/Legacy -Og -ffunction-sections -fdata-sections -Wall -fstack-usage -MMD -MP -MF"Src/go.d" -MT"Src/go.o" --specs=nano.specs -mfpu=fpv5-d16 -mfloat-abi=softfp -mthumb -o "Src/go.o"
arm-none-eabi-gcc -c "../Src/gpio.c" -mcpu=cortex-m7 -std=gnu11 -g3 '-D__weak=__attribute__((weak))' '-D__packed=__attribute__((__packed__))' -DUSE_HAL_DRIVER -DSTM32F767xx -c -I../Inc -I../../Shared -IC:/ST/Firmware/STM32AudioMiddlewares/Codecs/SpiritDSP_MP3_Dec/inc -IC:/ST/Firmware/STM32Cube_FW_F7_V1.15.0/Drivers/STM32F7xx_HAL_Driver/Inc -IC:/ST/Firmware/STM32Cube_FW_F7_V1.15.0/Drivers/STM32F7xx_HAL_Driver/Inc/Legacy -IC:/ST/Firmware/STM32Cube_FW_F7_V1.15.0/Drivers/CMSIS/Device/ST/STM32F7xx/Include -IC:/ST/Firmware/STM32Cube_FW_F7_V1.15.0/Drivers/CMSIS/Include -IC:/ST/Firmware/STM32Cube_FW_F7_V1.15.0/Drivers/STM32F7xx_HAL_Driver/Inc -IC:/ST/Firmware/STM32Cube_FW_F7_V1.15.0/Drivers/STM32F7xx_HAL_Driver/Inc/Legacy -Og -ffunction-sections -fdata-sections -Wall -fstack-usage -MMD -MP -MF"Src/gpio.d" -MT"Src/gpio.o" --specs=nano.specs -mfpu=fpv5-d16 -mfloat-abi=softfp -mthumb -o "Src/gpio.o"
arm-none-eabi-gcc -c "../Src/i2c.c" -mcpu=cortex-m7 -std=gnu11 -g3 '-D__weak=__attribute__((weak))' '-D__packed=__attribute__((__packed__))' -DUSE_HAL_DRIVER -DSTM32F767xx -c -I../Inc -I../../Shared -IC:/ST/Firmware/STM32AudioMiddlewares/Codecs/SpiritDSP_MP3_Dec/inc -IC:/ST/Firmware/STM32Cube_FW_F7_V1.15.0/Drivers/STM32F7xx_HAL_Driver/Inc -IC:/ST/Firmware/STM32Cube_FW_F7_V1.15.0/Drivers/STM32F7xx_HAL_Driver/Inc/Legacy -IC:/ST/Firmware/STM32Cube_FW_F7_V1.15.0/Drivers/CMSIS/Device/ST/STM32F7xx/Include -IC:/ST/Firmware/STM32Cube_FW_F7_V1.15.0/Drivers/CMSIS/Include -IC:/ST/Firmware/STM32Cube_FW_F7_V1.15.0/Drivers/STM32F7xx_HAL_Driver/Inc -IC:/ST/Firmware/STM32Cube_FW_F7_V1.15.0/Drivers/STM32F7xx_HAL_Driver/Inc/Legacy -Og -ffunction-sections -fdata-sections -Wall -fstack-usage -MMD -MP -MF"Src/i2c.d" -MT"Src/i2c.o" --specs=nano.specs -mfpu=fpv5-d16 -mfloat-abi=softfp -mthumb -o "Src/i2c.o"
arm-none-eabi-gcc -c "../Src/main.c" -mcpu=cortex-m7 -std=gnu11 -g3 '-D__weak=__attribute__((weak))' '-D__packed=__attribute__((__packed__))' -DUSE_HAL_DRIVER -DSTM32F767xx -c -I../Inc -I../../Shared -IC:/ST/Firmware/STM32AudioMiddlewares/Codecs/SpiritDSP_MP3_Dec/inc -IC:/ST/Firmware/STM32Cube_FW_F7_V1.15.0/Drivers/STM32F7xx_HAL_Driver/Inc -IC:/ST/Firmware/STM32Cube_FW_F7_V1.15.0/Drivers/STM32F7xx_HAL_Driver/Inc/Legacy -IC:/ST/Firmware/STM32Cube_FW_F7_V1.15.0/Drivers/CMSIS/Device/ST/STM32F7xx/Include -IC:/ST/Firmware/STM32Cube_FW_F7_V1.15.0/Drivers/CMSIS/Include -IC:/ST/Firmware/STM32Cube_FW_F7_V1.15.0/Drivers/STM32F7xx_HAL_Driver/Inc -IC:/ST/Firmware/STM32Cube_FW_F7_V1.15.0/Drivers/STM32F7xx_HAL_Driver/Inc/Legacy -Og -ffunction-sections -fdata-sections -Wall -fstack-usage -MMD -MP -MF"Src/main.d" -MT"Src/main.o" --specs=nano.specs -mfpu=fpv5-d16 -mfloat-abi=softfp -mthumb -o "Src/main.o"
arm-none-eabi-gcc -c "../Src/sai.c" -mcpu=cortex-m7 -std=gnu11 -g3 '-D__weak=__attribute__((weak))' '-D__packed=__attribute__((__packed__))' -DUSE_HAL_DRIVER -DSTM32F767xx -c -I../Inc -I../../Shared -IC:/ST/Firmware/STM32AudioMiddlewares/Codecs/SpiritDSP_MP3_Dec/inc -IC:/ST/Firmware/STM32Cube_FW_F7_V1.15.0/Drivers/STM32F7xx_HAL_Driver/Inc -IC:/ST/Firmware/STM32Cube_FW_F7_V1.15.0/Drivers/STM32F7xx_HAL_Driver/Inc/Legacy -IC:/ST/Firmware/STM32Cube_FW_F7_V1.15.0/Drivers/CMSIS/Device/ST/STM32F7xx/Include -IC:/ST/Firmware/STM32Cube_FW_F7_V1.15.0/Drivers/CMSIS/Include -IC:/ST/Firmware/STM32Cube_FW_F7_V1.15.0/Drivers/STM32F7xx_HAL_Driver/Inc -IC:/ST/Firmware/STM32Cube_FW_F7_V1.15.0/Drivers/STM32F7xx_HAL_Driver/Inc/Legacy -Og -ffunction-sections -fdata-sections -Wall -fstack-usage -MMD -MP -MF"Src/sai.d" -MT"Src/sai.o" --specs=nano.specs -mfpu=fpv5-d16 -mfloat-abi=softfp -mthumb -o "Src/sai.o"
arm-none-eabi-gcc -c "../Src/spi.c" -mcpu=cortex-m7 -std=gnu11 -g3 '-D__weak=__attribute__((weak))' '-D__packed=__attribute__((__packed__))' -DUSE_HAL_DRIVER -DSTM32F767xx -c -I../Inc -I../../Shared -IC:/ST/Firmware/STM32AudioMiddlewares/Codecs/SpiritDSP_MP3_Dec/inc -IC:/ST/Firmware/STM32Cube_FW_F7_V1.15.0/Drivers/STM32F7xx_HAL_Driver/Inc -IC:/ST/Firmware/STM32Cube_FW_F7_V1.15.0/Drivers/STM32F7xx_HAL_Driver/Inc/Legacy -IC:/ST/Firmware/STM32Cube_FW_F7_V1.15.0/Drivers/CMSIS/Device/ST/STM32F7xx/Include -IC:/ST/Firmware/STM32Cube_FW_F7_V1.15.0/Drivers/CMSIS/Include -IC:/ST/Firmware/STM32Cube_FW_F7_V1.15.0/Drivers/STM32F7xx_HAL_Driver/Inc -IC:/ST/Firmware/STM32Cube_FW_F7_V1.15.0/Drivers/STM32F7xx_HAL_Driver/Inc/Legacy -Og -ffunction-sections -fdata-sections -Wall -fstack-usage -MMD -MP -MF"Src/spi.d" -MT"Src/spi.o" --specs=nano.specs -mfpu=fpv5-d16 -mfloat-abi=softfp -mthumb -o "Src/spi.o"
arm-none-eabi-gcc -c "../Src/stm32f7xx_hal_msp.c" -mcpu=cortex-m7 -std=gnu11 -g3 '-D__weak=__attribute__((weak))' '-D__packed=__attribute__((__packed__))' -DUSE_HAL_DRIVER -DSTM32F767xx -c -I../Inc -I../../Shared -IC:/ST/Firmware/STM32AudioMiddlewares/Codecs/SpiritDSP_MP3_Dec/inc -IC:/ST/Firmware/STM32Cube_FW_F7_V1.15.0/Drivers/STM32F7xx_HAL_Driver/Inc -IC:/ST/Firmware/STM32Cube_FW_F7_V1.15.0/Drivers/STM32F7xx_HAL_Driver/Inc/Legacy -IC:/ST/Firmware/STM32Cube_FW_F7_V1.15.0/Drivers/CMSIS/Device/ST/STM32F7xx/Include -IC:/ST/Firmware/STM32Cube_FW_F7_V1.15.0/Drivers/CMSIS/Include -IC:/ST/Firmware/STM32Cube_FW_F7_V1.15.0/Drivers/STM32F7xx_HAL_Driver/Inc -IC:/ST/Firmware/STM32Cube_FW_F7_V1.15.0/Drivers/STM32F7xx_HAL_Driver/Inc/Legacy -Og -ffunction-sections -fdata-sections -Wall -fstack-usage -MMD -MP -MF"Src/stm32f7xx_hal_msp.d" -MT"Src/stm32f7xx_hal_msp.o" --specs=nano.specs -mfpu=fpv5-d16 -mfloat-abi=softfp -mthumb -o "Src/stm32f7xx_hal_msp.o"
arm-none-eabi-gcc -c "../Src/stm32f7xx_it.c" -mcpu=cortex-m7 -std=gnu11 -g3 '-D__weak=__attribute__((weak))' '-D__packed=__attribute__((__packed__))' -DUSE_HAL_DRIVER -DSTM32F767xx -c -I../Inc -I../../Shared -IC:/ST/Firmware/STM32AudioMiddlewares/Codecs/SpiritDSP_MP3_Dec/inc -IC:/ST/Firmware/STM32Cube_FW_F7_V1.15.0/Drivers/STM32F7xx_HAL_Driver/Inc -IC:/ST/Firmware/STM32Cube_FW_F7_V1.15.0/Drivers/STM32F7xx_HAL_Driver/Inc/Legacy -IC:/ST/Firmware/STM32Cube_FW_F7_V1.15.0/Drivers/CMSIS/Device/ST/STM32F7xx/Include -IC:/ST/Firmware/STM32Cube_FW_F7_V1.15.0/Drivers/CMSIS/Include -IC:/ST/Firmware/STM32Cube_FW_F7_V1.15.0/Drivers/STM32F7xx_HAL_Driver/Inc -IC:/ST/Firmware/STM32Cube_FW_F7_V1.15.0/Drivers/STM32F7xx_HAL_Driver/Inc/Legacy -Og -ffunction-sections -fdata-sections -Wall -fstack-usage -MMD -MP -MF"Src/stm32f7xx_it.d" -MT"Src/stm32f7xx_it.o" --specs=nano.specs -mfpu=fpv5-d16 -mfloat-abi=softfp -mthumb -o "Src/stm32f7xx_it.o"
arm-none-eabi-gcc -c "../Src/syscalls.c" -mcpu=cortex-m7 -std=gnu11 -g3 '-D__weak=__attribute__((weak))' '-D__packed=__attribute__((__packed__))' -DUSE_HAL_DRIVER -DSTM32F767xx -c -I../Inc -I../../Shared -IC:/ST/Firmware/STM32AudioMiddlewares/Codecs/SpiritDSP_MP3_Dec/inc -IC:/ST/Firmware/STM32Cube_FW_F7_V1.15.0/Drivers/STM32F7xx_HAL_Driver/Inc -IC:/ST/Firmware/STM32Cube_FW_F7_V1.15.0/Drivers/STM32F7xx_HAL_Driver/Inc/Legacy -IC:/ST/Firmware/STM32Cube_FW_F7_V1.15.0/Drivers/CMSIS/Device/ST/STM32F7xx/Include -IC:/ST/Firmware/STM32Cube_FW_F7_V1.15.0/Drivers/CMSIS/Include -IC:/ST/Firmware/STM32Cube_FW_F7_V1.15.0/Drivers/STM32F7xx_HAL_Driver/Inc -IC:/ST/Firmware/STM32Cube_FW_F7_V1.15.0/Drivers/STM32F7xx_HAL_Driver/Inc/Legacy -Og -ffunction-sections -fdata-sections -Wall -fstack-usage -MMD -MP -MF"Src/syscalls.d" -MT"Src/syscalls.o" --specs=nano.specs -mfpu=fpv5-d16 -mfloat-abi=softfp -mthumb -o "Src/syscalls.o"
arm-none-eabi-gcc -c "../Src/system_stm32f7xx.c" -mcpu=cortex-m7 -std=gnu11 -g3 '-D__weak=__attribute__((weak))' '-D__packed=__attribute__((__packed__))' -DUSE_HAL_DRIVER -DSTM32F767xx -c -I../Inc -I../../Shared -IC:/ST/Firmware/STM32AudioMiddlewares/Codecs/SpiritDSP_MP3_Dec/inc -IC:/ST/Firmware/STM32Cube_FW_F7_V1.15.0/Drivers/STM32F7xx_HAL_Driver/Inc -IC:/ST/Firmware/STM32Cube_FW_F7_V1.15.0/Drivers/STM32F7xx_HAL_Driver/Inc/Legacy -IC:/ST/Firmware/STM32Cube_FW_F7_V1.15.0/Drivers/CMSIS/Device/ST/STM32F7xx/Include -IC:/ST/Firmware/STM32Cube_FW_F7_V1.15.0/Drivers/CMSIS/Include -IC:/ST/Firmware/STM32Cube_FW_F7_V1.15.0/Drivers/STM32F7xx_HAL_Driver/Inc -IC:/ST/Firmware/STM32Cube_FW_F7_V1.15.0/Drivers/STM32F7xx_HAL_Driver/Inc/Legacy -Og -ffunction-sections -fdata-sections -Wall -fstack-usage -MMD -MP -MF"Src/system_stm32f7xx.d" -MT"Src/system_stm32f7xx.o" --specs=nano.specs -mfpu=fpv5-d16 -mfloat-abi=softfp -mthumb -o "Src/system_stm32f7xx.o"
arm-none-eabi-gcc -c "../Src/tim.c" -mcpu=cortex-m7 -std=gnu11 -g3 '-D__weak=__attribute__((weak))' '-D__packed=__attribute__((__packed__))' -DUSE_HAL_DRIVER -DSTM32F767xx -c -I../Inc -I../../Shared -IC:/ST/Firmware/STM32AudioMiddlewares/Codecs/SpiritDSP_MP3_Dec/inc -IC:/ST/Firmware/STM32Cube_FW_F7_V1.15.0/Drivers/STM32F7xx_HAL_Driver/Inc -IC:/ST/Firmware/STM32Cube_FW_F7_V1.15.0/Drivers/STM32F7xx_HAL_Driver/Inc/Legacy -IC:/ST/Firmware/STM32Cube_FW_F7_V1.15.0/Drivers/CMSIS/Device/ST/STM32F7xx/Include -IC:/ST/Firmware/STM32Cube_FW_F7_V1.15.0/Drivers/CMSIS/Include -IC:/ST/Firmware/STM32Cube_FW_F7_V1.15.0/Drivers/STM32F7xx_HAL_Driver/Inc -IC:/ST/Firmware/STM32Cube_FW_F7_V1.15.0/Drivers/STM32F7xx_HAL_Driver/Inc/Legacy -Og -ffunction-sections -fdata-sections -Wall -fstack-usage -MMD -MP -MF"Src/tim.d" -MT"Src/tim.o" --specs=nano.specs -mfpu=fpv5-d16 -mfloat-abi=softfp -mthumb -o "Src/tim.o"
arm-none-eabi-gcc -c "C:/ST/Firmware/STM32Cube_FW_F7_V1.15.0/Drivers/STM32F7xx_HAL_Driver/Src/stm32f7xx_hal.c" -mcpu=cortex-m7 -std=gnu11 -g3 '-D__weak=__attribute__((weak))' '-D__packed=__attribute__((__packed__))' -DUSE_HAL_DRIVER -DSTM32F767xx -c -I../Inc -I../../Shared -IC:/ST/Firmware/STM32AudioMiddlewares/Codecs/SpiritDSP_MP3_Dec/inc -IC:/ST/Firmware/STM32Cube_FW_F7_V1.15.0/Drivers/STM32F7xx_HAL_Driver/Inc -IC:/ST/Firmware/STM32Cube_FW_F7_V1.15.0/Drivers/STM32F7xx_HAL_Driver/Inc/Legacy -IC:/ST/Firmware/STM32Cube_FW_F7_V1.15.0/Drivers/CMSIS/Device/ST/STM32F7xx/Include -IC:/ST/Firmware/STM32Cube_FW_F7_V1.15.0/Drivers/CMSIS/Include -IC:/ST/Firmware/STM32Cube_FW_F7_V1.15.0/Drivers/STM32F7xx_HAL_Driver/Inc -IC:/ST/Firmware/STM32Cube_FW_F7_V1.15.0/Drivers/STM32F7xx_HAL_Driver/Inc/Legacy -Og -ffunction-sections -fdata-sections -Wall -fstack-usage -MMD -MP -MF"Drivers/STM32F7xx_HAL_Driver/stm32f7xx_hal.d" -MT"Drivers/STM32F7xx_HAL_Driver/stm32f7xx_hal.o" --specs=nano.specs -mfpu=fpv5-d16 -mfloat-abi=softfp -mthumb -o "Drivers/STM32F7xx_HAL_Driver/stm32f7xx_hal.o"
arm-none-eabi-gcc -c "C:/ST/Firmware/STM32Cube_FW_F7_V1.15.0/Drivers/STM32F7xx_HAL_Driver/Src/stm32f7xx_hal_cortex.c" -mcpu=cortex-m7 -std=gnu11 -g3 '-D__weak=__attribute__((weak))' '-D__packed=__attribute__((__packed__))' -DUSE_HAL_DRIVER -DSTM32F767xx -c -I../Inc -I../../Shared -IC:/ST/Firmware/STM32AudioMiddlewares/Codecs/SpiritDSP_MP3_Dec/inc -IC:/ST/Firmware/STM32Cube_FW_F7_V1.15.0/Drivers/STM32F7xx_HAL_Driver/Inc -IC:/ST/Firmware/STM32Cube_FW_F7_V1.15.0/Drivers/STM32F7xx_HAL_Driver/Inc/Legacy -IC:/ST/Firmware/STM32Cube_FW_F7_V1.15.0/Drivers/CMSIS/Device/ST/STM32F7xx/Include -IC:/ST/Firmware/STM32Cube_FW_F7_V1.15.0/Drivers/CMSIS/Include -IC:/ST/Firmware/STM32Cube_FW_F7_V1.15.0/Drivers/STM32F7xx_HAL_Driver/Inc -IC:/ST/Firmware/STM32Cube_FW_F7_V1.15.0/Drivers/STM32F7xx_HAL_Driver/Inc/Legacy -Og -ffunction-sections -fdata-sections -Wall -fstack-usage -MMD -MP -MF"Drivers/STM32F7xx_HAL_Driver/stm32f7xx_hal_cortex.d" -MT"Drivers/STM32F7xx_HAL_Driver/stm32f7xx_hal_cortex.o" --specs=nano.specs -mfpu=fpv5-d16 -mfloat-abi=softfp -mthumb -o "Drivers/STM32F7xx_HAL_Driver/stm32f7xx_hal_cortex.o"
arm-none-eabi-gcc -c "C:/ST/Firmware/STM32Cube_FW_F7_V1.15.0/Drivers/STM32F7xx_HAL_Driver/Src/stm32f7xx_hal_dma.c" -mcpu=cortex-m7 -std=gnu11 -g3 '-D__weak=__attribute__((weak))' '-D__packed=__attribute__((__packed__))' -DUSE_HAL_DRIVER -DSTM32F767xx -c -I../Inc -I../../Shared -IC:/ST/Firmware/STM32AudioMiddlewares/Codecs/SpiritDSP_MP3_Dec/inc -IC:/ST/Firmware/STM32Cube_FW_F7_V1.15.0/Drivers/STM32F7xx_HAL_Driver/Inc -IC:/ST/Firmware/STM32Cube_FW_F7_V1.15.0/Drivers/STM32F7xx_HAL_Driver/Inc/Legacy -IC:/ST/Firmware/STM32Cube_FW_F7_V1.15.0/Drivers/CMSIS/Device/ST/STM32F7xx/Include -IC:/ST/Firmware/STM32Cube_FW_F7_V1.15.0/Drivers/CMSIS/Include -IC:/ST/Firmware/STM32Cube_FW_F7_V1.15.0/Drivers/STM32F7xx_HAL_Driver/Inc -IC:/ST/Firmware/STM32Cube_FW_F7_V1.15.0/Drivers/STM32F7xx_HAL_Driver/Inc/Legacy -Og -ffunction-sections -fdata-sections -Wall -fstack-usage -MMD -MP -MF"Drivers/STM32F7xx_HAL_Driver/stm32f7xx_hal_dma.d" -MT"Drivers/STM32F7xx_HAL_Driver/stm32f7xx_hal_dma.o" --specs=nano.specs -mfpu=fpv5-d16 -mfloat-abi=softfp -mthumb -o "Drivers/STM32F7xx_HAL_Driver/stm32f7xx_hal_dma.o"
arm-none-eabi-gcc -c "C:/ST/Firmware/STM32Cube_FW_F7_V1.15.0/Drivers/STM32F7xx_HAL_Driver/Src/stm32f7xx_hal_dma_ex.c" -mcpu=cortex-m7 -std=gnu11 -g3 '-D__weak=__attribute__((weak))' '-D__packed=__attribute__((__packed__))' -DUSE_HAL_DRIVER -DSTM32F767xx -c -I../Inc -I../../Shared -IC:/ST/Firmware/STM32AudioMiddlewares/Codecs/SpiritDSP_MP3_Dec/inc -IC:/ST/Firmware/STM32Cube_FW_F7_V1.15.0/Drivers/STM32F7xx_HAL_Driver/Inc -IC:/ST/Firmware/STM32Cube_FW_F7_V1.15.0/Drivers/STM32F7xx_HAL_Driver/Inc/Legacy -IC:/ST/Firmware/STM32Cube_FW_F7_V1.15.0/Drivers/CMSIS/Device/ST/STM32F7xx/Include -IC:/ST/Firmware/STM32Cube_FW_F7_V1.15.0/Drivers/CMSIS/Include -IC:/ST/Firmware/STM32Cube_FW_F7_V1.15.0/Drivers/STM32F7xx_HAL_Driver/Inc -IC:/ST/Firmware/STM32Cube_FW_F7_V1.15.0/Drivers/STM32F7xx_HAL_Driver/Inc/Legacy -Og -ffunction-sections -fdata-sections -Wall -fstack-usage -MMD -MP -MF"Drivers/STM32F7xx_HAL_Driver/stm32f7xx_hal_dma_ex.d" -MT"Drivers/STM32F7xx_HAL_Driver/stm32f7xx_hal_dma_ex.o" --specs=nano.specs -mfpu=fpv5-d16 -mfloat-abi=softfp -mthumb -o "Drivers/STM32F7xx_HAL_Driver/stm32f7xx_hal_dma_ex.o"
arm-none-eabi-gcc -c "C:/ST/Firmware/STM32Cube_FW_F7_V1.15.0/Drivers/STM32F7xx_HAL_Driver/Src/stm32f7xx_hal_exti.c" -mcpu=cortex-m7 -std=gnu11 -g3 '-D__weak=__attribute__((weak))' '-D__packed=__attribute__((__packed__))' -DUSE_HAL_DRIVER -DSTM32F767xx -c -I../Inc -I../../Shared -IC:/ST/Firmware/STM32AudioMiddlewares/Codecs/SpiritDSP_MP3_Dec/inc -IC:/ST/Firmware/STM32Cube_FW_F7_V1.15.0/Drivers/STM32F7xx_HAL_Driver/Inc -IC:/ST/Firmware/STM32Cube_FW_F7_V1.15.0/Drivers/STM32F7xx_HAL_Driver/Inc/Legacy -IC:/ST/Firmware/STM32Cube_FW_F7_V1.15.0/Drivers/CMSIS/Device/ST/STM32F7xx/Include -IC:/ST/Firmware/STM32Cube_FW_F7_V1.15.0/Drivers/CMSIS/Include -IC:/ST/Firmware/STM32Cube_FW_F7_V1.15.0/Drivers/STM32F7xx_HAL_Driver/Inc -IC:/ST/Firmware/STM32Cube_FW_F7_V1.15.0/Drivers/STM32F7xx_HAL_Driver/Inc/Legacy -Og -ffunction-sections -fdata-sections -Wall -fstack-usage -MMD -MP -MF"Drivers/STM32F7xx_HAL_Driver/stm32f7xx_hal_exti.d" -MT"Drivers/STM32F7xx_HAL_Driver/stm32f7xx_hal_exti.o" --specs=nano.specs -mfpu=fpv5-d16 -mfloat-abi=softfp -mthumb -o "Drivers/STM32F7xx_HAL_Driver/stm32f7xx_hal_exti.o"
arm-none-eabi-gcc -c "C:/ST/Firmware/STM32Cube_FW_F7_V1.15.0/Drivers/STM32F7xx_HAL_Driver/Src/stm32f7xx_hal_flash.c" -mcpu=cortex-m7 -std=gnu11 -g3 '-D__weak=__attribute__((weak))' '-D__packed=__attribute__((__packed__))' -DUSE_HAL_DRIVER -DSTM32F767xx -c -I../Inc -I../../Shared -IC:/ST/Firmware/STM32AudioMiddlewares/Codecs/SpiritDSP_MP3_Dec/inc -IC:/ST/Firmware/STM32Cube_FW_F7_V1.15.0/Drivers/STM32F7xx_HAL_Driver/Inc -IC:/ST/Firmware/STM32Cube_FW_F7_V1.15.0/Drivers/STM32F7xx_HAL_Driver/Inc/Legacy -IC:/ST/Firmware/STM32Cube_FW_F7_V1.15.0/Drivers/CMSIS/Device/ST/STM32F7xx/Include -IC:/ST/Firmware/STM32Cube_FW_F7_V1.15.0/Drivers/CMSIS/Include -IC:/ST/Firmware/STM32Cube_FW_F7_V1.15.0/Drivers/STM32F7xx_HAL_Driver/Inc -IC:/ST/Firmware/STM32Cube_FW_F7_V1.15.0/Drivers/STM32F7xx_HAL_Driver/Inc/Legacy -Og -ffunction-sections -fdata-sections -Wall -fstack-usage -MMD -MP -MF"Drivers/STM32F7xx_HAL_Driver/stm32f7xx_hal_flash.d" -MT"Drivers/STM32F7xx_HAL_Driver/stm32f7xx_hal_flash.o" --specs=nano.specs -mfpu=fpv5-d16 -mfloat-abi=softfp -mthumb -o "Drivers/STM32F7xx_HAL_Driver/stm32f7xx_hal_flash.o"
arm-none-eabi-gcc -c "C:/ST/Firmware/STM32Cube_FW_F7_V1.15.0/Drivers/STM32F7xx_HAL_Driver/Src/stm32f7xx_hal_flash_ex.c" -mcpu=cortex-m7 -std=gnu11 -g3 '-D__weak=__attribute__((weak))' '-D__packed=__attribute__((__packed__))' -DUSE_HAL_DRIVER -DSTM32F767xx -c -I../Inc -I../../Shared -IC:/ST/Firmware/STM32AudioMiddlewares/Codecs/SpiritDSP_MP3_Dec/inc -IC:/ST/Firmware/STM32Cube_FW_F7_V1.15.0/Drivers/STM32F7xx_HAL_Driver/Inc -IC:/ST/Firmware/STM32Cube_FW_F7_V1.15.0/Drivers/STM32F7xx_HAL_Driver/Inc/Legacy -IC:/ST/Firmware/STM32Cube_FW_F7_V1.15.0/Drivers/CMSIS/Device/ST/STM32F7xx/Include -IC:/ST/Firmware/STM32Cube_FW_F7_V1.15.0/Drivers/CMSIS/Include -IC:/ST/Firmware/STM32Cube_FW_F7_V1.15.0/Drivers/STM32F7xx_HAL_Driver/Inc -IC:/ST/Firmware/STM32Cube_FW_F7_V1.15.0/Drivers/STM32F7xx_HAL_Driver/Inc/Legacy -Og -ffunction-sections -fdata-sections -Wall -fstack-usage -MMD -MP -MF"Drivers/STM32F7xx_HAL_Driver/stm32f7xx_hal_flash_ex.d" -MT"Drivers/STM32F7xx_HAL_Driver/stm32f7xx_hal_flash_ex.o" --specs=nano.specs -mfpu=fpv5-d16 -mfloat-abi=softfp -mthumb -o "Drivers/STM32F7xx_HAL_Driver/stm32f7xx_hal_flash_ex.o"
arm-none-eabi-gcc -c "C:/ST/Firmware/STM32Cube_FW_F7_V1.15.0/Drivers/STM32F7xx_HAL_Driver/Src/stm32f7xx_hal_gpio.c" -mcpu=cortex-m7 -std=gnu11 -g3 '-D__weak=__attribute__((weak))' '-D__packed=__attribute__((__packed__))' -DUSE_HAL_DRIVER -DSTM32F767xx -c -I../Inc -I../../Shared -IC:/ST/Firmware/STM32AudioMiddlewares/Codecs/SpiritDSP_MP3_Dec/inc -IC:/ST/Firmware/STM32Cube_FW_F7_V1.15.0/Drivers/STM32F7xx_HAL_Driver/Inc -IC:/ST/Firmware/STM32Cube_FW_F7_V1.15.0/Drivers/STM32F7xx_HAL_Driver/Inc/Legacy -IC:/ST/Firmware/STM32Cube_FW_F7_V1.15.0/Drivers/CMSIS/Device/ST/STM32F7xx/Include -IC:/ST/Firmware/STM32Cube_FW_F7_V1.15.0/Drivers/CMSIS/Include -IC:/ST/Firmware/STM32Cube_FW_F7_V1.15.0/Drivers/STM32F7xx_HAL_Driver/Inc -IC:/ST/Firmware/STM32Cube_FW_F7_V1.15.0/Drivers/STM32F7xx_HAL_Driver/Inc/Legacy -Og -ffunction-sections -fdata-sections -Wall -fstack-usage -MMD -MP -MF"Drivers/STM32F7xx_HAL_Driver/stm32f7xx_hal_gpio.d" -MT"Drivers/STM32F7xx_HAL_Driver/stm32f7xx_hal_gpio.o" --specs=nano.specs -mfpu=fpv5-d16 -mfloat-abi=softfp -mthumb -o "Drivers/STM32F7xx_HAL_Driver/stm32f7xx_hal_gpio.o"
arm-none-eabi-gcc -c "C:/ST/Firmware/STM32Cube_FW_F7_V1.15.0/Drivers/STM32F7xx_HAL_Driver/Src/stm32f7xx_hal_i2c.c" -mcpu=cortex-m7 -std=gnu11 -g3 '-D__weak=__attribute__((weak))' '-D__packed=__attribute__((__packed__))' -DUSE_HAL_DRIVER -DSTM32F767xx -c -I../Inc -I../../Shared -IC:/ST/Firmware/STM32AudioMiddlewares/Codecs/SpiritDSP_MP3_Dec/inc -IC:/ST/Firmware/STM32Cube_FW_F7_V1.15.0/Drivers/STM32F7xx_HAL_Driver/Inc -IC:/ST/Firmware/STM32Cube_FW_F7_V1.15.0/Drivers/STM32F7xx_HAL_Driver/Inc/Legacy -IC:/ST/Firmware/STM32Cube_FW_F7_V1.15.0/Drivers/CMSIS/Device/ST/STM32F7xx/Include -IC:/ST/Firmware/STM32Cube_FW_F7_V1.15.0/Drivers/CMSIS/Include -IC:/ST/Firmware/STM32Cube_FW_F7_V1.15.0/Drivers/STM32F7xx_HAL_Driver/Inc -IC:/ST/Firmware/STM32Cube_FW_F7_V1.15.0/Drivers/STM32F7xx_HAL_Driver/Inc/Legacy -Og -ffunction-sections -fdata-sections -Wall -fstack-usage -MMD -MP -MF"Drivers/STM32F7xx_HAL_Driver/stm32f7xx_hal_i2c.d" -MT"Drivers/STM32F7xx_HAL_Driver/stm32f7xx_hal_i2c.o" --specs=nano.specs -mfpu=fpv5-d16 -mfloat-abi=softfp -mthumb -o "Drivers/STM32F7xx_HAL_Driver/stm32f7xx_hal_i2c.o"
arm-none-eabi-gcc -c "C:/ST/Firmware/STM32Cube_FW_F7_V1.15.0/Drivers/STM32F7xx_HAL_Driver/Src/stm32f7xx_hal_i2c_ex.c" -mcpu=cortex-m7 -std=gnu11 -g3 '-D__weak=__attribute__((weak))' '-D__packed=__attribute__((__packed__))' -DUSE_HAL_DRIVER -DSTM32F767xx -c -I../Inc -I../../Shared -IC:/ST/Firmware/STM32AudioMiddlewares/Codecs/SpiritDSP_MP3_Dec/inc -IC:/ST/Firmware/STM32Cube_FW_F7_V1.15.0/Drivers/STM32F7xx_HAL_Driver/Inc -IC:/ST/Firmware/STM32Cube_FW_F7_V1.15.0/Drivers/STM32F7xx_HAL_Driver/Inc/Legacy -IC:/ST/Firmware/STM32Cube_FW_F7_V1.15.0/Drivers/CMSIS/Device/ST/STM32F7xx/Include -IC:/ST/Firmware/STM32Cube_FW_F7_V1.15.0/Drivers/CMSIS/Include -IC:/ST/Firmware/STM32Cube_FW_F7_V1.15.0/Drivers/STM32F7xx_HAL_Driver/Inc -IC:/ST/Firmware/STM32Cube_FW_F7_V1.15.0/Drivers/STM32F7xx_HAL_Driver/Inc/Legacy -Og -ffunction-sections -fdata-sections -Wall -fstack-usage -MMD -MP -MF"Drivers/STM32F7xx_HAL_Driver/stm32f7xx_hal_i2c_ex.d" -MT"Drivers/STM32F7xx_HAL_Driver/stm32f7xx_hal_i2c_ex.o" --specs=nano.specs -mfpu=fpv5-d16 -mfloat-abi=softfp -mthumb -o "Drivers/STM32F7xx_HAL_Driver/stm32f7xx_hal_i2c_ex.o"
arm-none-eabi-gcc -c "C:/ST/Firmware/STM32Cube_FW_F7_V1.15.0/Drivers/STM32F7xx_HAL_Driver/Src/stm32f7xx_hal_pwr.c" -mcpu=cortex-m7 -std=gnu11 -g3 '-D__weak=__attribute__((weak))' '-D__packed=__attribute__((__packed__))' -DUSE_HAL_DRIVER -DSTM32F767xx -c -I../Inc -I../../Shared -IC:/ST/Firmware/STM32AudioMiddlewares/Codecs/SpiritDSP_MP3_Dec/inc -IC:/ST/Firmware/STM32Cube_FW_F7_V1.15.0/Drivers/STM32F7xx_HAL_Driver/Inc -IC:/ST/Firmware/STM32Cube_FW_F7_V1.15.0/Drivers/STM32F7xx_HAL_Driver/Inc/Legacy -IC:/ST/Firmware/STM32Cube_FW_F7_V1.15.0/Drivers/CMSIS/Device/ST/STM32F7xx/Include -IC:/ST/Firmware/STM32Cube_FW_F7_V1.15.0/Drivers/CMSIS/Include -IC:/ST/Firmware/STM32Cube_FW_F7_V1.15.0/Drivers/STM32F7xx_HAL_Driver/Inc -IC:/ST/Firmware/STM32Cube_FW_F7_V1.15.0/Drivers/STM32F7xx_HAL_Driver/Inc/Legacy -Og -ffunction-sections -fdata-sections -Wall -fstack-usage -MMD -MP -MF"Drivers/STM32F7xx_HAL_Driver/stm32f7xx_hal_pwr.d" -MT"Drivers/STM32F7xx_HAL_Driver/stm32f7xx_hal_pwr.o" --specs=nano.specs -mfpu=fpv5-d16 -mfloat-abi=softfp -mthumb -o "Drivers/STM32F7xx_HAL_Driver/stm32f7xx_hal_pwr.o"
arm-none-eabi-gcc -c "C:/ST/Firmware/STM32Cube_FW_F7_V1.15.0/Drivers/STM32F7xx_HAL_Driver/Src/stm32f7xx_hal_pwr_ex.c" -mcpu=cortex-m7 -std=gnu11 -g3 '-D__weak=__attribute__((weak))' '-D__packed=__attribute__((__packed__))' -DUSE_HAL_DRIVER -DSTM32F767xx -c -I../Inc -I../../Shared -IC:/ST/Firmware/STM32AudioMiddlewares/Codecs/SpiritDSP_MP3_Dec/inc -IC:/ST/Firmware/STM32Cube_FW_F7_V1.15.0/Drivers/STM32F7xx_HAL_Driver/Inc -IC:/ST/Firmware/STM32Cube_FW_F7_V1.15.0/Drivers/STM32F7xx_HAL_Driver/Inc/Legacy -IC:/ST/Firmware/STM32Cube_FW_F7_V1.15.0/Drivers/CMSIS/Device/ST/STM32F7xx/Include -IC:/ST/Firmware/STM32Cube_FW_F7_V1.15.0/Drivers/CMSIS/Include -IC:/ST/Firmware/STM32Cube_FW_F7_V1.15.0/Drivers/STM32F7xx_HAL_Driver/Inc -IC:/ST/Firmware/STM32Cube_FW_F7_V1.15.0/Drivers/STM32F7xx_HAL_Driver/Inc/Legacy -Og -ffunction-sections -fdata-sections -Wall -fstack-usage -MMD -MP -MF"Drivers/STM32F7xx_HAL_Driver/stm32f7xx_hal_pwr_ex.d" -MT"Drivers/STM32F7xx_HAL_Driver/stm32f7xx_hal_pwr_ex.o" --specs=nano.specs -mfpu=fpv5-d16 -mfloat-abi=softfp -mthumb -o "Drivers/STM32F7xx_HAL_Driver/stm32f7xx_hal_pwr_ex.o"
arm-none-eabi-gcc -c "C:/ST/Firmware/STM32Cube_FW_F7_V1.15.0/Drivers/STM32F7xx_HAL_Driver/Src/stm32f7xx_hal_rcc.c" -mcpu=cortex-m7 -std=gnu11 -g3 '-D__weak=__attribute__((weak))' '-D__packed=__attribute__((__packed__))' -DUSE_HAL_DRIVER -DSTM32F767xx -c -I../Inc -I../../Shared -IC:/ST/Firmware/STM32AudioMiddlewares/Codecs/SpiritDSP_MP3_Dec/inc -IC:/ST/Firmware/STM32Cube_FW_F7_V1.15.0/Drivers/STM32F7xx_HAL_Driver/Inc -IC:/ST/Firmware/STM32Cube_FW_F7_V1.15.0/Drivers/STM32F7xx_HAL_Driver/Inc/Legacy -IC:/ST/Firmware/STM32Cube_FW_F7_V1.15.0/Drivers/CMSIS/Device/ST/STM32F7xx/Include -IC:/ST/Firmware/STM32Cube_FW_F7_V1.15.0/Drivers/CMSIS/Include -IC:/ST/Firmware/STM32Cube_FW_F7_V1.15.0/Drivers/STM32F7xx_HAL_Driver/Inc -IC:/ST/Firmware/STM32Cube_FW_F7_V1.15.0/Drivers/STM32F7xx_HAL_Driver/Inc/Legacy -Og -ffunction-sections -fdata-sections -Wall -fstack-usage -MMD -MP -MF"Drivers/STM32F7xx_HAL_Driver/stm32f7xx_hal_rcc.d" -MT"Drivers/STM32F7xx_HAL_Driver/stm32f7xx_hal_rcc.o" --specs=nano.specs -mfpu=fpv5-d16 -mfloat-abi=softfp -mthumb -o "Drivers/STM32F7xx_HAL_Driver/stm32f7xx_hal_rcc.o"
arm-none-eabi-gcc -c "C:/ST/Firmware/STM32Cube_FW_F7_V1.15.0/Drivers/STM32F7xx_HAL_Driver/Src/stm32f7xx_hal_rcc_ex.c" -mcpu=cortex-m7 -std=gnu11 -g3 '-D__weak=__attribute__((weak))' '-D__packed=__attribute__((__packed__))' -DUSE_HAL_DRIVER -DSTM32F767xx -c -I../Inc -I../../Shared -IC:/ST/Firmware/STM32AudioMiddlewares/Codecs/SpiritDSP_MP3_Dec/inc -IC:/ST/Firmware/STM32Cube_FW_F7_V1.15.0/Drivers/STM32F7xx_HAL_Driver/Inc -IC:/ST/Firmware/STM32Cube_FW_F7_V1.15.0/Drivers/STM32F7xx_HAL_Driver/Inc/Legacy -IC:/ST/Firmware/STM32Cube_FW_F7_V1.15.0/Drivers/CMSIS/Device/ST/STM32F7xx/Include -IC:/ST/Firmware/STM32Cube_FW_F7_V1.15.0/Drivers/CMSIS/Include -IC:/ST/Firmware/STM32Cube_FW_F7_V1.15.0/Drivers/STM32F7xx_HAL_Driver/Inc -IC:/ST/Firmware/STM32Cube_FW_F7_V1.15.0/Drivers/STM32F7xx_HAL_Driver/Inc/Legacy -Og -ffunction-sections -fdata-sections -Wall -fstack-usage -MMD -MP -MF"Drivers/STM32F7xx_HAL_Driver/stm32f7xx_hal_rcc_ex.d" -MT"Drivers/STM32F7xx_HAL_Driver/stm32f7xx_hal_rcc_ex.o" --specs=nano.specs -mfpu=fpv5-d16 -mfloat-abi=softfp -mthumb -o "Drivers/STM32F7xx_HAL_Driver/stm32f7xx_hal_rcc_ex.o"
arm-none-eabi-gcc -c "C:/ST/Firmware/STM32Cube_FW_F7_V1.15.0/Drivers/STM32F7xx_HAL_Driver/Src/stm32f7xx_hal_sai.c" -mcpu=cortex-m7 -std=gnu11 -g3 '-D__weak=__attribute__((weak))' '-D__packed=__attribute__((__packed__))' -DUSE_HAL_DRIVER -DSTM32F767xx -c -I../Inc -I../../Shared -IC:/ST/Firmware/STM32AudioMiddlewares/Codecs/SpiritDSP_MP3_Dec/inc -IC:/ST/Firmware/STM32Cube_FW_F7_V1.15.0/Drivers/STM32F7xx_HAL_Driver/Inc -IC:/ST/Firmware/STM32Cube_FW_F7_V1.15.0/Drivers/STM32F7xx_HAL_Driver/Inc/Legacy -IC:/ST/Firmware/STM32Cube_FW_F7_V1.15.0/Drivers/CMSIS/Device/ST/STM32F7xx/Include -IC:/ST/Firmware/STM32Cube_FW_F7_V1.15.0/Drivers/CMSIS/Include -IC:/ST/Firmware/STM32Cube_FW_F7_V1.15.0/Drivers/STM32F7xx_HAL_Driver/Inc -IC:/ST/Firmware/STM32Cube_FW_F7_V1.15.0/Drivers/STM32F7xx_HAL_Driver/Inc/Legacy -Og -ffunction-sections -fdata-sections -Wall -fstack-usage -MMD -MP -MF"Drivers/STM32F7xx_HAL_Driver/stm32f7xx_hal_sai.d" -MT"Drivers/STM32F7xx_HAL_Driver/stm32f7xx_hal_sai.o" --specs=nano.specs -mfpu=fpv5-d16 -mfloat-abi=softfp -mthumb -o "Drivers/STM32F7xx_HAL_Driver/stm32f7xx_hal_sai.o"
arm-none-eabi-gcc -c "C:/ST/Firmware/STM32Cube_FW_F7_V1.15.0/Drivers/STM32F7xx_HAL_Driver/Src/stm32f7xx_hal_sai_ex.c" -mcpu=cortex-m7 -std=gnu11 -g3 '-D__weak=__attribute__((weak))' '-D__packed=__attribute__((__packed__))' -DUSE_HAL_DRIVER -DSTM32F767xx -c -I../Inc -I../../Shared -IC:/ST/Firmware/STM32AudioMiddlewares/Codecs/SpiritDSP_MP3_Dec/inc -IC:/ST/Firmware/STM32Cube_FW_F7_V1.15.0/Drivers/STM32F7xx_HAL_Driver/Inc -IC:/ST/Firmware/STM32Cube_FW_F7_V1.15.0/Drivers/STM32F7xx_HAL_Driver/Inc/Legacy -IC:/ST/Firmware/STM32Cube_FW_F7_V1.15.0/Drivers/CMSIS/Device/ST/STM32F7xx/Include -IC:/ST/Firmware/STM32Cube_FW_F7_V1.15.0/Drivers/CMSIS/Include -IC:/ST/Firmware/STM32Cube_FW_F7_V1.15.0/Drivers/STM32F7xx_HAL_Driver/Inc -IC:/ST/Firmware/STM32Cube_FW_F7_V1.15.0/Drivers/STM32F7xx_HAL_Driver/Inc/Legacy -Og -ffunction-sections -fdata-sections -Wall -fstack-usage -MMD -MP -MF"Drivers/STM32F7xx_HAL_Driver/stm32f7xx_hal_sai_ex.d" -MT"Drivers/STM32F7xx_HAL_Driver/stm32f7xx_hal_sai_ex.o" --specs=nano.specs -mfpu=fpv5-d16 -mfloat-abi=softfp -mthumb -o "Drivers/STM32F7xx_HAL_Driver/stm32f7xx_hal_sai_ex.o"
arm-none-eabi-gcc -c "C:/ST/Firmware/STM32Cube_FW_F7_V1.15.0/Drivers/STM32F7xx_HAL_Driver/Src/stm32f7xx_hal_spi.c" -mcpu=cortex-m7 -std=gnu11 -g3 '-D__weak=__attribute__((weak))' '-D__packed=__attribute__((__packed__))' -DUSE_HAL_DRIVER -DSTM32F767xx -c -I../Inc -I../../Shared -IC:/ST/Firmware/STM32AudioMiddlewares/Codecs/SpiritDSP_MP3_Dec/inc -IC:/ST/Firmware/STM32Cube_FW_F7_V1.15.0/Drivers/STM32F7xx_HAL_Driver/Inc -IC:/ST/Firmware/STM32Cube_FW_F7_V1.15.0/Drivers/STM32F7xx_HAL_Driver/Inc/Legacy -IC:/ST/Firmware/STM32Cube_FW_F7_V1.15.0/Drivers/CMSIS/Device/ST/STM32F7xx/Include -IC:/ST/Firmware/STM32Cube_FW_F7_V1.15.0/Drivers/CMSIS/Include -IC:/ST/Firmware/STM32Cube_FW_F7_V1.15.0/Drivers/STM32F7xx_HAL_Driver/Inc -IC:/ST/Firmware/STM32Cube_FW_F7_V1.15.0/Drivers/STM32F7xx_HAL_Driver/Inc/Legacy -Og -ffunction-sections -fdata-sections -Wall -fstack-usage -MMD -MP -MF"Drivers/STM32F7xx_HAL_Driver/stm32f7xx_hal_spi.d" -MT"Drivers/STM32F7xx_HAL_Driver/stm32f7xx_hal_spi.o" --specs=nano.specs -mfpu=fpv5-d16 -mfloat-abi=softfp -mthumb -o "Drivers/STM32F7xx_HAL_Driver/stm32f7xx_hal_spi.o"
arm-none-eabi-gcc -c "C:/ST/Firmware/STM32Cube_FW_F7_V1.15.0/Drivers/STM32F7xx_HAL_Driver/Src/stm32f7xx_hal_spi_ex.c" -mcpu=cortex-m7 -std=gnu11 -g3 '-D__weak=__attribute__((weak))' '-D__packed=__attribute__((__packed__))' -DUSE_HAL_DRIVER -DSTM32F767xx -c -I../Inc -I../../Shared -IC:/ST/Firmware/STM32AudioMiddlewares/Codecs/SpiritDSP_MP3_Dec/inc -IC:/ST/Firmware/STM32Cube_FW_F7_V1.15.0/Drivers/STM32F7xx_HAL_Driver/Inc -IC:/ST/Firmware/STM32Cube_FW_F7_V1.15.0/Drivers/STM32F7xx_HAL_Driver/Inc/Legacy -IC:/ST/Firmware/STM32Cube_FW_F7_V1.15.0/Drivers/CMSIS/Device/ST/STM32F7xx/Include -IC:/ST/Firmware/STM32Cube_FW_F7_V1.15.0/Drivers/CMSIS/Include -IC:/ST/Firmware/STM32Cube_FW_F7_V1.15.0/Drivers/STM32F7xx_HAL_Driver/Inc -IC:/ST/Firmware/STM32Cube_FW_F7_V1.15.0/Drivers/STM32F7xx_HAL_Driver/Inc/Legacy -Og -ffunction-sections -fdata-sections -Wall -fstack-usage -MMD -MP -MF"Drivers/STM32F7xx_HAL_Driver/stm32f7xx_hal_spi_ex.d" -MT"Drivers/STM32F7xx_HAL_Driver/stm32f7xx_hal_spi_ex.o" --specs=nano.specs -mfpu=fpv5-d16 -mfloat-abi=softfp -mthumb -o "Drivers/STM32F7xx_HAL_Driver/stm32f7xx_hal_spi_ex.o"
arm-none-eabi-gcc -c "C:/ST/Firmware/STM32Cube_FW_F7_V1.15.0/Drivers/STM32F7xx_HAL_Driver/Src/stm32f7xx_hal_tim.c" -mcpu=cortex-m7 -std=gnu11 -g3 '-D__weak=__attribute__((weak))' '-D__packed=__attribute__((__packed__))' -DUSE_HAL_DRIVER -DSTM32F767xx -c -I../Inc -I../../Shared -IC:/ST/Firmware/STM32AudioMiddlewares/Codecs/SpiritDSP_MP3_Dec/inc -IC:/ST/Firmware/STM32Cube_FW_F7_V1.15.0/Drivers/STM32F7xx_HAL_Driver/Inc -IC:/ST/Firmware/STM32Cube_FW_F7_V1.15.0/Drivers/STM32F7xx_HAL_Driver/Inc/Legacy -IC:/ST/Firmware/STM32Cube_FW_F7_V1.15.0/Drivers/CMSIS/Device/ST/STM32F7xx/Include -IC:/ST/Firmware/STM32Cube_FW_F7_V1.15.0/Drivers/CMSIS/Include -IC:/ST/Firmware/STM32Cube_FW_F7_V1.15.0/Drivers/STM32F7xx_HAL_Driver/Inc -IC:/ST/Firmware/STM32Cube_FW_F7_V1.15.0/Drivers/STM32F7xx_HAL_Driver/Inc/Legacy -Og -ffunction-sections -fdata-sections -Wall -fstack-usage -MMD -MP -MF"Drivers/STM32F7xx_HAL_Driver/stm32f7xx_hal_tim.d" -MT"Drivers/STM32F7xx_HAL_Driver/stm32f7xx_hal_tim.o" --specs=nano.specs -mfpu=fpv5-d16 -mfloat-abi=softfp -mthumb -o "Drivers/STM32F7xx_HAL_Driver/stm32f7xx_hal_tim.o"
arm-none-eabi-gcc -c "C:/ST/Firmware/STM32Cube_FW_F7_V1.15.0/Drivers/STM32F7xx_HAL_Driver/Src/stm32f7xx_hal_tim_ex.c" -mcpu=cortex-m7 -std=gnu11 -g3 '-D__weak=__attribute__((weak))' '-D__packed=__attribute__((__packed__))' -DUSE_HAL_DRIVER -DSTM32F767xx -c -I../Inc -I../../Shared -IC:/ST/Firmware/STM32AudioMiddlewares/Codecs/SpiritDSP_MP3_Dec/inc -IC:/ST/Firmware/STM32Cube_FW_F7_V1.15.0/Drivers/STM32F7xx_HAL_Driver/Inc -IC:/ST/Firmware/STM32Cube_FW_F7_V1.15.0/Drivers/STM32F7xx_HAL_Driver/Inc/Legacy -IC:/ST/Firmware/STM32Cube_FW_F7_V1.15.0/Drivers/CMSIS/Device/ST/STM32F7xx/Include -IC:/ST/Firmware/STM32Cube_FW_F7_V1.15.0/Drivers/CMSIS/Include -IC:/ST/Firmware/STM32Cube_FW_F7_V1.15.0/Drivers/STM32F7xx_HAL_Driver/Inc -IC:/ST/Firmware/STM32Cube_FW_F7_V1.15.0/Drivers/STM32F7xx_HAL_Driver/Inc/Legacy -Og -ffunction-sections -fdata-sections -Wall -fstack-usage -MMD -MP -MF"Drivers/STM32F7xx_HAL_Driver/stm32f7xx_hal_tim_ex.d" -MT"Drivers/STM32F7xx_HAL_Driver/stm32f7xx_hal_tim_ex.o" --specs=nano.specs -mfpu=fpv5-d16 -mfloat-abi=softfp -mthumb -o "Drivers/STM32F7xx_HAL_Driver/stm32f7xx_hal_tim_ex.o"
arm-none-eabi-gcc -o "14_MP3+DAC.elf" @"objects.list"  -l_mp3decoder_cortex_m7_v2.2.0 -mcpu=cortex-m7 -T"../STM32F767VI_FLASH.ld" --specs=nosys.specs -Wl,-Map="14_MP3+DAC.map" -Wl,--gc-sections -static -L"C:\JSB\Cloud\Family\03 John and Anne children\00 Philip\03 Surrey University\01 Uni 2nd year\Uber audio system\Firmware\STM32\14_MP3+DAC" --specs=nano.specs -mfpu=fpv5-d16 -mfloat-abi=softfp -mthumb -u _printf_float -Wl,--start-group -lc -lm -Wl,--end-group
c:\st\stm32cubeide\plugins\com.st.stm32cube.ide.mcu.externaltools.gnu-tools-for-stm32.10.3-2021.10.win32_1.0.0.202111181127\tools\arm-none-eabi\bin\ld.exe: warning: C:\JSB\Cloud\Family\03 John and Anne children\00 Philip\03 Surrey University\01 Uni 2nd year\Uber audio system\Firmware\STM32\14_MP3+DAC\lib_mp3decoder_cortex_m7_v2.2.0.a(mp3d_htab_armv4.o) uses 2-byte wchar_t yet the output is to use 4-byte wchar_t; use of wchar_t values across objects may fail
Finished building target: 14_MP3+DAC.elf
 
arm-none-eabi-size   14_MP3+DAC.elf 
arm-none-eabi-objdump -h -S  14_MP3+DAC.elf  > "14_MP3+DAC.list"
   text	   data	    bss	    dec	    hex	filename
  54772	    488	 321776	 377036	  5c0cc	14_MP3+DAC.elf
Finished building: default.size.stdout
 
Finished building: 14_MP3+DAC.list
 
arm-none-eabi-objcopy.exe -O ihex "14_MP3+DAC.elf" "14_MP3+DAC.hex"
 

13:33:18 Build Finished. 0 errors, 1 warnings. (took 11s.749ms)

