11:58:36 **** Clean-only build of configuration Debug for project 11_LivingRoomHiFi ****
make -j32 clean 
rm -rf ./startup/startup_stm32f767xx.d ./startup/startup_stm32f767xx.o
rm -rf ./Src/AR1010.cyclo ./Src/AR1010.d ./Src/AR1010.o ./Src/AR1010.su ./Src/JSB_General.cyclo ./Src/JSB_General.d ./Src/JSB_General.o ./Src/JSB_General.su ./Src/JSB_ILI9341.cyclo ./Src/JSB_ILI9341.d ./Src/JSB_ILI9341.o ./Src/JSB_ILI9341.su ./Src/JSB_IR_RC5.cyclo ./Src/JSB_IR_RC5.d ./Src/JSB_IR_RC5.o ./Src/JSB_IR_RC5.su ./Src/JSB_SPDIFRX.cyclo ./Src/JSB_SPDIFRX.d ./Src/JSB_SPDIFRX.o ./Src/JSB_SPDIFRX.su ./Src/JSB_UI_Elements.cyclo ./Src/JSB_UI_Elements.d ./Src/JSB_UI_Elements.o ./Src/JSB_UI_Elements.su ./Src/JSB_XPT2046.cyclo ./Src/JSB_XPT2046.d ./Src/JSB_XPT2046.o ./Src/JSB_XPT2046.su ./Src/PJB_SST25V.cyclo ./Src/PJB_SST25V.d ./Src/PJB_SST25V.o ./Src/PJB_SST25V.su ./Src/PJB_STM32_ESP32_FM_DAB_ADC_DAC_PA.cyclo ./Src/PJB_STM32_ESP32_FM_DAB_ADC_DAC_PA.d ./Src/PJB_STM32_ESP32_FM_DAB_ADC_DAC_PA.o ./Src/PJB_STM32_ESP32_FM_DAB_ADC_DAC_PA.su ./Src/PJB_StreamUtils.cyclo ./Src/PJB_StreamUtils.d ./Src/PJB_StreamUtils.o ./Src/PJB_StreamUtils.su ./Src/Si468x.cyclo ./Src/Si468x.d ./Src/Si468x.o ./Src/Si468x.su ./Src/Si468x_DAB.cyclo ./Src/Si468x_DAB.d ./Src/Si468x_DAB.o ./Src/Si468x_DAB.su ./Src/Si468x_FM.cyclo ./Src/Si468x_FM.d ./Src/Si468x_FM.o ./Src/Si468x_FM.su ./Src/dma.cyclo ./Src/dma.d ./Src/dma.o ./Src/dma.su ./Src/freertos.cyclo ./Src/freertos.d ./Src/freertos.o ./Src/freertos.su ./Src/go.cyclo ./Src/go.d ./Src/go.o ./Src/go.su ./Src/gpio.cyclo ./Src/gpio.d ./Src/gpio.o ./Src/gpio.su ./Src/i2c.cyclo ./Src/i2c.d ./Src/i2c.o ./Src/i2c.su ./Src/main.cyclo ./Src/main.d ./Src/main.o ./Src/main.su ./Src/sai.cyclo ./Src/sai.d ./Src/sai.o ./Src/sai.su ./Src/spdifrx.cyclo ./Src/spdifrx.d ./Src/spdifrx.o ./Src/spdifrx.su ./Src/spi.cyclo ./Src/spi.d ./Src/spi.o ./Src/spi.su ./Src/stm32f7xx_hal_msp.cyclo ./Src/stm32f7xx_hal_msp.d ./Src/stm32f7xx_hal_msp.o ./Src/stm32f7xx_hal_msp.su ./Src/stm32f7xx_hal_timebase_tim.cyclo ./Src/stm32f7xx_hal_timebase_tim.d ./Src/stm32f7xx_hal_timebase_tim.o ./Src/stm32f7xx_hal_timebase_tim.su ./Src/stm32f7xx_it.cyclo ./Src/stm32f7xx_it.d ./Src/stm32f7xx_it.o ./Src/stm32f7xx_it.su ./Src/syscalls.cyclo ./Src/syscalls.d ./Src/syscalls.o ./Src/syscalls.su ./Src/system_stm32f7xx.cyclo ./Src/system_stm32f7xx.d ./Src/system_stm32f7xx.o ./Src/system_stm32f7xx.su ./Src/tim.cyclo ./Src/tim.d ./Src/tim.o ./Src/tim.su ./Src/usart.cyclo ./Src/usart.d ./Src/usart.o ./Src/usart.su
rm -rf ./Middlewares/FreeRTOS/cmsis_os.cyclo ./Middlewares/FreeRTOS/cmsis_os.d ./Middlewares/FreeRTOS/cmsis_os.o ./Middlewares/FreeRTOS/cmsis_os.su ./Middlewares/FreeRTOS/croutine.cyclo ./Middlewares/FreeRTOS/croutine.d ./Middlewares/FreeRTOS/croutine.o ./Middlewares/FreeRTOS/croutine.su ./Middlewares/FreeRTOS/event_groups.cyclo ./Middlewares/FreeRTOS/event_groups.d ./Middlewares/FreeRTOS/event_groups.o ./Middlewares/FreeRTOS/event_groups.su ./Middlewares/FreeRTOS/heap_4.cyclo ./Middlewares/FreeRTOS/heap_4.d ./Middlewares/FreeRTOS/heap_4.o ./Middlewares/FreeRTOS/heap_4.su ./Middlewares/FreeRTOS/list.cyclo ./Middlewares/FreeRTOS/list.d ./Middlewares/FreeRTOS/list.o ./Middlewares/FreeRTOS/list.su ./Middlewares/FreeRTOS/port.cyclo ./Middlewares/FreeRTOS/port.d ./Middlewares/FreeRTOS/port.o ./Middlewares/FreeRTOS/port.su ./Middlewares/FreeRTOS/queue.cyclo ./Middlewares/FreeRTOS/queue.d ./Middlewares/FreeRTOS/queue.o ./Middlewares/FreeRTOS/queue.su ./Middlewares/FreeRTOS/stream_buffer.cyclo ./Middlewares/FreeRTOS/stream_buffer.d ./Middlewares/FreeRTOS/stream_buffer.o ./Middlewares/FreeRTOS/stream_buffer.su ./Middlewares/FreeRTOS/tasks.cyclo ./Middlewares/FreeRTOS/tasks.d ./Middlewares/FreeRTOS/tasks.o ./Middlewares/FreeRTOS/tasks.su ./Middlewares/FreeRTOS/timers.cyclo ./Middlewares/FreeRTOS/timers.d ./Middlewares/FreeRTOS/timers.o ./Middlewares/FreeRTOS/timers.su
rm -rf ./Drivers/STM32F7xx_HAL_Driver/stm32f7xx_hal.cyclo ./Drivers/STM32F7xx_HAL_Driver/stm32f7xx_hal.d ./Drivers/STM32F7xx_HAL_Driver/stm32f7xx_hal.o ./Drivers/STM32F7xx_HAL_Driver/stm32f7xx_hal.su ./Drivers/STM32F7xx_HAL_Driver/stm32f7xx_hal_cortex.cyclo ./Drivers/STM32F7xx_HAL_Driver/stm32f7xx_hal_cortex.d ./Drivers/STM32F7xx_HAL_Driver/stm32f7xx_hal_cortex.o ./Drivers/STM32F7xx_HAL_Driver/stm32f7xx_hal_cortex.su ./Drivers/STM32F7xx_HAL_Driver/stm32f7xx_hal_dma.cyclo ./Drivers/STM32F7xx_HAL_Driver/stm32f7xx_hal_dma.d ./Drivers/STM32F7xx_HAL_Driver/stm32f7xx_hal_dma.o ./Drivers/STM32F7xx_HAL_Driver/stm32f7xx_hal_dma.su ./Drivers/STM32F7xx_HAL_Driver/stm32f7xx_hal_dma_ex.cyclo ./Drivers/STM32F7xx_HAL_Driver/stm32f7xx_hal_dma_ex.d ./Drivers/STM32F7xx_HAL_Driver/stm32f7xx_hal_dma_ex.o ./Drivers/STM32F7xx_HAL_Driver/stm32f7xx_hal_dma_ex.su ./Drivers/STM32F7xx_HAL_Driver/stm32f7xx_hal_exti.cyclo ./Drivers/STM32F7xx_HAL_Driver/stm32f7xx_hal_exti.d ./Drivers/STM32F7xx_HAL_Driver/stm32f7xx_hal_exti.o ./Drivers/STM32F7xx_HAL_Driver/stm32f7xx_hal_exti.su ./Drivers/STM32F7xx_HAL_Driver/stm32f7xx_hal_flash.cyclo ./Drivers/STM32F7xx_HAL_Driver/stm32f7xx_hal_flash.d ./Drivers/STM32F7xx_HAL_Driver/stm32f7xx_hal_flash.o ./Drivers/STM32F7xx_HAL_Driver/stm32f7xx_hal_flash.su ./Drivers/STM32F7xx_HAL_Driver/stm32f7xx_hal_flash_ex.cyclo ./Drivers/STM32F7xx_HAL_Driver/stm32f7xx_hal_flash_ex.d ./Drivers/STM32F7xx_HAL_Driver/stm32f7xx_hal_flash_ex.o ./Drivers/STM32F7xx_HAL_Driver/stm32f7xx_hal_flash_ex.su ./Drivers/STM32F7xx_HAL_Driver/stm32f7xx_hal_gpio.cyclo ./Drivers/STM32F7xx_HAL_Driver/stm32f7xx_hal_gpio.d ./Drivers/STM32F7xx_HAL_Driver/stm32f7xx_hal_gpio.o ./Drivers/STM32F7xx_HAL_Driver/stm32f7xx_hal_gpio.su ./Drivers/STM32F7xx_HAL_Driver/stm32f7xx_hal_i2c.cyclo ./Drivers/STM32F7xx_HAL_Driver/stm32f7xx_hal_i2c.d ./Drivers/STM32F7xx_HAL_Driver/stm32f7xx_hal_i2c.o ./Drivers/STM32F7xx_HAL_Driver/stm32f7xx_hal_i2c.su ./Drivers/STM32F7xx_HAL_Driver/stm32f7xx_hal_i2c_ex.cyclo ./Drivers/STM32F7xx_HAL_Driver/stm32f7xx_hal_i2c_ex.d ./Drivers/STM32F7xx_HAL_Driver/stm32f7xx_hal_i2c_ex.o ./Drivers/STM32F7xx_HAL_Driver/stm32f7xx_hal_i2c_ex.su ./Drivers/STM32F7xx_HAL_Driver/stm32f7xx_hal_pwr.cyclo ./Drivers/STM32F7xx_HAL_Driver/stm32f7xx_hal_pwr.d ./Drivers/STM32F7xx_HAL_Driver/stm32f7xx_hal_pwr.o ./Drivers/STM32F7xx_HAL_Driver/stm32f7xx_hal_pwr.su ./Drivers/STM32F7xx_HAL_Driver/stm32f7xx_hal_pwr_ex.cyclo ./Drivers/STM32F7xx_HAL_Driver/stm32f7xx_hal_pwr_ex.d ./Drivers/STM32F7xx_HAL_Driver/stm32f7xx_hal_pwr_ex.o ./Drivers/STM32F7xx_HAL_Driver/stm32f7xx_hal_pwr_ex.su ./Drivers/STM32F7xx_HAL_Driver/stm32f7xx_hal_rcc.cyclo ./Drivers/STM32F7xx_HAL_Driver/stm32f7xx_hal_rcc.d ./Drivers/STM32F7xx_HAL_Driver/stm32f7xx_hal_rcc.o ./Drivers/STM32F7xx_HAL_Driver/stm32f7xx_hal_rcc.su ./Drivers/STM32F7xx_HAL_Driver/stm32f7xx_hal_rcc_ex.cyclo ./Drivers/STM32F7xx_HAL_Driver/stm32f7xx_hal_rcc_ex.d ./Drivers/STM32F7xx_HAL_Driver/stm32f7xx_hal_rcc_ex.o ./Drivers/STM32F7xx_HAL_Driver/stm32f7xx_hal_rcc_ex.su ./Drivers/STM32F7xx_HAL_Driver/stm32f7xx_hal_sai.cyclo ./Drivers/STM32F7xx_HAL_Driver/stm32f7xx_hal_sai.d ./Drivers/STM32F7xx_HAL_Driver/stm32f7xx_hal_sai.o ./Drivers/STM32F7xx_HAL_Driver/stm32f7xx_hal_sai.su ./Drivers/STM32F7xx_HAL_Driver/stm32f7xx_hal_sai_ex.cyclo ./Drivers/STM32F7xx_HAL_Driver/stm32f7xx_hal_sai_ex.d ./Drivers/STM32F7xx_HAL_Driver/stm32f7xx_hal_sai_ex.o ./Drivers/STM32F7xx_HAL_Driver/stm32f7xx_hal_sai_ex.su ./Drivers/STM32F7xx_HAL_Driver/stm32f7xx_hal_spdifrx.cyclo ./Drivers/STM32F7xx_HAL_Driver/stm32f7xx_hal_spdifrx.d ./Drivers/STM32F7xx_HAL_Driver/stm32f7xx_hal_spdifrx.o ./Drivers/STM32F7xx_HAL_Driver/stm32f7xx_hal_spdifrx.su ./Drivers/STM32F7xx_HAL_Driver/stm32f7xx_hal_spi.cyclo ./Drivers/STM32F7xx_HAL_Driver/stm32f7xx_hal_spi.d ./Drivers/STM32F7xx_HAL_Driver/stm32f7xx_hal_spi.o ./Drivers/STM32F7xx_HAL_Driver/stm32f7xx_hal_spi.su ./Drivers/STM32F7xx_HAL_Driver/stm32f7xx_hal_spi_ex.cyclo ./Drivers/STM32F7xx_HAL_Driver/stm32f7xx_hal_spi_ex.d ./Drivers/STM32F7xx_HAL_Driver/stm32f7xx_hal_spi_ex.o ./Drivers/STM32F7xx_HAL_Driver/stm32f7xx_hal_spi_ex.su ./Drivers/STM32F7xx_HAL_Driver/stm32f7xx_hal_tim.cyclo ./Drivers/STM32F7xx_HAL_Driver/stm32f7xx_hal_tim.d ./Drivers/STM32F7xx_HAL_Driver/stm32f7xx_hal_tim.o ./Drivers/STM32F7xx_HAL_Driver/stm32f7xx_hal_tim.su ./Drivers/STM32F7xx_HAL_Driver/stm32f7xx_hal_tim_ex.cyclo ./Drivers/STM32F7xx_HAL_Driver/stm32f7xx_hal_tim_ex.d ./Drivers/STM32F7xx_HAL_Driver/stm32f7xx_hal_tim_ex.o ./Drivers/STM32F7xx_HAL_Driver/stm32f7xx_hal_tim_ex.su ./Drivers/STM32F7xx_HAL_Driver/stm32f7xx_hal_uart.cyclo ./Drivers/STM32F7xx_HAL_Driver/stm32f7xx_hal_uart.d ./Drivers/STM32F7xx_HAL_Driver/stm32f7xx_hal_uart.o ./Drivers/STM32F7xx_HAL_Driver/stm32f7xx_hal_uart.su ./Drivers/STM32F7xx_HAL_Driver/stm32f7xx_hal_uart_ex.cyclo ./Drivers/STM32F7xx_HAL_Driver/stm32f7xx_hal_uart_ex.d ./Drivers/STM32F7xx_HAL_Driver/stm32f7xx_hal_uart_ex.o ./Drivers/STM32F7xx_HAL_Driver/stm32f7xx_hal_uart_ex.su
rm -rf 11_LivingRoomHiFi.elf 11_LivingRoomHiFi.list 11_LivingRoomHiFi.map default.size.stdout
 
11:58:37 **** Build of configuration Debug for project 11_LivingRoomHiFi ****
make -j32 all 
arm-none-eabi-gcc -c -mcpu=cortex-m7 -g3 -c -Wa,-W -x assembler-with-cpp -MMD -MP -MF"startup/startup_stm32f767xx.d" -MT"startup/startup_stm32f767xx.o" --specs=nano.specs -mfpu=fpv5-d16 -mfloat-abi=softfp -mthumb -o "startup/startup_stm32f767xx.o" "../startup/startup_stm32f767xx.s"
arm-none-eabi-gcc -c "C:/JSB/People/Family/03 John and Anne children/00 Philip/03 Surrey University/01 Uni 2nd year/Uber audio system/Firmware/STM32/Shared/AR1010.c" -mcpu=cortex-m7 -std=gnu11 -g3 '-D__weak=__attribute__((weak))' '-D__packed=__attribute__((__packed__))' -DUSE_HAL_DRIVER -DSTM32F767xx -DXPT2046_Swap_YD_and_YU -c -I../Inc -I../../Shared -IC:/ST/Firmware/STM32Cube_FW_F7_V1.15.0/Drivers/STM32F7xx_HAL_Driver/Inc -IC:/ST/Firmware/STM32Cube_FW_F7_V1.15.0/Drivers/STM32F7xx_HAL_Driver/Inc/Legacy -IC:/ST/Firmware/STM32Cube_FW_F7_V1.15.0/Drivers/CMSIS/Device/ST/STM32F7xx/Include -IC:/ST/Firmware/STM32Cube_FW_F7_V1.15.0/Drivers/CMSIS/Include -IC:/ST/Firmware/STM32Cube_FW_F7_V1.15.0/Middlewares/Third_Party/FreeRTOS/Source/include -IC:/ST/Firmware/STM32Cube_FW_F7_V1.15.0/Middlewares/Third_Party/FreeRTOS/Source/CMSIS_RTOS -IC:/ST/Firmware/STM32Cube_FW_F7_V1.15.0/Middlewares/Third_Party/FreeRTOS/Source/portable/GCC/ARM_CM7/r0p1 -IC:/ST/Firmware/STM32AudioMiddlewares/Codecs/SpiritDSP_MP3_Dec/inc -Og -ffunction-sections -fdata-sections -Wall -Wno-main -fstack-usage -fcyclomatic-complexity -MMD -MP -MF"Src/AR1010.d" -MT"Src/AR1010.o" --specs=nano.specs -mfpu=fpv5-d16 -mfloat-abi=softfp -mthumb -o "Src/AR1010.o"
arm-none-eabi-gcc -c "C:/JSB/People/Family/03 John and Anne children/00 Philip/03 Surrey University/01 Uni 2nd year/Uber audio system/Firmware/STM32/Shared/JSB_General.c" -mcpu=cortex-m7 -std=gnu11 -g3 '-D__weak=__attribute__((weak))' '-D__packed=__attribute__((__packed__))' -DUSE_HAL_DRIVER -DSTM32F767xx -DXPT2046_Swap_YD_and_YU -c -I../Inc -I../../Shared -IC:/ST/Firmware/STM32Cube_FW_F7_V1.15.0/Drivers/STM32F7xx_HAL_Driver/Inc -IC:/ST/Firmware/STM32Cube_FW_F7_V1.15.0/Drivers/STM32F7xx_HAL_Driver/Inc/Legacy -IC:/ST/Firmware/STM32Cube_FW_F7_V1.15.0/Drivers/CMSIS/Device/ST/STM32F7xx/Include -IC:/ST/Firmware/STM32Cube_FW_F7_V1.15.0/Drivers/CMSIS/Include -IC:/ST/Firmware/STM32Cube_FW_F7_V1.15.0/Middlewares/Third_Party/FreeRTOS/Source/include -IC:/ST/Firmware/STM32Cube_FW_F7_V1.15.0/Middlewares/Third_Party/FreeRTOS/Source/CMSIS_RTOS -IC:/ST/Firmware/STM32Cube_FW_F7_V1.15.0/Middlewares/Third_Party/FreeRTOS/Source/portable/GCC/ARM_CM7/r0p1 -IC:/ST/Firmware/STM32AudioMiddlewares/Codecs/SpiritDSP_MP3_Dec/inc -Og -ffunction-sections -fdata-sections -Wall -Wno-main -fstack-usage -fcyclomatic-complexity -MMD -MP -MF"Src/JSB_General.d" -MT"Src/JSB_General.o" --specs=nano.specs -mfpu=fpv5-d16 -mfloat-abi=softfp -mthumb -o "Src/JSB_General.o"
arm-none-eabi-gcc -c "C:/JSB/People/Family/03 John and Anne children/00 Philip/03 Surrey University/01 Uni 2nd year/Uber audio system/Firmware/STM32/Shared/JSB_ILI9341.c" -mcpu=cortex-m7 -std=gnu11 -g3 '-D__weak=__attribute__((weak))' '-D__packed=__attribute__((__packed__))' -DUSE_HAL_DRIVER -DSTM32F767xx -DXPT2046_Swap_YD_and_YU -c -I../Inc -I../../Shared -IC:/ST/Firmware/STM32Cube_FW_F7_V1.15.0/Drivers/STM32F7xx_HAL_Driver/Inc -IC:/ST/Firmware/STM32Cube_FW_F7_V1.15.0/Drivers/STM32F7xx_HAL_Driver/Inc/Legacy -IC:/ST/Firmware/STM32Cube_FW_F7_V1.15.0/Drivers/CMSIS/Device/ST/STM32F7xx/Include -IC:/ST/Firmware/STM32Cube_FW_F7_V1.15.0/Drivers/CMSIS/Include -IC:/ST/Firmware/STM32Cube_FW_F7_V1.15.0/Middlewares/Third_Party/FreeRTOS/Source/include -IC:/ST/Firmware/STM32Cube_FW_F7_V1.15.0/Middlewares/Third_Party/FreeRTOS/Source/CMSIS_RTOS -IC:/ST/Firmware/STM32Cube_FW_F7_V1.15.0/Middlewares/Third_Party/FreeRTOS/Source/portable/GCC/ARM_CM7/r0p1 -IC:/ST/Firmware/STM32AudioMiddlewares/Codecs/SpiritDSP_MP3_Dec/inc -Og -ffunction-sections -fdata-sections -Wall -Wno-main -fstack-usage -fcyclomatic-complexity -MMD -MP -MF"Src/JSB_ILI9341.d" -MT"Src/JSB_ILI9341.o" --specs=nano.specs -mfpu=fpv5-d16 -mfloat-abi=softfp -mthumb -o "Src/JSB_ILI9341.o"
arm-none-eabi-gcc -c "C:/JSB/People/Family/03 John and Anne children/00 Philip/03 Surrey University/01 Uni 2nd year/Uber audio system/Firmware/STM32/Shared/JSB_IR_RC5.c" -mcpu=cortex-m7 -std=gnu11 -g3 '-D__weak=__attribute__((weak))' '-D__packed=__attribute__((__packed__))' -DUSE_HAL_DRIVER -DSTM32F767xx -DXPT2046_Swap_YD_and_YU -c -I../Inc -I../../Shared -IC:/ST/Firmware/STM32Cube_FW_F7_V1.15.0/Drivers/STM32F7xx_HAL_Driver/Inc -IC:/ST/Firmware/STM32Cube_FW_F7_V1.15.0/Drivers/STM32F7xx_HAL_Driver/Inc/Legacy -IC:/ST/Firmware/STM32Cube_FW_F7_V1.15.0/Drivers/CMSIS/Device/ST/STM32F7xx/Include -IC:/ST/Firmware/STM32Cube_FW_F7_V1.15.0/Drivers/CMSIS/Include -IC:/ST/Firmware/STM32Cube_FW_F7_V1.15.0/Middlewares/Third_Party/FreeRTOS/Source/include -IC:/ST/Firmware/STM32Cube_FW_F7_V1.15.0/Middlewares/Third_Party/FreeRTOS/Source/CMSIS_RTOS -IC:/ST/Firmware/STM32Cube_FW_F7_V1.15.0/Middlewares/Third_Party/FreeRTOS/Source/portable/GCC/ARM_CM7/r0p1 -IC:/ST/Firmware/STM32AudioMiddlewares/Codecs/SpiritDSP_MP3_Dec/inc -Og -ffunction-sections -fdata-sections -Wall -Wno-main -fstack-usage -fcyclomatic-complexity -MMD -MP -MF"Src/JSB_IR_RC5.d" -MT"Src/JSB_IR_RC5.o" --specs=nano.specs -mfpu=fpv5-d16 -mfloat-abi=softfp -mthumb -o "Src/JSB_IR_RC5.o"
arm-none-eabi-gcc -c "C:/JSB/People/Family/03 John and Anne children/00 Philip/03 Surrey University/01 Uni 2nd year/Uber audio system/Firmware/STM32/Shared/JSB_SPDIFRX.c" -mcpu=cortex-m7 -std=gnu11 -g3 '-D__weak=__attribute__((weak))' '-D__packed=__attribute__((__packed__))' -DUSE_HAL_DRIVER -DSTM32F767xx -DXPT2046_Swap_YD_and_YU -c -I../Inc -I../../Shared -IC:/ST/Firmware/STM32Cube_FW_F7_V1.15.0/Drivers/STM32F7xx_HAL_Driver/Inc -IC:/ST/Firmware/STM32Cube_FW_F7_V1.15.0/Drivers/STM32F7xx_HAL_Driver/Inc/Legacy -IC:/ST/Firmware/STM32Cube_FW_F7_V1.15.0/Drivers/CMSIS/Device/ST/STM32F7xx/Include -IC:/ST/Firmware/STM32Cube_FW_F7_V1.15.0/Drivers/CMSIS/Include -IC:/ST/Firmware/STM32Cube_FW_F7_V1.15.0/Middlewares/Third_Party/FreeRTOS/Source/include -IC:/ST/Firmware/STM32Cube_FW_F7_V1.15.0/Middlewares/Third_Party/FreeRTOS/Source/CMSIS_RTOS -IC:/ST/Firmware/STM32Cube_FW_F7_V1.15.0/Middlewares/Third_Party/FreeRTOS/Source/portable/GCC/ARM_CM7/r0p1 -IC:/ST/Firmware/STM32AudioMiddlewares/Codecs/SpiritDSP_MP3_Dec/inc -Og -ffunction-sections -fdata-sections -Wall -Wno-main -fstack-usage -fcyclomatic-complexity -MMD -MP -MF"Src/JSB_SPDIFRX.d" -MT"Src/JSB_SPDIFRX.o" --specs=nano.specs -mfpu=fpv5-d16 -mfloat-abi=softfp -mthumb -o "Src/JSB_SPDIFRX.o"
arm-none-eabi-gcc -c "C:/JSB/People/Family/03 John and Anne children/00 Philip/03 Surrey University/01 Uni 2nd year/Uber audio system/Firmware/STM32/Shared/JSB_UI_Elements.c" -mcpu=cortex-m7 -std=gnu11 -g3 '-D__weak=__attribute__((weak))' '-D__packed=__attribute__((__packed__))' -DUSE_HAL_DRIVER -DSTM32F767xx -DXPT2046_Swap_YD_and_YU -c -I../Inc -I../../Shared -IC:/ST/Firmware/STM32Cube_FW_F7_V1.15.0/Drivers/STM32F7xx_HAL_Driver/Inc -IC:/ST/Firmware/STM32Cube_FW_F7_V1.15.0/Drivers/STM32F7xx_HAL_Driver/Inc/Legacy -IC:/ST/Firmware/STM32Cube_FW_F7_V1.15.0/Drivers/CMSIS/Device/ST/STM32F7xx/Include -IC:/ST/Firmware/STM32Cube_FW_F7_V1.15.0/Drivers/CMSIS/Include -IC:/ST/Firmware/STM32Cube_FW_F7_V1.15.0/Middlewares/Third_Party/FreeRTOS/Source/include -IC:/ST/Firmware/STM32Cube_FW_F7_V1.15.0/Middlewares/Third_Party/FreeRTOS/Source/CMSIS_RTOS -IC:/ST/Firmware/STM32Cube_FW_F7_V1.15.0/Middlewares/Third_Party/FreeRTOS/Source/portable/GCC/ARM_CM7/r0p1 -IC:/ST/Firmware/STM32AudioMiddlewares/Codecs/SpiritDSP_MP3_Dec/inc -Og -ffunction-sections -fdata-sections -Wall -Wno-main -fstack-usage -fcyclomatic-complexity -MMD -MP -MF"Src/JSB_UI_Elements.d" -MT"Src/JSB_UI_Elements.o" --specs=nano.specs -mfpu=fpv5-d16 -mfloat-abi=softfp -mthumb -o "Src/JSB_UI_Elements.o"
arm-none-eabi-gcc -c "C:/JSB/People/Family/03 John and Anne children/00 Philip/03 Surrey University/01 Uni 2nd year/Uber audio system/Firmware/STM32/Shared/JSB_XPT2046.c" -mcpu=cortex-m7 -std=gnu11 -g3 '-D__weak=__attribute__((weak))' '-D__packed=__attribute__((__packed__))' -DUSE_HAL_DRIVER -DSTM32F767xx -DXPT2046_Swap_YD_and_YU -c -I../Inc -I../../Shared -IC:/ST/Firmware/STM32Cube_FW_F7_V1.15.0/Drivers/STM32F7xx_HAL_Driver/Inc -IC:/ST/Firmware/STM32Cube_FW_F7_V1.15.0/Drivers/STM32F7xx_HAL_Driver/Inc/Legacy -IC:/ST/Firmware/STM32Cube_FW_F7_V1.15.0/Drivers/CMSIS/Device/ST/STM32F7xx/Include -IC:/ST/Firmware/STM32Cube_FW_F7_V1.15.0/Drivers/CMSIS/Include -IC:/ST/Firmware/STM32Cube_FW_F7_V1.15.0/Middlewares/Third_Party/FreeRTOS/Source/include -IC:/ST/Firmware/STM32Cube_FW_F7_V1.15.0/Middlewares/Third_Party/FreeRTOS/Source/CMSIS_RTOS -IC:/ST/Firmware/STM32Cube_FW_F7_V1.15.0/Middlewares/Third_Party/FreeRTOS/Source/portable/GCC/ARM_CM7/r0p1 -IC:/ST/Firmware/STM32AudioMiddlewares/Codecs/SpiritDSP_MP3_Dec/inc -Og -ffunction-sections -fdata-sections -Wall -Wno-main -fstack-usage -fcyclomatic-complexity -MMD -MP -MF"Src/JSB_XPT2046.d" -MT"Src/JSB_XPT2046.o" --specs=nano.specs -mfpu=fpv5-d16 -mfloat-abi=softfp -mthumb -o "Src/JSB_XPT2046.o"
arm-none-eabi-gcc -c "C:/JSB/People/Family/03 John and Anne children/00 Philip/03 Surrey University/01 Uni 2nd year/Uber audio system/Firmware/STM32/Shared/PJB_SST25V.c" -mcpu=cortex-m7 -std=gnu11 -g3 '-D__weak=__attribute__((weak))' '-D__packed=__attribute__((__packed__))' -DUSE_HAL_DRIVER -DSTM32F767xx -DXPT2046_Swap_YD_and_YU -c -I../Inc -I../../Shared -IC:/ST/Firmware/STM32Cube_FW_F7_V1.15.0/Drivers/STM32F7xx_HAL_Driver/Inc -IC:/ST/Firmware/STM32Cube_FW_F7_V1.15.0/Drivers/STM32F7xx_HAL_Driver/Inc/Legacy -IC:/ST/Firmware/STM32Cube_FW_F7_V1.15.0/Drivers/CMSIS/Device/ST/STM32F7xx/Include -IC:/ST/Firmware/STM32Cube_FW_F7_V1.15.0/Drivers/CMSIS/Include -IC:/ST/Firmware/STM32Cube_FW_F7_V1.15.0/Middlewares/Third_Party/FreeRTOS/Source/include -IC:/ST/Firmware/STM32Cube_FW_F7_V1.15.0/Middlewares/Third_Party/FreeRTOS/Source/CMSIS_RTOS -IC:/ST/Firmware/STM32Cube_FW_F7_V1.15.0/Middlewares/Third_Party/FreeRTOS/Source/portable/GCC/ARM_CM7/r0p1 -IC:/ST/Firmware/STM32AudioMiddlewares/Codecs/SpiritDSP_MP3_Dec/inc -Og -ffunction-sections -fdata-sections -Wall -Wno-main -fstack-usage -fcyclomatic-complexity -MMD -MP -MF"Src/PJB_SST25V.d" -MT"Src/PJB_SST25V.o" --specs=nano.specs -mfpu=fpv5-d16 -mfloat-abi=softfp -mthumb -o "Src/PJB_SST25V.o"
arm-none-eabi-gcc -c "C:/JSB/People/Family/03 John and Anne children/00 Philip/03 Surrey University/01 Uni 2nd year/Uber audio system/Firmware/STM32/Shared/PJB_STM32_ESP32_FM_DAB_ADC_DAC_PA.c" -mcpu=cortex-m7 -std=gnu11 -g3 '-D__weak=__attribute__((weak))' '-D__packed=__attribute__((__packed__))' -DUSE_HAL_DRIVER -DSTM32F767xx -DXPT2046_Swap_YD_and_YU -c -I../Inc -I../../Shared -IC:/ST/Firmware/STM32Cube_FW_F7_V1.15.0/Drivers/STM32F7xx_HAL_Driver/Inc -IC:/ST/Firmware/STM32Cube_FW_F7_V1.15.0/Drivers/STM32F7xx_HAL_Driver/Inc/Legacy -IC:/ST/Firmware/STM32Cube_FW_F7_V1.15.0/Drivers/CMSIS/Device/ST/STM32F7xx/Include -IC:/ST/Firmware/STM32Cube_FW_F7_V1.15.0/Drivers/CMSIS/Include -IC:/ST/Firmware/STM32Cube_FW_F7_V1.15.0/Middlewares/Third_Party/FreeRTOS/Source/include -IC:/ST/Firmware/STM32Cube_FW_F7_V1.15.0/Middlewares/Third_Party/FreeRTOS/Source/CMSIS_RTOS -IC:/ST/Firmware/STM32Cube_FW_F7_V1.15.0/Middlewares/Third_Party/FreeRTOS/Source/portable/GCC/ARM_CM7/r0p1 -IC:/ST/Firmware/STM32AudioMiddlewares/Codecs/SpiritDSP_MP3_Dec/inc -Og -ffunction-sections -fdata-sections -Wall -Wno-main -fstack-usage -fcyclomatic-complexity -MMD -MP -MF"Src/PJB_STM32_ESP32_FM_DAB_ADC_DAC_PA.d" -MT"Src/PJB_STM32_ESP32_FM_DAB_ADC_DAC_PA.o" --specs=nano.specs -mfpu=fpv5-d16 -mfloat-abi=softfp -mthumb -o "Src/PJB_STM32_ESP32_FM_DAB_ADC_DAC_PA.o"
arm-none-eabi-gcc -c "C:/JSB/People/Family/03 John and Anne children/00 Philip/03 Surrey University/01 Uni 2nd year/Uber audio system/Firmware/STM32/Shared/PJB_StreamUtils.c" -mcpu=cortex-m7 -std=gnu11 -g3 '-D__weak=__attribute__((weak))' '-D__packed=__attribute__((__packed__))' -DUSE_HAL_DRIVER -DSTM32F767xx -DXPT2046_Swap_YD_and_YU -c -I../Inc -I../../Shared -IC:/ST/Firmware/STM32Cube_FW_F7_V1.15.0/Drivers/STM32F7xx_HAL_Driver/Inc -IC:/ST/Firmware/STM32Cube_FW_F7_V1.15.0/Drivers/STM32F7xx_HAL_Driver/Inc/Legacy -IC:/ST/Firmware/STM32Cube_FW_F7_V1.15.0/Drivers/CMSIS/Device/ST/STM32F7xx/Include -IC:/ST/Firmware/STM32Cube_FW_F7_V1.15.0/Drivers/CMSIS/Include -IC:/ST/Firmware/STM32Cube_FW_F7_V1.15.0/Middlewares/Third_Party/FreeRTOS/Source/include -IC:/ST/Firmware/STM32Cube_FW_F7_V1.15.0/Middlewares/Third_Party/FreeRTOS/Source/CMSIS_RTOS -IC:/ST/Firmware/STM32Cube_FW_F7_V1.15.0/Middlewares/Third_Party/FreeRTOS/Source/portable/GCC/ARM_CM7/r0p1 -IC:/ST/Firmware/STM32AudioMiddlewares/Codecs/SpiritDSP_MP3_Dec/inc -Og -ffunction-sections -fdata-sections -Wall -Wno-main -fstack-usage -fcyclomatic-complexity -MMD -MP -MF"Src/PJB_StreamUtils.d" -MT"Src/PJB_StreamUtils.o" --specs=nano.specs -mfpu=fpv5-d16 -mfloat-abi=softfp -mthumb -o "Src/PJB_StreamUtils.o"
arm-none-eabi-gcc -c "C:/JSB/People/Family/03 John and Anne children/00 Philip/03 Surrey University/01 Uni 2nd year/Uber audio system/Firmware/STM32/Shared/Si468x/Si468x.c" -mcpu=cortex-m7 -std=gnu11 -g3 '-D__weak=__attribute__((weak))' '-D__packed=__attribute__((__packed__))' -DUSE_HAL_DRIVER -DSTM32F767xx -DXPT2046_Swap_YD_and_YU -c -I../Inc -I../../Shared -IC:/ST/Firmware/STM32Cube_FW_F7_V1.15.0/Drivers/STM32F7xx_HAL_Driver/Inc -IC:/ST/Firmware/STM32Cube_FW_F7_V1.15.0/Drivers/STM32F7xx_HAL_Driver/Inc/Legacy -IC:/ST/Firmware/STM32Cube_FW_F7_V1.15.0/Drivers/CMSIS/Device/ST/STM32F7xx/Include -IC:/ST/Firmware/STM32Cube_FW_F7_V1.15.0/Drivers/CMSIS/Include -IC:/ST/Firmware/STM32Cube_FW_F7_V1.15.0/Middlewares/Third_Party/FreeRTOS/Source/include -IC:/ST/Firmware/STM32Cube_FW_F7_V1.15.0/Middlewares/Third_Party/FreeRTOS/Source/CMSIS_RTOS -IC:/ST/Firmware/STM32Cube_FW_F7_V1.15.0/Middlewares/Third_Party/FreeRTOS/Source/portable/GCC/ARM_CM7/r0p1 -IC:/ST/Firmware/STM32AudioMiddlewares/Codecs/SpiritDSP_MP3_Dec/inc -Og -ffunction-sections -fdata-sections -Wall -Wno-main -fstack-usage -fcyclomatic-complexity -MMD -MP -MF"Src/Si468x.d" -MT"Src/Si468x.o" --specs=nano.specs -mfpu=fpv5-d16 -mfloat-abi=softfp -mthumb -o "Src/Si468x.o"
arm-none-eabi-gcc -c "C:/JSB/People/Family/03 John and Anne children/00 Philip/03 Surrey University/01 Uni 2nd year/Uber audio system/Firmware/STM32/Shared/Si468x/Si468x_DAB.c" -mcpu=cortex-m7 -std=gnu11 -g3 '-D__weak=__attribute__((weak))' '-D__packed=__attribute__((__packed__))' -DUSE_HAL_DRIVER -DSTM32F767xx -DXPT2046_Swap_YD_and_YU -c -I../Inc -I../../Shared -IC:/ST/Firmware/STM32Cube_FW_F7_V1.15.0/Drivers/STM32F7xx_HAL_Driver/Inc -IC:/ST/Firmware/STM32Cube_FW_F7_V1.15.0/Drivers/STM32F7xx_HAL_Driver/Inc/Legacy -IC:/ST/Firmware/STM32Cube_FW_F7_V1.15.0/Drivers/CMSIS/Device/ST/STM32F7xx/Include -IC:/ST/Firmware/STM32Cube_FW_F7_V1.15.0/Drivers/CMSIS/Include -IC:/ST/Firmware/STM32Cube_FW_F7_V1.15.0/Middlewares/Third_Party/FreeRTOS/Source/include -IC:/ST/Firmware/STM32Cube_FW_F7_V1.15.0/Middlewares/Third_Party/FreeRTOS/Source/CMSIS_RTOS -IC:/ST/Firmware/STM32Cube_FW_F7_V1.15.0/Middlewares/Third_Party/FreeRTOS/Source/portable/GCC/ARM_CM7/r0p1 -IC:/ST/Firmware/STM32AudioMiddlewares/Codecs/SpiritDSP_MP3_Dec/inc -Og -ffunction-sections -fdata-sections -Wall -Wno-main -fstack-usage -fcyclomatic-complexity -MMD -MP -MF"Src/Si468x_DAB.d" -MT"Src/Si468x_DAB.o" --specs=nano.specs -mfpu=fpv5-d16 -mfloat-abi=softfp -mthumb -o "Src/Si468x_DAB.o"
arm-none-eabi-gcc -c "C:/JSB/People/Family/03 John and Anne children/00 Philip/03 Surrey University/01 Uni 2nd year/Uber audio system/Firmware/STM32/Shared/Si468x/Si468x_FM.c" -mcpu=cortex-m7 -std=gnu11 -g3 '-D__weak=__attribute__((weak))' '-D__packed=__attribute__((__packed__))' -DUSE_HAL_DRIVER -DSTM32F767xx -DXPT2046_Swap_YD_and_YU -c -I../Inc -I../../Shared -IC:/ST/Firmware/STM32Cube_FW_F7_V1.15.0/Drivers/STM32F7xx_HAL_Driver/Inc -IC:/ST/Firmware/STM32Cube_FW_F7_V1.15.0/Drivers/STM32F7xx_HAL_Driver/Inc/Legacy -IC:/ST/Firmware/STM32Cube_FW_F7_V1.15.0/Drivers/CMSIS/Device/ST/STM32F7xx/Include -IC:/ST/Firmware/STM32Cube_FW_F7_V1.15.0/Drivers/CMSIS/Include -IC:/ST/Firmware/STM32Cube_FW_F7_V1.15.0/Middlewares/Third_Party/FreeRTOS/Source/include -IC:/ST/Firmware/STM32Cube_FW_F7_V1.15.0/Middlewares/Third_Party/FreeRTOS/Source/CMSIS_RTOS -IC:/ST/Firmware/STM32Cube_FW_F7_V1.15.0/Middlewares/Third_Party/FreeRTOS/Source/portable/GCC/ARM_CM7/r0p1 -IC:/ST/Firmware/STM32AudioMiddlewares/Codecs/SpiritDSP_MP3_Dec/inc -Og -ffunction-sections -fdata-sections -Wall -Wno-main -fstack-usage -fcyclomatic-complexity -MMD -MP -MF"Src/Si468x_FM.d" -MT"Src/Si468x_FM.o" --specs=nano.specs -mfpu=fpv5-d16 -mfloat-abi=softfp -mthumb -o "Src/Si468x_FM.o"
arm-none-eabi-gcc -c "../Src/dma.c" -mcpu=cortex-m7 -std=gnu11 -g3 '-D__weak=__attribute__((weak))' '-D__packed=__attribute__((__packed__))' -DUSE_HAL_DRIVER -DSTM32F767xx -DXPT2046_Swap_YD_and_YU -c -I../Inc -I../../Shared -IC:/ST/Firmware/STM32Cube_FW_F7_V1.15.0/Drivers/STM32F7xx_HAL_Driver/Inc -IC:/ST/Firmware/STM32Cube_FW_F7_V1.15.0/Drivers/STM32F7xx_HAL_Driver/Inc/Legacy -IC:/ST/Firmware/STM32Cube_FW_F7_V1.15.0/Drivers/CMSIS/Device/ST/STM32F7xx/Include -IC:/ST/Firmware/STM32Cube_FW_F7_V1.15.0/Drivers/CMSIS/Include -IC:/ST/Firmware/STM32Cube_FW_F7_V1.15.0/Middlewares/Third_Party/FreeRTOS/Source/include -IC:/ST/Firmware/STM32Cube_FW_F7_V1.15.0/Middlewares/Third_Party/FreeRTOS/Source/CMSIS_RTOS -IC:/ST/Firmware/STM32Cube_FW_F7_V1.15.0/Middlewares/Third_Party/FreeRTOS/Source/portable/GCC/ARM_CM7/r0p1 -IC:/ST/Firmware/STM32AudioMiddlewares/Codecs/SpiritDSP_MP3_Dec/inc -Og -ffunction-sections -fdata-sections -Wall -Wno-main -fstack-usage -fcyclomatic-complexity -MMD -MP -MF"Src/dma.d" -MT"Src/dma.o" --specs=nano.specs -mfpu=fpv5-d16 -mfloat-abi=softfp -mthumb -o "Src/dma.o"
arm-none-eabi-gcc -c "../Src/freertos.c" -mcpu=cortex-m7 -std=gnu11 -g3 '-D__weak=__attribute__((weak))' '-D__packed=__attribute__((__packed__))' -DUSE_HAL_DRIVER -DSTM32F767xx -DXPT2046_Swap_YD_and_YU -c -I../Inc -I../../Shared -IC:/ST/Firmware/STM32Cube_FW_F7_V1.15.0/Drivers/STM32F7xx_HAL_Driver/Inc -IC:/ST/Firmware/STM32Cube_FW_F7_V1.15.0/Drivers/STM32F7xx_HAL_Driver/Inc/Legacy -IC:/ST/Firmware/STM32Cube_FW_F7_V1.15.0/Drivers/CMSIS/Device/ST/STM32F7xx/Include -IC:/ST/Firmware/STM32Cube_FW_F7_V1.15.0/Drivers/CMSIS/Include -IC:/ST/Firmware/STM32Cube_FW_F7_V1.15.0/Middlewares/Third_Party/FreeRTOS/Source/include -IC:/ST/Firmware/STM32Cube_FW_F7_V1.15.0/Middlewares/Third_Party/FreeRTOS/Source/CMSIS_RTOS -IC:/ST/Firmware/STM32Cube_FW_F7_V1.15.0/Middlewares/Third_Party/FreeRTOS/Source/portable/GCC/ARM_CM7/r0p1 -IC:/ST/Firmware/STM32AudioMiddlewares/Codecs/SpiritDSP_MP3_Dec/inc -Og -ffunction-sections -fdata-sections -Wall -Wno-main -fstack-usage -fcyclomatic-complexity -MMD -MP -MF"Src/freertos.d" -MT"Src/freertos.o" --specs=nano.specs -mfpu=fpv5-d16 -mfloat-abi=softfp -mthumb -o "Src/freertos.o"
arm-none-eabi-gcc -c "../Src/go.c" -mcpu=cortex-m7 -std=gnu11 -g3 '-D__weak=__attribute__((weak))' '-D__packed=__attribute__((__packed__))' -DUSE_HAL_DRIVER -DSTM32F767xx -DXPT2046_Swap_YD_and_YU -c -I../Inc -I../../Shared -IC:/ST/Firmware/STM32Cube_FW_F7_V1.15.0/Drivers/STM32F7xx_HAL_Driver/Inc -IC:/ST/Firmware/STM32Cube_FW_F7_V1.15.0/Drivers/STM32F7xx_HAL_Driver/Inc/Legacy -IC:/ST/Firmware/STM32Cube_FW_F7_V1.15.0/Drivers/CMSIS/Device/ST/STM32F7xx/Include -IC:/ST/Firmware/STM32Cube_FW_F7_V1.15.0/Drivers/CMSIS/Include -IC:/ST/Firmware/STM32Cube_FW_F7_V1.15.0/Middlewares/Third_Party/FreeRTOS/Source/include -IC:/ST/Firmware/STM32Cube_FW_F7_V1.15.0/Middlewares/Third_Party/FreeRTOS/Source/CMSIS_RTOS -IC:/ST/Firmware/STM32Cube_FW_F7_V1.15.0/Middlewares/Third_Party/FreeRTOS/Source/portable/GCC/ARM_CM7/r0p1 -IC:/ST/Firmware/STM32AudioMiddlewares/Codecs/SpiritDSP_MP3_Dec/inc -Og -ffunction-sections -fdata-sections -Wall -Wno-main -fstack-usage -fcyclomatic-complexity -MMD -MP -MF"Src/go.d" -MT"Src/go.o" --specs=nano.specs -mfpu=fpv5-d16 -mfloat-abi=softfp -mthumb -o "Src/go.o"
arm-none-eabi-gcc -c "../Src/gpio.c" -mcpu=cortex-m7 -std=gnu11 -g3 '-D__weak=__attribute__((weak))' '-D__packed=__attribute__((__packed__))' -DUSE_HAL_DRIVER -DSTM32F767xx -DXPT2046_Swap_YD_and_YU -c -I../Inc -I../../Shared -IC:/ST/Firmware/STM32Cube_FW_F7_V1.15.0/Drivers/STM32F7xx_HAL_Driver/Inc -IC:/ST/Firmware/STM32Cube_FW_F7_V1.15.0/Drivers/STM32F7xx_HAL_Driver/Inc/Legacy -IC:/ST/Firmware/STM32Cube_FW_F7_V1.15.0/Drivers/CMSIS/Device/ST/STM32F7xx/Include -IC:/ST/Firmware/STM32Cube_FW_F7_V1.15.0/Drivers/CMSIS/Include -IC:/ST/Firmware/STM32Cube_FW_F7_V1.15.0/Middlewares/Third_Party/FreeRTOS/Source/include -IC:/ST/Firmware/STM32Cube_FW_F7_V1.15.0/Middlewares/Third_Party/FreeRTOS/Source/CMSIS_RTOS -IC:/ST/Firmware/STM32Cube_FW_F7_V1.15.0/Middlewares/Third_Party/FreeRTOS/Source/portable/GCC/ARM_CM7/r0p1 -IC:/ST/Firmware/STM32AudioMiddlewares/Codecs/SpiritDSP_MP3_Dec/inc -Og -ffunction-sections -fdata-sections -Wall -Wno-main -fstack-usage -fcyclomatic-complexity -MMD -MP -MF"Src/gpio.d" -MT"Src/gpio.o" --specs=nano.specs -mfpu=fpv5-d16 -mfloat-abi=softfp -mthumb -o "Src/gpio.o"
arm-none-eabi-gcc -c "../Src/i2c.c" -mcpu=cortex-m7 -std=gnu11 -g3 '-D__weak=__attribute__((weak))' '-D__packed=__attribute__((__packed__))' -DUSE_HAL_DRIVER -DSTM32F767xx -DXPT2046_Swap_YD_and_YU -c -I../Inc -I../../Shared -IC:/ST/Firmware/STM32Cube_FW_F7_V1.15.0/Drivers/STM32F7xx_HAL_Driver/Inc -IC:/ST/Firmware/STM32Cube_FW_F7_V1.15.0/Drivers/STM32F7xx_HAL_Driver/Inc/Legacy -IC:/ST/Firmware/STM32Cube_FW_F7_V1.15.0/Drivers/CMSIS/Device/ST/STM32F7xx/Include -IC:/ST/Firmware/STM32Cube_FW_F7_V1.15.0/Drivers/CMSIS/Include -IC:/ST/Firmware/STM32Cube_FW_F7_V1.15.0/Middlewares/Third_Party/FreeRTOS/Source/include -IC:/ST/Firmware/STM32Cube_FW_F7_V1.15.0/Middlewares/Third_Party/FreeRTOS/Source/CMSIS_RTOS -IC:/ST/Firmware/STM32Cube_FW_F7_V1.15.0/Middlewares/Third_Party/FreeRTOS/Source/portable/GCC/ARM_CM7/r0p1 -IC:/ST/Firmware/STM32AudioMiddlewares/Codecs/SpiritDSP_MP3_Dec/inc -Og -ffunction-sections -fdata-sections -Wall -Wno-main -fstack-usage -fcyclomatic-complexity -MMD -MP -MF"Src/i2c.d" -MT"Src/i2c.o" --specs=nano.specs -mfpu=fpv5-d16 -mfloat-abi=softfp -mthumb -o "Src/i2c.o"
arm-none-eabi-gcc -c "../Src/main.c" -mcpu=cortex-m7 -std=gnu11 -g3 '-D__weak=__attribute__((weak))' '-D__packed=__attribute__((__packed__))' -DUSE_HAL_DRIVER -DSTM32F767xx -DXPT2046_Swap_YD_and_YU -c -I../Inc -I../../Shared -IC:/ST/Firmware/STM32Cube_FW_F7_V1.15.0/Drivers/STM32F7xx_HAL_Driver/Inc -IC:/ST/Firmware/STM32Cube_FW_F7_V1.15.0/Drivers/STM32F7xx_HAL_Driver/Inc/Legacy -IC:/ST/Firmware/STM32Cube_FW_F7_V1.15.0/Drivers/CMSIS/Device/ST/STM32F7xx/Include -IC:/ST/Firmware/STM32Cube_FW_F7_V1.15.0/Drivers/CMSIS/Include -IC:/ST/Firmware/STM32Cube_FW_F7_V1.15.0/Middlewares/Third_Party/FreeRTOS/Source/include -IC:/ST/Firmware/STM32Cube_FW_F7_V1.15.0/Middlewares/Third_Party/FreeRTOS/Source/CMSIS_RTOS -IC:/ST/Firmware/STM32Cube_FW_F7_V1.15.0/Middlewares/Third_Party/FreeRTOS/Source/portable/GCC/ARM_CM7/r0p1 -IC:/ST/Firmware/STM32AudioMiddlewares/Codecs/SpiritDSP_MP3_Dec/inc -Og -ffunction-sections -fdata-sections -Wall -Wno-main -fstack-usage -fcyclomatic-complexity -MMD -MP -MF"Src/main.d" -MT"Src/main.o" --specs=nano.specs -mfpu=fpv5-d16 -mfloat-abi=softfp -mthumb -o "Src/main.o"
arm-none-eabi-gcc -c "../Src/sai.c" -mcpu=cortex-m7 -std=gnu11 -g3 '-D__weak=__attribute__((weak))' '-D__packed=__attribute__((__packed__))' -DUSE_HAL_DRIVER -DSTM32F767xx -DXPT2046_Swap_YD_and_YU -c -I../Inc -I../../Shared -IC:/ST/Firmware/STM32Cube_FW_F7_V1.15.0/Drivers/STM32F7xx_HAL_Driver/Inc -IC:/ST/Firmware/STM32Cube_FW_F7_V1.15.0/Drivers/STM32F7xx_HAL_Driver/Inc/Legacy -IC:/ST/Firmware/STM32Cube_FW_F7_V1.15.0/Drivers/CMSIS/Device/ST/STM32F7xx/Include -IC:/ST/Firmware/STM32Cube_FW_F7_V1.15.0/Drivers/CMSIS/Include -IC:/ST/Firmware/STM32Cube_FW_F7_V1.15.0/Middlewares/Third_Party/FreeRTOS/Source/include -IC:/ST/Firmware/STM32Cube_FW_F7_V1.15.0/Middlewares/Third_Party/FreeRTOS/Source/CMSIS_RTOS -IC:/ST/Firmware/STM32Cube_FW_F7_V1.15.0/Middlewares/Third_Party/FreeRTOS/Source/portable/GCC/ARM_CM7/r0p1 -IC:/ST/Firmware/STM32AudioMiddlewares/Codecs/SpiritDSP_MP3_Dec/inc -Og -ffunction-sections -fdata-sections -Wall -Wno-main -fstack-usage -fcyclomatic-complexity -MMD -MP -MF"Src/sai.d" -MT"Src/sai.o" --specs=nano.specs -mfpu=fpv5-d16 -mfloat-abi=softfp -mthumb -o "Src/sai.o"
arm-none-eabi-gcc -c "../Src/spdifrx.c" -mcpu=cortex-m7 -std=gnu11 -g3 '-D__weak=__attribute__((weak))' '-D__packed=__attribute__((__packed__))' -DUSE_HAL_DRIVER -DSTM32F767xx -DXPT2046_Swap_YD_and_YU -c -I../Inc -I../../Shared -IC:/ST/Firmware/STM32Cube_FW_F7_V1.15.0/Drivers/STM32F7xx_HAL_Driver/Inc -IC:/ST/Firmware/STM32Cube_FW_F7_V1.15.0/Drivers/STM32F7xx_HAL_Driver/Inc/Legacy -IC:/ST/Firmware/STM32Cube_FW_F7_V1.15.0/Drivers/CMSIS/Device/ST/STM32F7xx/Include -IC:/ST/Firmware/STM32Cube_FW_F7_V1.15.0/Drivers/CMSIS/Include -IC:/ST/Firmware/STM32Cube_FW_F7_V1.15.0/Middlewares/Third_Party/FreeRTOS/Source/include -IC:/ST/Firmware/STM32Cube_FW_F7_V1.15.0/Middlewares/Third_Party/FreeRTOS/Source/CMSIS_RTOS -IC:/ST/Firmware/STM32Cube_FW_F7_V1.15.0/Middlewares/Third_Party/FreeRTOS/Source/portable/GCC/ARM_CM7/r0p1 -IC:/ST/Firmware/STM32AudioMiddlewares/Codecs/SpiritDSP_MP3_Dec/inc -Og -ffunction-sections -fdata-sections -Wall -Wno-main -fstack-usage -fcyclomatic-complexity -MMD -MP -MF"Src/spdifrx.d" -MT"Src/spdifrx.o" --specs=nano.specs -mfpu=fpv5-d16 -mfloat-abi=softfp -mthumb -o "Src/spdifrx.o"
arm-none-eabi-gcc -c "../Src/spi.c" -mcpu=cortex-m7 -std=gnu11 -g3 '-D__weak=__attribute__((weak))' '-D__packed=__attribute__((__packed__))' -DUSE_HAL_DRIVER -DSTM32F767xx -DXPT2046_Swap_YD_and_YU -c -I../Inc -I../../Shared -IC:/ST/Firmware/STM32Cube_FW_F7_V1.15.0/Drivers/STM32F7xx_HAL_Driver/Inc -IC:/ST/Firmware/STM32Cube_FW_F7_V1.15.0/Drivers/STM32F7xx_HAL_Driver/Inc/Legacy -IC:/ST/Firmware/STM32Cube_FW_F7_V1.15.0/Drivers/CMSIS/Device/ST/STM32F7xx/Include -IC:/ST/Firmware/STM32Cube_FW_F7_V1.15.0/Drivers/CMSIS/Include -IC:/ST/Firmware/STM32Cube_FW_F7_V1.15.0/Middlewares/Third_Party/FreeRTOS/Source/include -IC:/ST/Firmware/STM32Cube_FW_F7_V1.15.0/Middlewares/Third_Party/FreeRTOS/Source/CMSIS_RTOS -IC:/ST/Firmware/STM32Cube_FW_F7_V1.15.0/Middlewares/Third_Party/FreeRTOS/Source/portable/GCC/ARM_CM7/r0p1 -IC:/ST/Firmware/STM32AudioMiddlewares/Codecs/SpiritDSP_MP3_Dec/inc -Og -ffunction-sections -fdata-sections -Wall -Wno-main -fstack-usage -fcyclomatic-complexity -MMD -MP -MF"Src/spi.d" -MT"Src/spi.o" --specs=nano.specs -mfpu=fpv5-d16 -mfloat-abi=softfp -mthumb -o "Src/spi.o"
arm-none-eabi-gcc -c "../Src/stm32f7xx_hal_msp.c" -mcpu=cortex-m7 -std=gnu11 -g3 '-D__weak=__attribute__((weak))' '-D__packed=__attribute__((__packed__))' -DUSE_HAL_DRIVER -DSTM32F767xx -DXPT2046_Swap_YD_and_YU -c -I../Inc -I../../Shared -IC:/ST/Firmware/STM32Cube_FW_F7_V1.15.0/Drivers/STM32F7xx_HAL_Driver/Inc -IC:/ST/Firmware/STM32Cube_FW_F7_V1.15.0/Drivers/STM32F7xx_HAL_Driver/Inc/Legacy -IC:/ST/Firmware/STM32Cube_FW_F7_V1.15.0/Drivers/CMSIS/Device/ST/STM32F7xx/Include -IC:/ST/Firmware/STM32Cube_FW_F7_V1.15.0/Drivers/CMSIS/Include -IC:/ST/Firmware/STM32Cube_FW_F7_V1.15.0/Middlewares/Third_Party/FreeRTOS/Source/include -IC:/ST/Firmware/STM32Cube_FW_F7_V1.15.0/Middlewares/Third_Party/FreeRTOS/Source/CMSIS_RTOS -IC:/ST/Firmware/STM32Cube_FW_F7_V1.15.0/Middlewares/Third_Party/FreeRTOS/Source/portable/GCC/ARM_CM7/r0p1 -IC:/ST/Firmware/STM32AudioMiddlewares/Codecs/SpiritDSP_MP3_Dec/inc -Og -ffunction-sections -fdata-sections -Wall -Wno-main -fstack-usage -fcyclomatic-complexity -MMD -MP -MF"Src/stm32f7xx_hal_msp.d" -MT"Src/stm32f7xx_hal_msp.o" --specs=nano.specs -mfpu=fpv5-d16 -mfloat-abi=softfp -mthumb -o "Src/stm32f7xx_hal_msp.o"
arm-none-eabi-gcc -c "../Src/stm32f7xx_hal_timebase_tim.c" -mcpu=cortex-m7 -std=gnu11 -g3 '-D__weak=__attribute__((weak))' '-D__packed=__attribute__((__packed__))' -DUSE_HAL_DRIVER -DSTM32F767xx -DXPT2046_Swap_YD_and_YU -c -I../Inc -I../../Shared -IC:/ST/Firmware/STM32Cube_FW_F7_V1.15.0/Drivers/STM32F7xx_HAL_Driver/Inc -IC:/ST/Firmware/STM32Cube_FW_F7_V1.15.0/Drivers/STM32F7xx_HAL_Driver/Inc/Legacy -IC:/ST/Firmware/STM32Cube_FW_F7_V1.15.0/Drivers/CMSIS/Device/ST/STM32F7xx/Include -IC:/ST/Firmware/STM32Cube_FW_F7_V1.15.0/Drivers/CMSIS/Include -IC:/ST/Firmware/STM32Cube_FW_F7_V1.15.0/Middlewares/Third_Party/FreeRTOS/Source/include -IC:/ST/Firmware/STM32Cube_FW_F7_V1.15.0/Middlewares/Third_Party/FreeRTOS/Source/CMSIS_RTOS -IC:/ST/Firmware/STM32Cube_FW_F7_V1.15.0/Middlewares/Third_Party/FreeRTOS/Source/portable/GCC/ARM_CM7/r0p1 -IC:/ST/Firmware/STM32AudioMiddlewares/Codecs/SpiritDSP_MP3_Dec/inc -Og -ffunction-sections -fdata-sections -Wall -Wno-main -fstack-usage -fcyclomatic-complexity -MMD -MP -MF"Src/stm32f7xx_hal_timebase_tim.d" -MT"Src/stm32f7xx_hal_timebase_tim.o" --specs=nano.specs -mfpu=fpv5-d16 -mfloat-abi=softfp -mthumb -o "Src/stm32f7xx_hal_timebase_tim.o"
arm-none-eabi-gcc -c "../Src/stm32f7xx_it.c" -mcpu=cortex-m7 -std=gnu11 -g3 '-D__weak=__attribute__((weak))' '-D__packed=__attribute__((__packed__))' -DUSE_HAL_DRIVER -DSTM32F767xx -DXPT2046_Swap_YD_and_YU -c -I../Inc -I../../Shared -IC:/ST/Firmware/STM32Cube_FW_F7_V1.15.0/Drivers/STM32F7xx_HAL_Driver/Inc -IC:/ST/Firmware/STM32Cube_FW_F7_V1.15.0/Drivers/STM32F7xx_HAL_Driver/Inc/Legacy -IC:/ST/Firmware/STM32Cube_FW_F7_V1.15.0/Drivers/CMSIS/Device/ST/STM32F7xx/Include -IC:/ST/Firmware/STM32Cube_FW_F7_V1.15.0/Drivers/CMSIS/Include -IC:/ST/Firmware/STM32Cube_FW_F7_V1.15.0/Middlewares/Third_Party/FreeRTOS/Source/include -IC:/ST/Firmware/STM32Cube_FW_F7_V1.15.0/Middlewares/Third_Party/FreeRTOS/Source/CMSIS_RTOS -IC:/ST/Firmware/STM32Cube_FW_F7_V1.15.0/Middlewares/Third_Party/FreeRTOS/Source/portable/GCC/ARM_CM7/r0p1 -IC:/ST/Firmware/STM32AudioMiddlewares/Codecs/SpiritDSP_MP3_Dec/inc -Og -ffunction-sections -fdata-sections -Wall -Wno-main -fstack-usage -fcyclomatic-complexity -MMD -MP -MF"Src/stm32f7xx_it.d" -MT"Src/stm32f7xx_it.o" --specs=nano.specs -mfpu=fpv5-d16 -mfloat-abi=softfp -mthumb -o "Src/stm32f7xx_it.o"
arm-none-eabi-gcc -c "../Src/syscalls.c" -mcpu=cortex-m7 -std=gnu11 -g3 '-D__weak=__attribute__((weak))' '-D__packed=__attribute__((__packed__))' -DUSE_HAL_DRIVER -DSTM32F767xx -DXPT2046_Swap_YD_and_YU -c -I../Inc -I../../Shared -IC:/ST/Firmware/STM32Cube_FW_F7_V1.15.0/Drivers/STM32F7xx_HAL_Driver/Inc -IC:/ST/Firmware/STM32Cube_FW_F7_V1.15.0/Drivers/STM32F7xx_HAL_Driver/Inc/Legacy -IC:/ST/Firmware/STM32Cube_FW_F7_V1.15.0/Drivers/CMSIS/Device/ST/STM32F7xx/Include -IC:/ST/Firmware/STM32Cube_FW_F7_V1.15.0/Drivers/CMSIS/Include -IC:/ST/Firmware/STM32Cube_FW_F7_V1.15.0/Middlewares/Third_Party/FreeRTOS/Source/include -IC:/ST/Firmware/STM32Cube_FW_F7_V1.15.0/Middlewares/Third_Party/FreeRTOS/Source/CMSIS_RTOS -IC:/ST/Firmware/STM32Cube_FW_F7_V1.15.0/Middlewares/Third_Party/FreeRTOS/Source/portable/GCC/ARM_CM7/r0p1 -IC:/ST/Firmware/STM32AudioMiddlewares/Codecs/SpiritDSP_MP3_Dec/inc -Og -ffunction-sections -fdata-sections -Wall -Wno-main -fstack-usage -fcyclomatic-complexity -MMD -MP -MF"Src/syscalls.d" -MT"Src/syscalls.o" --specs=nano.specs -mfpu=fpv5-d16 -mfloat-abi=softfp -mthumb -o "Src/syscalls.o"
arm-none-eabi-gcc -c "../Src/system_stm32f7xx.c" -mcpu=cortex-m7 -std=gnu11 -g3 '-D__weak=__attribute__((weak))' '-D__packed=__attribute__((__packed__))' -DUSE_HAL_DRIVER -DSTM32F767xx -DXPT2046_Swap_YD_and_YU -c -I../Inc -I../../Shared -IC:/ST/Firmware/STM32Cube_FW_F7_V1.15.0/Drivers/STM32F7xx_HAL_Driver/Inc -IC:/ST/Firmware/STM32Cube_FW_F7_V1.15.0/Drivers/STM32F7xx_HAL_Driver/Inc/Legacy -IC:/ST/Firmware/STM32Cube_FW_F7_V1.15.0/Drivers/CMSIS/Device/ST/STM32F7xx/Include -IC:/ST/Firmware/STM32Cube_FW_F7_V1.15.0/Drivers/CMSIS/Include -IC:/ST/Firmware/STM32Cube_FW_F7_V1.15.0/Middlewares/Third_Party/FreeRTOS/Source/include -IC:/ST/Firmware/STM32Cube_FW_F7_V1.15.0/Middlewares/Third_Party/FreeRTOS/Source/CMSIS_RTOS -IC:/ST/Firmware/STM32Cube_FW_F7_V1.15.0/Middlewares/Third_Party/FreeRTOS/Source/portable/GCC/ARM_CM7/r0p1 -IC:/ST/Firmware/STM32AudioMiddlewares/Codecs/SpiritDSP_MP3_Dec/inc -Og -ffunction-sections -fdata-sections -Wall -Wno-main -fstack-usage -fcyclomatic-complexity -MMD -MP -MF"Src/system_stm32f7xx.d" -MT"Src/system_stm32f7xx.o" --specs=nano.specs -mfpu=fpv5-d16 -mfloat-abi=softfp -mthumb -o "Src/system_stm32f7xx.o"
arm-none-eabi-gcc -c "../Src/tim.c" -mcpu=cortex-m7 -std=gnu11 -g3 '-D__weak=__attribute__((weak))' '-D__packed=__attribute__((__packed__))' -DUSE_HAL_DRIVER -DSTM32F767xx -DXPT2046_Swap_YD_and_YU -c -I../Inc -I../../Shared -IC:/ST/Firmware/STM32Cube_FW_F7_V1.15.0/Drivers/STM32F7xx_HAL_Driver/Inc -IC:/ST/Firmware/STM32Cube_FW_F7_V1.15.0/Drivers/STM32F7xx_HAL_Driver/Inc/Legacy -IC:/ST/Firmware/STM32Cube_FW_F7_V1.15.0/Drivers/CMSIS/Device/ST/STM32F7xx/Include -IC:/ST/Firmware/STM32Cube_FW_F7_V1.15.0/Drivers/CMSIS/Include -IC:/ST/Firmware/STM32Cube_FW_F7_V1.15.0/Middlewares/Third_Party/FreeRTOS/Source/include -IC:/ST/Firmware/STM32Cube_FW_F7_V1.15.0/Middlewares/Third_Party/FreeRTOS/Source/CMSIS_RTOS -IC:/ST/Firmware/STM32Cube_FW_F7_V1.15.0/Middlewares/Third_Party/FreeRTOS/Source/portable/GCC/ARM_CM7/r0p1 -IC:/ST/Firmware/STM32AudioMiddlewares/Codecs/SpiritDSP_MP3_Dec/inc -Og -ffunction-sections -fdata-sections -Wall -Wno-main -fstack-usage -fcyclomatic-complexity -MMD -MP -MF"Src/tim.d" -MT"Src/tim.o" --specs=nano.specs -mfpu=fpv5-d16 -mfloat-abi=softfp -mthumb -o "Src/tim.o"
arm-none-eabi-gcc -c "../Src/usart.c" -mcpu=cortex-m7 -std=gnu11 -g3 '-D__weak=__attribute__((weak))' '-D__packed=__attribute__((__packed__))' -DUSE_HAL_DRIVER -DSTM32F767xx -DXPT2046_Swap_YD_and_YU -c -I../Inc -I../../Shared -IC:/ST/Firmware/STM32Cube_FW_F7_V1.15.0/Drivers/STM32F7xx_HAL_Driver/Inc -IC:/ST/Firmware/STM32Cube_FW_F7_V1.15.0/Drivers/STM32F7xx_HAL_Driver/Inc/Legacy -IC:/ST/Firmware/STM32Cube_FW_F7_V1.15.0/Drivers/CMSIS/Device/ST/STM32F7xx/Include -IC:/ST/Firmware/STM32Cube_FW_F7_V1.15.0/Drivers/CMSIS/Include -IC:/ST/Firmware/STM32Cube_FW_F7_V1.15.0/Middlewares/Third_Party/FreeRTOS/Source/include -IC:/ST/Firmware/STM32Cube_FW_F7_V1.15.0/Middlewares/Third_Party/FreeRTOS/Source/CMSIS_RTOS -IC:/ST/Firmware/STM32Cube_FW_F7_V1.15.0/Middlewares/Third_Party/FreeRTOS/Source/portable/GCC/ARM_CM7/r0p1 -IC:/ST/Firmware/STM32AudioMiddlewares/Codecs/SpiritDSP_MP3_Dec/inc -Og -ffunction-sections -fdata-sections -Wall -Wno-main -fstack-usage -fcyclomatic-complexity -MMD -MP -MF"Src/usart.d" -MT"Src/usart.o" --specs=nano.specs -mfpu=fpv5-d16 -mfloat-abi=softfp -mthumb -o "Src/usart.o"
arm-none-eabi-gcc -c "C:/ST/Firmware/STM32Cube_FW_F7_V1.15.0/Middlewares/Third_Party/FreeRTOS/Source/CMSIS_RTOS/cmsis_os.c" -mcpu=cortex-m7 -std=gnu11 -g3 '-D__weak=__attribute__((weak))' '-D__packed=__attribute__((__packed__))' -DUSE_HAL_DRIVER -DSTM32F767xx -DXPT2046_Swap_YD_and_YU -c -I../Inc -I../../Shared -IC:/ST/Firmware/STM32Cube_FW_F7_V1.15.0/Drivers/STM32F7xx_HAL_Driver/Inc -IC:/ST/Firmware/STM32Cube_FW_F7_V1.15.0/Drivers/STM32F7xx_HAL_Driver/Inc/Legacy -IC:/ST/Firmware/STM32Cube_FW_F7_V1.15.0/Drivers/CMSIS/Device/ST/STM32F7xx/Include -IC:/ST/Firmware/STM32Cube_FW_F7_V1.15.0/Drivers/CMSIS/Include -IC:/ST/Firmware/STM32Cube_FW_F7_V1.15.0/Middlewares/Third_Party/FreeRTOS/Source/include -IC:/ST/Firmware/STM32Cube_FW_F7_V1.15.0/Middlewares/Third_Party/FreeRTOS/Source/CMSIS_RTOS -IC:/ST/Firmware/STM32Cube_FW_F7_V1.15.0/Middlewares/Third_Party/FreeRTOS/Source/portable/GCC/ARM_CM7/r0p1 -IC:/ST/Firmware/STM32AudioMiddlewares/Codecs/SpiritDSP_MP3_Dec/inc -Og -ffunction-sections -fdata-sections -Wall -Wno-main -fstack-usage -fcyclomatic-complexity -MMD -MP -MF"Middlewares/FreeRTOS/cmsis_os.d" -MT"Middlewares/FreeRTOS/cmsis_os.o" --specs=nano.specs -mfpu=fpv5-d16 -mfloat-abi=softfp -mthumb -o "Middlewares/FreeRTOS/cmsis_os.o"
arm-none-eabi-gcc -c "C:/ST/Firmware/STM32Cube_FW_F7_V1.15.0/Middlewares/Third_Party/FreeRTOS/Source/croutine.c" -mcpu=cortex-m7 -std=gnu11 -g3 '-D__weak=__attribute__((weak))' '-D__packed=__attribute__((__packed__))' -DUSE_HAL_DRIVER -DSTM32F767xx -DXPT2046_Swap_YD_and_YU -c -I../Inc -I../../Shared -IC:/ST/Firmware/STM32Cube_FW_F7_V1.15.0/Drivers/STM32F7xx_HAL_Driver/Inc -IC:/ST/Firmware/STM32Cube_FW_F7_V1.15.0/Drivers/STM32F7xx_HAL_Driver/Inc/Legacy -IC:/ST/Firmware/STM32Cube_FW_F7_V1.15.0/Drivers/CMSIS/Device/ST/STM32F7xx/Include -IC:/ST/Firmware/STM32Cube_FW_F7_V1.15.0/Drivers/CMSIS/Include -IC:/ST/Firmware/STM32Cube_FW_F7_V1.15.0/Middlewares/Third_Party/FreeRTOS/Source/include -IC:/ST/Firmware/STM32Cube_FW_F7_V1.15.0/Middlewares/Third_Party/FreeRTOS/Source/CMSIS_RTOS -IC:/ST/Firmware/STM32Cube_FW_F7_V1.15.0/Middlewares/Third_Party/FreeRTOS/Source/portable/GCC/ARM_CM7/r0p1 -IC:/ST/Firmware/STM32AudioMiddlewares/Codecs/SpiritDSP_MP3_Dec/inc -Og -ffunction-sections -fdata-sections -Wall -Wno-main -fstack-usage -fcyclomatic-complexity -MMD -MP -MF"Middlewares/FreeRTOS/croutine.d" -MT"Middlewares/FreeRTOS/croutine.o" --specs=nano.specs -mfpu=fpv5-d16 -mfloat-abi=softfp -mthumb -o "Middlewares/FreeRTOS/croutine.o"
arm-none-eabi-gcc -c "C:/ST/Firmware/STM32Cube_FW_F7_V1.15.0/Middlewares/Third_Party/FreeRTOS/Source/event_groups.c" -mcpu=cortex-m7 -std=gnu11 -g3 '-D__weak=__attribute__((weak))' '-D__packed=__attribute__((__packed__))' -DUSE_HAL_DRIVER -DSTM32F767xx -DXPT2046_Swap_YD_and_YU -c -I../Inc -I../../Shared -IC:/ST/Firmware/STM32Cube_FW_F7_V1.15.0/Drivers/STM32F7xx_HAL_Driver/Inc -IC:/ST/Firmware/STM32Cube_FW_F7_V1.15.0/Drivers/STM32F7xx_HAL_Driver/Inc/Legacy -IC:/ST/Firmware/STM32Cube_FW_F7_V1.15.0/Drivers/CMSIS/Device/ST/STM32F7xx/Include -IC:/ST/Firmware/STM32Cube_FW_F7_V1.15.0/Drivers/CMSIS/Include -IC:/ST/Firmware/STM32Cube_FW_F7_V1.15.0/Middlewares/Third_Party/FreeRTOS/Source/include -IC:/ST/Firmware/STM32Cube_FW_F7_V1.15.0/Middlewares/Third_Party/FreeRTOS/Source/CMSIS_RTOS -IC:/ST/Firmware/STM32Cube_FW_F7_V1.15.0/Middlewares/Third_Party/FreeRTOS/Source/portable/GCC/ARM_CM7/r0p1 -IC:/ST/Firmware/STM32AudioMiddlewares/Codecs/SpiritDSP_MP3_Dec/inc -Og -ffunction-sections -fdata-sections -Wall -Wno-main -fstack-usage -fcyclomatic-complexity -MMD -MP -MF"Middlewares/FreeRTOS/event_groups.d" -MT"Middlewares/FreeRTOS/event_groups.o" --specs=nano.specs -mfpu=fpv5-d16 -mfloat-abi=softfp -mthumb -o "Middlewares/FreeRTOS/event_groups.o"
arm-none-eabi-gcc -c "C:/ST/Firmware/STM32Cube_FW_F7_V1.15.0/Middlewares/Third_Party/FreeRTOS/Source/portable/MemMang/heap_4.c" -mcpu=cortex-m7 -std=gnu11 -g3 '-D__weak=__attribute__((weak))' '-D__packed=__attribute__((__packed__))' -DUSE_HAL_DRIVER -DSTM32F767xx -DXPT2046_Swap_YD_and_YU -c -I../Inc -I../../Shared -IC:/ST/Firmware/STM32Cube_FW_F7_V1.15.0/Drivers/STM32F7xx_HAL_Driver/Inc -IC:/ST/Firmware/STM32Cube_FW_F7_V1.15.0/Drivers/STM32F7xx_HAL_Driver/Inc/Legacy -IC:/ST/Firmware/STM32Cube_FW_F7_V1.15.0/Drivers/CMSIS/Device/ST/STM32F7xx/Include -IC:/ST/Firmware/STM32Cube_FW_F7_V1.15.0/Drivers/CMSIS/Include -IC:/ST/Firmware/STM32Cube_FW_F7_V1.15.0/Middlewares/Third_Party/FreeRTOS/Source/include -IC:/ST/Firmware/STM32Cube_FW_F7_V1.15.0/Middlewares/Third_Party/FreeRTOS/Source/CMSIS_RTOS -IC:/ST/Firmware/STM32Cube_FW_F7_V1.15.0/Middlewares/Third_Party/FreeRTOS/Source/portable/GCC/ARM_CM7/r0p1 -IC:/ST/Firmware/STM32AudioMiddlewares/Codecs/SpiritDSP_MP3_Dec/inc -Og -ffunction-sections -fdata-sections -Wall -Wno-main -fstack-usage -fcyclomatic-complexity -MMD -MP -MF"Middlewares/FreeRTOS/heap_4.d" -MT"Middlewares/FreeRTOS/heap_4.o" --specs=nano.specs -mfpu=fpv5-d16 -mfloat-abi=softfp -mthumb -o "Middlewares/FreeRTOS/heap_4.o"
arm-none-eabi-gcc -c "C:/ST/Firmware/STM32Cube_FW_F7_V1.15.0/Middlewares/Third_Party/FreeRTOS/Source/list.c" -mcpu=cortex-m7 -std=gnu11 -g3 '-D__weak=__attribute__((weak))' '-D__packed=__attribute__((__packed__))' -DUSE_HAL_DRIVER -DSTM32F767xx -DXPT2046_Swap_YD_and_YU -c -I../Inc -I../../Shared -IC:/ST/Firmware/STM32Cube_FW_F7_V1.15.0/Drivers/STM32F7xx_HAL_Driver/Inc -IC:/ST/Firmware/STM32Cube_FW_F7_V1.15.0/Drivers/STM32F7xx_HAL_Driver/Inc/Legacy -IC:/ST/Firmware/STM32Cube_FW_F7_V1.15.0/Drivers/CMSIS/Device/ST/STM32F7xx/Include -IC:/ST/Firmware/STM32Cube_FW_F7_V1.15.0/Drivers/CMSIS/Include -IC:/ST/Firmware/STM32Cube_FW_F7_V1.15.0/Middlewares/Third_Party/FreeRTOS/Source/include -IC:/ST/Firmware/STM32Cube_FW_F7_V1.15.0/Middlewares/Third_Party/FreeRTOS/Source/CMSIS_RTOS -IC:/ST/Firmware/STM32Cube_FW_F7_V1.15.0/Middlewares/Third_Party/FreeRTOS/Source/portable/GCC/ARM_CM7/r0p1 -IC:/ST/Firmware/STM32AudioMiddlewares/Codecs/SpiritDSP_MP3_Dec/inc -Og -ffunction-sections -fdata-sections -Wall -Wno-main -fstack-usage -fcyclomatic-complexity -MMD -MP -MF"Middlewares/FreeRTOS/list.d" -MT"Middlewares/FreeRTOS/list.o" --specs=nano.specs -mfpu=fpv5-d16 -mfloat-abi=softfp -mthumb -o "Middlewares/FreeRTOS/list.o"
arm-none-eabi-gcc -c "C:/ST/Firmware/STM32Cube_FW_F7_V1.15.0/Middlewares/Third_Party/FreeRTOS/Source/portable/GCC/ARM_CM7/r0p1/port.c" -mcpu=cortex-m7 -std=gnu11 -g3 '-D__weak=__attribute__((weak))' '-D__packed=__attribute__((__packed__))' -DUSE_HAL_DRIVER -DSTM32F767xx -DXPT2046_Swap_YD_and_YU -c -I../Inc -I../../Shared -IC:/ST/Firmware/STM32Cube_FW_F7_V1.15.0/Drivers/STM32F7xx_HAL_Driver/Inc -IC:/ST/Firmware/STM32Cube_FW_F7_V1.15.0/Drivers/STM32F7xx_HAL_Driver/Inc/Legacy -IC:/ST/Firmware/STM32Cube_FW_F7_V1.15.0/Drivers/CMSIS/Device/ST/STM32F7xx/Include -IC:/ST/Firmware/STM32Cube_FW_F7_V1.15.0/Drivers/CMSIS/Include -IC:/ST/Firmware/STM32Cube_FW_F7_V1.15.0/Middlewares/Third_Party/FreeRTOS/Source/include -IC:/ST/Firmware/STM32Cube_FW_F7_V1.15.0/Middlewares/Third_Party/FreeRTOS/Source/CMSIS_RTOS -IC:/ST/Firmware/STM32Cube_FW_F7_V1.15.0/Middlewares/Third_Party/FreeRTOS/Source/portable/GCC/ARM_CM7/r0p1 -IC:/ST/Firmware/STM32AudioMiddlewares/Codecs/SpiritDSP_MP3_Dec/inc -Og -ffunction-sections -fdata-sections -Wall -Wno-main -fstack-usage -fcyclomatic-complexity -MMD -MP -MF"Middlewares/FreeRTOS/port.d" -MT"Middlewares/FreeRTOS/port.o" --specs=nano.specs -mfpu=fpv5-d16 -mfloat-abi=softfp -mthumb -o "Middlewares/FreeRTOS/port.o"
arm-none-eabi-gcc -c "C:/ST/Firmware/STM32Cube_FW_F7_V1.15.0/Middlewares/Third_Party/FreeRTOS/Source/queue.c" -mcpu=cortex-m7 -std=gnu11 -g3 '-D__weak=__attribute__((weak))' '-D__packed=__attribute__((__packed__))' -DUSE_HAL_DRIVER -DSTM32F767xx -DXPT2046_Swap_YD_and_YU -c -I../Inc -I../../Shared -IC:/ST/Firmware/STM32Cube_FW_F7_V1.15.0/Drivers/STM32F7xx_HAL_Driver/Inc -IC:/ST/Firmware/STM32Cube_FW_F7_V1.15.0/Drivers/STM32F7xx_HAL_Driver/Inc/Legacy -IC:/ST/Firmware/STM32Cube_FW_F7_V1.15.0/Drivers/CMSIS/Device/ST/STM32F7xx/Include -IC:/ST/Firmware/STM32Cube_FW_F7_V1.15.0/Drivers/CMSIS/Include -IC:/ST/Firmware/STM32Cube_FW_F7_V1.15.0/Middlewares/Third_Party/FreeRTOS/Source/include -IC:/ST/Firmware/STM32Cube_FW_F7_V1.15.0/Middlewares/Third_Party/FreeRTOS/Source/CMSIS_RTOS -IC:/ST/Firmware/STM32Cube_FW_F7_V1.15.0/Middlewares/Third_Party/FreeRTOS/Source/portable/GCC/ARM_CM7/r0p1 -IC:/ST/Firmware/STM32AudioMiddlewares/Codecs/SpiritDSP_MP3_Dec/inc -Og -ffunction-sections -fdata-sections -Wall -Wno-main -fstack-usage -fcyclomatic-complexity -MMD -MP -MF"Middlewares/FreeRTOS/queue.d" -MT"Middlewares/FreeRTOS/queue.o" --specs=nano.specs -mfpu=fpv5-d16 -mfloat-abi=softfp -mthumb -o "Middlewares/FreeRTOS/queue.o"
arm-none-eabi-gcc -c "C:/ST/Firmware/STM32Cube_FW_F7_V1.15.0/Middlewares/Third_Party/FreeRTOS/Source/stream_buffer.c" -mcpu=cortex-m7 -std=gnu11 -g3 '-D__weak=__attribute__((weak))' '-D__packed=__attribute__((__packed__))' -DUSE_HAL_DRIVER -DSTM32F767xx -DXPT2046_Swap_YD_and_YU -c -I../Inc -I../../Shared -IC:/ST/Firmware/STM32Cube_FW_F7_V1.15.0/Drivers/STM32F7xx_HAL_Driver/Inc -IC:/ST/Firmware/STM32Cube_FW_F7_V1.15.0/Drivers/STM32F7xx_HAL_Driver/Inc/Legacy -IC:/ST/Firmware/STM32Cube_FW_F7_V1.15.0/Drivers/CMSIS/Device/ST/STM32F7xx/Include -IC:/ST/Firmware/STM32Cube_FW_F7_V1.15.0/Drivers/CMSIS/Include -IC:/ST/Firmware/STM32Cube_FW_F7_V1.15.0/Middlewares/Third_Party/FreeRTOS/Source/include -IC:/ST/Firmware/STM32Cube_FW_F7_V1.15.0/Middlewares/Third_Party/FreeRTOS/Source/CMSIS_RTOS -IC:/ST/Firmware/STM32Cube_FW_F7_V1.15.0/Middlewares/Third_Party/FreeRTOS/Source/portable/GCC/ARM_CM7/r0p1 -IC:/ST/Firmware/STM32AudioMiddlewares/Codecs/SpiritDSP_MP3_Dec/inc -Og -ffunction-sections -fdata-sections -Wall -Wno-main -fstack-usage -fcyclomatic-complexity -MMD -MP -MF"Middlewares/FreeRTOS/stream_buffer.d" -MT"Middlewares/FreeRTOS/stream_buffer.o" --specs=nano.specs -mfpu=fpv5-d16 -mfloat-abi=softfp -mthumb -o "Middlewares/FreeRTOS/stream_buffer.o"
arm-none-eabi-gcc -c "C:/ST/Firmware/STM32Cube_FW_F7_V1.15.0/Middlewares/Third_Party/FreeRTOS/Source/tasks.c" -mcpu=cortex-m7 -std=gnu11 -g3 '-D__weak=__attribute__((weak))' '-D__packed=__attribute__((__packed__))' -DUSE_HAL_DRIVER -DSTM32F767xx -DXPT2046_Swap_YD_and_YU -c -I../Inc -I../../Shared -IC:/ST/Firmware/STM32Cube_FW_F7_V1.15.0/Drivers/STM32F7xx_HAL_Driver/Inc -IC:/ST/Firmware/STM32Cube_FW_F7_V1.15.0/Drivers/STM32F7xx_HAL_Driver/Inc/Legacy -IC:/ST/Firmware/STM32Cube_FW_F7_V1.15.0/Drivers/CMSIS/Device/ST/STM32F7xx/Include -IC:/ST/Firmware/STM32Cube_FW_F7_V1.15.0/Drivers/CMSIS/Include -IC:/ST/Firmware/STM32Cube_FW_F7_V1.15.0/Middlewares/Third_Party/FreeRTOS/Source/include -IC:/ST/Firmware/STM32Cube_FW_F7_V1.15.0/Middlewares/Third_Party/FreeRTOS/Source/CMSIS_RTOS -IC:/ST/Firmware/STM32Cube_FW_F7_V1.15.0/Middlewares/Third_Party/FreeRTOS/Source/portable/GCC/ARM_CM7/r0p1 -IC:/ST/Firmware/STM32AudioMiddlewares/Codecs/SpiritDSP_MP3_Dec/inc -Og -ffunction-sections -fdata-sections -Wall -Wno-main -fstack-usage -fcyclomatic-complexity -MMD -MP -MF"Middlewares/FreeRTOS/tasks.d" -MT"Middlewares/FreeRTOS/tasks.o" --specs=nano.specs -mfpu=fpv5-d16 -mfloat-abi=softfp -mthumb -o "Middlewares/FreeRTOS/tasks.o"
arm-none-eabi-gcc -c "C:/ST/Firmware/STM32Cube_FW_F7_V1.15.0/Middlewares/Third_Party/FreeRTOS/Source/timers.c" -mcpu=cortex-m7 -std=gnu11 -g3 '-D__weak=__attribute__((weak))' '-D__packed=__attribute__((__packed__))' -DUSE_HAL_DRIVER -DSTM32F767xx -DXPT2046_Swap_YD_and_YU -c -I../Inc -I../../Shared -IC:/ST/Firmware/STM32Cube_FW_F7_V1.15.0/Drivers/STM32F7xx_HAL_Driver/Inc -IC:/ST/Firmware/STM32Cube_FW_F7_V1.15.0/Drivers/STM32F7xx_HAL_Driver/Inc/Legacy -IC:/ST/Firmware/STM32Cube_FW_F7_V1.15.0/Drivers/CMSIS/Device/ST/STM32F7xx/Include -IC:/ST/Firmware/STM32Cube_FW_F7_V1.15.0/Drivers/CMSIS/Include -IC:/ST/Firmware/STM32Cube_FW_F7_V1.15.0/Middlewares/Third_Party/FreeRTOS/Source/include -IC:/ST/Firmware/STM32Cube_FW_F7_V1.15.0/Middlewares/Third_Party/FreeRTOS/Source/CMSIS_RTOS -IC:/ST/Firmware/STM32Cube_FW_F7_V1.15.0/Middlewares/Third_Party/FreeRTOS/Source/portable/GCC/ARM_CM7/r0p1 -IC:/ST/Firmware/STM32AudioMiddlewares/Codecs/SpiritDSP_MP3_Dec/inc -Og -ffunction-sections -fdata-sections -Wall -Wno-main -fstack-usage -fcyclomatic-complexity -MMD -MP -MF"Middlewares/FreeRTOS/timers.d" -MT"Middlewares/FreeRTOS/timers.o" --specs=nano.specs -mfpu=fpv5-d16 -mfloat-abi=softfp -mthumb -o "Middlewares/FreeRTOS/timers.o"
arm-none-eabi-gcc -c "C:/ST/Firmware/STM32Cube_FW_F7_V1.15.0/Drivers/STM32F7xx_HAL_Driver/Src/stm32f7xx_hal.c" -mcpu=cortex-m7 -std=gnu11 -g3 '-D__weak=__attribute__((weak))' '-D__packed=__attribute__((__packed__))' -DUSE_HAL_DRIVER -DSTM32F767xx -DXPT2046_Swap_YD_and_YU -c -I../Inc -I../../Shared -IC:/ST/Firmware/STM32Cube_FW_F7_V1.15.0/Drivers/STM32F7xx_HAL_Driver/Inc -IC:/ST/Firmware/STM32Cube_FW_F7_V1.15.0/Drivers/STM32F7xx_HAL_Driver/Inc/Legacy -IC:/ST/Firmware/STM32Cube_FW_F7_V1.15.0/Drivers/CMSIS/Device/ST/STM32F7xx/Include -IC:/ST/Firmware/STM32Cube_FW_F7_V1.15.0/Drivers/CMSIS/Include -IC:/ST/Firmware/STM32Cube_FW_F7_V1.15.0/Middlewares/Third_Party/FreeRTOS/Source/include -IC:/ST/Firmware/STM32Cube_FW_F7_V1.15.0/Middlewares/Third_Party/FreeRTOS/Source/CMSIS_RTOS -IC:/ST/Firmware/STM32Cube_FW_F7_V1.15.0/Middlewares/Third_Party/FreeRTOS/Source/portable/GCC/ARM_CM7/r0p1 -IC:/ST/Firmware/STM32AudioMiddlewares/Codecs/SpiritDSP_MP3_Dec/inc -Og -ffunction-sections -fdata-sections -Wall -Wno-main -fstack-usage -fcyclomatic-complexity -MMD -MP -MF"Drivers/STM32F7xx_HAL_Driver/stm32f7xx_hal.d" -MT"Drivers/STM32F7xx_HAL_Driver/stm32f7xx_hal.o" --specs=nano.specs -mfpu=fpv5-d16 -mfloat-abi=softfp -mthumb -o "Drivers/STM32F7xx_HAL_Driver/stm32f7xx_hal.o"
arm-none-eabi-gcc -c "C:/ST/Firmware/STM32Cube_FW_F7_V1.15.0/Drivers/STM32F7xx_HAL_Driver/Src/stm32f7xx_hal_cortex.c" -mcpu=cortex-m7 -std=gnu11 -g3 '-D__weak=__attribute__((weak))' '-D__packed=__attribute__((__packed__))' -DUSE_HAL_DRIVER -DSTM32F767xx -DXPT2046_Swap_YD_and_YU -c -I../Inc -I../../Shared -IC:/ST/Firmware/STM32Cube_FW_F7_V1.15.0/Drivers/STM32F7xx_HAL_Driver/Inc -IC:/ST/Firmware/STM32Cube_FW_F7_V1.15.0/Drivers/STM32F7xx_HAL_Driver/Inc/Legacy -IC:/ST/Firmware/STM32Cube_FW_F7_V1.15.0/Drivers/CMSIS/Device/ST/STM32F7xx/Include -IC:/ST/Firmware/STM32Cube_FW_F7_V1.15.0/Drivers/CMSIS/Include -IC:/ST/Firmware/STM32Cube_FW_F7_V1.15.0/Middlewares/Third_Party/FreeRTOS/Source/include -IC:/ST/Firmware/STM32Cube_FW_F7_V1.15.0/Middlewares/Third_Party/FreeRTOS/Source/CMSIS_RTOS -IC:/ST/Firmware/STM32Cube_FW_F7_V1.15.0/Middlewares/Third_Party/FreeRTOS/Source/portable/GCC/ARM_CM7/r0p1 -IC:/ST/Firmware/STM32AudioMiddlewares/Codecs/SpiritDSP_MP3_Dec/inc -Og -ffunction-sections -fdata-sections -Wall -Wno-main -fstack-usage -fcyclomatic-complexity -MMD -MP -MF"Drivers/STM32F7xx_HAL_Driver/stm32f7xx_hal_cortex.d" -MT"Drivers/STM32F7xx_HAL_Driver/stm32f7xx_hal_cortex.o" --specs=nano.specs -mfpu=fpv5-d16 -mfloat-abi=softfp -mthumb -o "Drivers/STM32F7xx_HAL_Driver/stm32f7xx_hal_cortex.o"
arm-none-eabi-gcc -c "C:/ST/Firmware/STM32Cube_FW_F7_V1.15.0/Drivers/STM32F7xx_HAL_Driver/Src/stm32f7xx_hal_dma.c" -mcpu=cortex-m7 -std=gnu11 -g3 '-D__weak=__attribute__((weak))' '-D__packed=__attribute__((__packed__))' -DUSE_HAL_DRIVER -DSTM32F767xx -DXPT2046_Swap_YD_and_YU -c -I../Inc -I../../Shared -IC:/ST/Firmware/STM32Cube_FW_F7_V1.15.0/Drivers/STM32F7xx_HAL_Driver/Inc -IC:/ST/Firmware/STM32Cube_FW_F7_V1.15.0/Drivers/STM32F7xx_HAL_Driver/Inc/Legacy -IC:/ST/Firmware/STM32Cube_FW_F7_V1.15.0/Drivers/CMSIS/Device/ST/STM32F7xx/Include -IC:/ST/Firmware/STM32Cube_FW_F7_V1.15.0/Drivers/CMSIS/Include -IC:/ST/Firmware/STM32Cube_FW_F7_V1.15.0/Middlewares/Third_Party/FreeRTOS/Source/include -IC:/ST/Firmware/STM32Cube_FW_F7_V1.15.0/Middlewares/Third_Party/FreeRTOS/Source/CMSIS_RTOS -IC:/ST/Firmware/STM32Cube_FW_F7_V1.15.0/Middlewares/Third_Party/FreeRTOS/Source/portable/GCC/ARM_CM7/r0p1 -IC:/ST/Firmware/STM32AudioMiddlewares/Codecs/SpiritDSP_MP3_Dec/inc -Og -ffunction-sections -fdata-sections -Wall -Wno-main -fstack-usage -fcyclomatic-complexity -MMD -MP -MF"Drivers/STM32F7xx_HAL_Driver/stm32f7xx_hal_dma.d" -MT"Drivers/STM32F7xx_HAL_Driver/stm32f7xx_hal_dma.o" --specs=nano.specs -mfpu=fpv5-d16 -mfloat-abi=softfp -mthumb -o "Drivers/STM32F7xx_HAL_Driver/stm32f7xx_hal_dma.o"
arm-none-eabi-gcc -c "C:/ST/Firmware/STM32Cube_FW_F7_V1.15.0/Drivers/STM32F7xx_HAL_Driver/Src/stm32f7xx_hal_dma_ex.c" -mcpu=cortex-m7 -std=gnu11 -g3 '-D__weak=__attribute__((weak))' '-D__packed=__attribute__((__packed__))' -DUSE_HAL_DRIVER -DSTM32F767xx -DXPT2046_Swap_YD_and_YU -c -I../Inc -I../../Shared -IC:/ST/Firmware/STM32Cube_FW_F7_V1.15.0/Drivers/STM32F7xx_HAL_Driver/Inc -IC:/ST/Firmware/STM32Cube_FW_F7_V1.15.0/Drivers/STM32F7xx_HAL_Driver/Inc/Legacy -IC:/ST/Firmware/STM32Cube_FW_F7_V1.15.0/Drivers/CMSIS/Device/ST/STM32F7xx/Include -IC:/ST/Firmware/STM32Cube_FW_F7_V1.15.0/Drivers/CMSIS/Include -IC:/ST/Firmware/STM32Cube_FW_F7_V1.15.0/Middlewares/Third_Party/FreeRTOS/Source/include -IC:/ST/Firmware/STM32Cube_FW_F7_V1.15.0/Middlewares/Third_Party/FreeRTOS/Source/CMSIS_RTOS -IC:/ST/Firmware/STM32Cube_FW_F7_V1.15.0/Middlewares/Third_Party/FreeRTOS/Source/portable/GCC/ARM_CM7/r0p1 -IC:/ST/Firmware/STM32AudioMiddlewares/Codecs/SpiritDSP_MP3_Dec/inc -Og -ffunction-sections -fdata-sections -Wall -Wno-main -fstack-usage -fcyclomatic-complexity -MMD -MP -MF"Drivers/STM32F7xx_HAL_Driver/stm32f7xx_hal_dma_ex.d" -MT"Drivers/STM32F7xx_HAL_Driver/stm32f7xx_hal_dma_ex.o" --specs=nano.specs -mfpu=fpv5-d16 -mfloat-abi=softfp -mthumb -o "Drivers/STM32F7xx_HAL_Driver/stm32f7xx_hal_dma_ex.o"
arm-none-eabi-gcc -c "C:/ST/Firmware/STM32Cube_FW_F7_V1.15.0/Drivers/STM32F7xx_HAL_Driver/Src/stm32f7xx_hal_exti.c" -mcpu=cortex-m7 -std=gnu11 -g3 '-D__weak=__attribute__((weak))' '-D__packed=__attribute__((__packed__))' -DUSE_HAL_DRIVER -DSTM32F767xx -DXPT2046_Swap_YD_and_YU -c -I../Inc -I../../Shared -IC:/ST/Firmware/STM32Cube_FW_F7_V1.15.0/Drivers/STM32F7xx_HAL_Driver/Inc -IC:/ST/Firmware/STM32Cube_FW_F7_V1.15.0/Drivers/STM32F7xx_HAL_Driver/Inc/Legacy -IC:/ST/Firmware/STM32Cube_FW_F7_V1.15.0/Drivers/CMSIS/Device/ST/STM32F7xx/Include -IC:/ST/Firmware/STM32Cube_FW_F7_V1.15.0/Drivers/CMSIS/Include -IC:/ST/Firmware/STM32Cube_FW_F7_V1.15.0/Middlewares/Third_Party/FreeRTOS/Source/include -IC:/ST/Firmware/STM32Cube_FW_F7_V1.15.0/Middlewares/Third_Party/FreeRTOS/Source/CMSIS_RTOS -IC:/ST/Firmware/STM32Cube_FW_F7_V1.15.0/Middlewares/Third_Party/FreeRTOS/Source/portable/GCC/ARM_CM7/r0p1 -IC:/ST/Firmware/STM32AudioMiddlewares/Codecs/SpiritDSP_MP3_Dec/inc -Og -ffunction-sections -fdata-sections -Wall -Wno-main -fstack-usage -fcyclomatic-complexity -MMD -MP -MF"Drivers/STM32F7xx_HAL_Driver/stm32f7xx_hal_exti.d" -MT"Drivers/STM32F7xx_HAL_Driver/stm32f7xx_hal_exti.o" --specs=nano.specs -mfpu=fpv5-d16 -mfloat-abi=softfp -mthumb -o "Drivers/STM32F7xx_HAL_Driver/stm32f7xx_hal_exti.o"
arm-none-eabi-gcc -c "C:/ST/Firmware/STM32Cube_FW_F7_V1.15.0/Drivers/STM32F7xx_HAL_Driver/Src/stm32f7xx_hal_flash.c" -mcpu=cortex-m7 -std=gnu11 -g3 '-D__weak=__attribute__((weak))' '-D__packed=__attribute__((__packed__))' -DUSE_HAL_DRIVER -DSTM32F767xx -DXPT2046_Swap_YD_and_YU -c -I../Inc -I../../Shared -IC:/ST/Firmware/STM32Cube_FW_F7_V1.15.0/Drivers/STM32F7xx_HAL_Driver/Inc -IC:/ST/Firmware/STM32Cube_FW_F7_V1.15.0/Drivers/STM32F7xx_HAL_Driver/Inc/Legacy -IC:/ST/Firmware/STM32Cube_FW_F7_V1.15.0/Drivers/CMSIS/Device/ST/STM32F7xx/Include -IC:/ST/Firmware/STM32Cube_FW_F7_V1.15.0/Drivers/CMSIS/Include -IC:/ST/Firmware/STM32Cube_FW_F7_V1.15.0/Middlewares/Third_Party/FreeRTOS/Source/include -IC:/ST/Firmware/STM32Cube_FW_F7_V1.15.0/Middlewares/Third_Party/FreeRTOS/Source/CMSIS_RTOS -IC:/ST/Firmware/STM32Cube_FW_F7_V1.15.0/Middlewares/Third_Party/FreeRTOS/Source/portable/GCC/ARM_CM7/r0p1 -IC:/ST/Firmware/STM32AudioMiddlewares/Codecs/SpiritDSP_MP3_Dec/inc -Og -ffunction-sections -fdata-sections -Wall -Wno-main -fstack-usage -fcyclomatic-complexity -MMD -MP -MF"Drivers/STM32F7xx_HAL_Driver/stm32f7xx_hal_flash.d" -MT"Drivers/STM32F7xx_HAL_Driver/stm32f7xx_hal_flash.o" --specs=nano.specs -mfpu=fpv5-d16 -mfloat-abi=softfp -mthumb -o "Drivers/STM32F7xx_HAL_Driver/stm32f7xx_hal_flash.o"
arm-none-eabi-gcc -c "C:/ST/Firmware/STM32Cube_FW_F7_V1.15.0/Drivers/STM32F7xx_HAL_Driver/Src/stm32f7xx_hal_flash_ex.c" -mcpu=cortex-m7 -std=gnu11 -g3 '-D__weak=__attribute__((weak))' '-D__packed=__attribute__((__packed__))' -DUSE_HAL_DRIVER -DSTM32F767xx -DXPT2046_Swap_YD_and_YU -c -I../Inc -I../../Shared -IC:/ST/Firmware/STM32Cube_FW_F7_V1.15.0/Drivers/STM32F7xx_HAL_Driver/Inc -IC:/ST/Firmware/STM32Cube_FW_F7_V1.15.0/Drivers/STM32F7xx_HAL_Driver/Inc/Legacy -IC:/ST/Firmware/STM32Cube_FW_F7_V1.15.0/Drivers/CMSIS/Device/ST/STM32F7xx/Include -IC:/ST/Firmware/STM32Cube_FW_F7_V1.15.0/Drivers/CMSIS/Include -IC:/ST/Firmware/STM32Cube_FW_F7_V1.15.0/Middlewares/Third_Party/FreeRTOS/Source/include -IC:/ST/Firmware/STM32Cube_FW_F7_V1.15.0/Middlewares/Third_Party/FreeRTOS/Source/CMSIS_RTOS -IC:/ST/Firmware/STM32Cube_FW_F7_V1.15.0/Middlewares/Third_Party/FreeRTOS/Source/portable/GCC/ARM_CM7/r0p1 -IC:/ST/Firmware/STM32AudioMiddlewares/Codecs/SpiritDSP_MP3_Dec/inc -Og -ffunction-sections -fdata-sections -Wall -Wno-main -fstack-usage -fcyclomatic-complexity -MMD -MP -MF"Drivers/STM32F7xx_HAL_Driver/stm32f7xx_hal_flash_ex.d" -MT"Drivers/STM32F7xx_HAL_Driver/stm32f7xx_hal_flash_ex.o" --specs=nano.specs -mfpu=fpv5-d16 -mfloat-abi=softfp -mthumb -o "Drivers/STM32F7xx_HAL_Driver/stm32f7xx_hal_flash_ex.o"
arm-none-eabi-gcc -c "C:/ST/Firmware/STM32Cube_FW_F7_V1.15.0/Drivers/STM32F7xx_HAL_Driver/Src/stm32f7xx_hal_gpio.c" -mcpu=cortex-m7 -std=gnu11 -g3 '-D__weak=__attribute__((weak))' '-D__packed=__attribute__((__packed__))' -DUSE_HAL_DRIVER -DSTM32F767xx -DXPT2046_Swap_YD_and_YU -c -I../Inc -I../../Shared -IC:/ST/Firmware/STM32Cube_FW_F7_V1.15.0/Drivers/STM32F7xx_HAL_Driver/Inc -IC:/ST/Firmware/STM32Cube_FW_F7_V1.15.0/Drivers/STM32F7xx_HAL_Driver/Inc/Legacy -IC:/ST/Firmware/STM32Cube_FW_F7_V1.15.0/Drivers/CMSIS/Device/ST/STM32F7xx/Include -IC:/ST/Firmware/STM32Cube_FW_F7_V1.15.0/Drivers/CMSIS/Include -IC:/ST/Firmware/STM32Cube_FW_F7_V1.15.0/Middlewares/Third_Party/FreeRTOS/Source/include -IC:/ST/Firmware/STM32Cube_FW_F7_V1.15.0/Middlewares/Third_Party/FreeRTOS/Source/CMSIS_RTOS -IC:/ST/Firmware/STM32Cube_FW_F7_V1.15.0/Middlewares/Third_Party/FreeRTOS/Source/portable/GCC/ARM_CM7/r0p1 -IC:/ST/Firmware/STM32AudioMiddlewares/Codecs/SpiritDSP_MP3_Dec/inc -Og -ffunction-sections -fdata-sections -Wall -Wno-main -fstack-usage -fcyclomatic-complexity -MMD -MP -MF"Drivers/STM32F7xx_HAL_Driver/stm32f7xx_hal_gpio.d" -MT"Drivers/STM32F7xx_HAL_Driver/stm32f7xx_hal_gpio.o" --specs=nano.specs -mfpu=fpv5-d16 -mfloat-abi=softfp -mthumb -o "Drivers/STM32F7xx_HAL_Driver/stm32f7xx_hal_gpio.o"
arm-none-eabi-gcc -c "C:/ST/Firmware/STM32Cube_FW_F7_V1.15.0/Drivers/STM32F7xx_HAL_Driver/Src/stm32f7xx_hal_i2c.c" -mcpu=cortex-m7 -std=gnu11 -g3 '-D__weak=__attribute__((weak))' '-D__packed=__attribute__((__packed__))' -DUSE_HAL_DRIVER -DSTM32F767xx -DXPT2046_Swap_YD_and_YU -c -I../Inc -I../../Shared -IC:/ST/Firmware/STM32Cube_FW_F7_V1.15.0/Drivers/STM32F7xx_HAL_Driver/Inc -IC:/ST/Firmware/STM32Cube_FW_F7_V1.15.0/Drivers/STM32F7xx_HAL_Driver/Inc/Legacy -IC:/ST/Firmware/STM32Cube_FW_F7_V1.15.0/Drivers/CMSIS/Device/ST/STM32F7xx/Include -IC:/ST/Firmware/STM32Cube_FW_F7_V1.15.0/Drivers/CMSIS/Include -IC:/ST/Firmware/STM32Cube_FW_F7_V1.15.0/Middlewares/Third_Party/FreeRTOS/Source/include -IC:/ST/Firmware/STM32Cube_FW_F7_V1.15.0/Middlewares/Third_Party/FreeRTOS/Source/CMSIS_RTOS -IC:/ST/Firmware/STM32Cube_FW_F7_V1.15.0/Middlewares/Third_Party/FreeRTOS/Source/portable/GCC/ARM_CM7/r0p1 -IC:/ST/Firmware/STM32AudioMiddlewares/Codecs/SpiritDSP_MP3_Dec/inc -Og -ffunction-sections -fdata-sections -Wall -Wno-main -fstack-usage -fcyclomatic-complexity -MMD -MP -MF"Drivers/STM32F7xx_HAL_Driver/stm32f7xx_hal_i2c.d" -MT"Drivers/STM32F7xx_HAL_Driver/stm32f7xx_hal_i2c.o" --specs=nano.specs -mfpu=fpv5-d16 -mfloat-abi=softfp -mthumb -o "Drivers/STM32F7xx_HAL_Driver/stm32f7xx_hal_i2c.o"
arm-none-eabi-gcc -c "C:/ST/Firmware/STM32Cube_FW_F7_V1.15.0/Drivers/STM32F7xx_HAL_Driver/Src/stm32f7xx_hal_i2c_ex.c" -mcpu=cortex-m7 -std=gnu11 -g3 '-D__weak=__attribute__((weak))' '-D__packed=__attribute__((__packed__))' -DUSE_HAL_DRIVER -DSTM32F767xx -DXPT2046_Swap_YD_and_YU -c -I../Inc -I../../Shared -IC:/ST/Firmware/STM32Cube_FW_F7_V1.15.0/Drivers/STM32F7xx_HAL_Driver/Inc -IC:/ST/Firmware/STM32Cube_FW_F7_V1.15.0/Drivers/STM32F7xx_HAL_Driver/Inc/Legacy -IC:/ST/Firmware/STM32Cube_FW_F7_V1.15.0/Drivers/CMSIS/Device/ST/STM32F7xx/Include -IC:/ST/Firmware/STM32Cube_FW_F7_V1.15.0/Drivers/CMSIS/Include -IC:/ST/Firmware/STM32Cube_FW_F7_V1.15.0/Middlewares/Third_Party/FreeRTOS/Source/include -IC:/ST/Firmware/STM32Cube_FW_F7_V1.15.0/Middlewares/Third_Party/FreeRTOS/Source/CMSIS_RTOS -IC:/ST/Firmware/STM32Cube_FW_F7_V1.15.0/Middlewares/Third_Party/FreeRTOS/Source/portable/GCC/ARM_CM7/r0p1 -IC:/ST/Firmware/STM32AudioMiddlewares/Codecs/SpiritDSP_MP3_Dec/inc -Og -ffunction-sections -fdata-sections -Wall -Wno-main -fstack-usage -fcyclomatic-complexity -MMD -MP -MF"Drivers/STM32F7xx_HAL_Driver/stm32f7xx_hal_i2c_ex.d" -MT"Drivers/STM32F7xx_HAL_Driver/stm32f7xx_hal_i2c_ex.o" --specs=nano.specs -mfpu=fpv5-d16 -mfloat-abi=softfp -mthumb -o "Drivers/STM32F7xx_HAL_Driver/stm32f7xx_hal_i2c_ex.o"
arm-none-eabi-gcc -c "C:/ST/Firmware/STM32Cube_FW_F7_V1.15.0/Drivers/STM32F7xx_HAL_Driver/Src/stm32f7xx_hal_pwr.c" -mcpu=cortex-m7 -std=gnu11 -g3 '-D__weak=__attribute__((weak))' '-D__packed=__attribute__((__packed__))' -DUSE_HAL_DRIVER -DSTM32F767xx -DXPT2046_Swap_YD_and_YU -c -I../Inc -I../../Shared -IC:/ST/Firmware/STM32Cube_FW_F7_V1.15.0/Drivers/STM32F7xx_HAL_Driver/Inc -IC:/ST/Firmware/STM32Cube_FW_F7_V1.15.0/Drivers/STM32F7xx_HAL_Driver/Inc/Legacy -IC:/ST/Firmware/STM32Cube_FW_F7_V1.15.0/Drivers/CMSIS/Device/ST/STM32F7xx/Include -IC:/ST/Firmware/STM32Cube_FW_F7_V1.15.0/Drivers/CMSIS/Include -IC:/ST/Firmware/STM32Cube_FW_F7_V1.15.0/Middlewares/Third_Party/FreeRTOS/Source/include -IC:/ST/Firmware/STM32Cube_FW_F7_V1.15.0/Middlewares/Third_Party/FreeRTOS/Source/CMSIS_RTOS -IC:/ST/Firmware/STM32Cube_FW_F7_V1.15.0/Middlewares/Third_Party/FreeRTOS/Source/portable/GCC/ARM_CM7/r0p1 -IC:/ST/Firmware/STM32AudioMiddlewares/Codecs/SpiritDSP_MP3_Dec/inc -Og -ffunction-sections -fdata-sections -Wall -Wno-main -fstack-usage -fcyclomatic-complexity -MMD -MP -MF"Drivers/STM32F7xx_HAL_Driver/stm32f7xx_hal_pwr.d" -MT"Drivers/STM32F7xx_HAL_Driver/stm32f7xx_hal_pwr.o" --specs=nano.specs -mfpu=fpv5-d16 -mfloat-abi=softfp -mthumb -o "Drivers/STM32F7xx_HAL_Driver/stm32f7xx_hal_pwr.o"
arm-none-eabi-gcc -c "C:/ST/Firmware/STM32Cube_FW_F7_V1.15.0/Drivers/STM32F7xx_HAL_Driver/Src/stm32f7xx_hal_pwr_ex.c" -mcpu=cortex-m7 -std=gnu11 -g3 '-D__weak=__attribute__((weak))' '-D__packed=__attribute__((__packed__))' -DUSE_HAL_DRIVER -DSTM32F767xx -DXPT2046_Swap_YD_and_YU -c -I../Inc -I../../Shared -IC:/ST/Firmware/STM32Cube_FW_F7_V1.15.0/Drivers/STM32F7xx_HAL_Driver/Inc -IC:/ST/Firmware/STM32Cube_FW_F7_V1.15.0/Drivers/STM32F7xx_HAL_Driver/Inc/Legacy -IC:/ST/Firmware/STM32Cube_FW_F7_V1.15.0/Drivers/CMSIS/Device/ST/STM32F7xx/Include -IC:/ST/Firmware/STM32Cube_FW_F7_V1.15.0/Drivers/CMSIS/Include -IC:/ST/Firmware/STM32Cube_FW_F7_V1.15.0/Middlewares/Third_Party/FreeRTOS/Source/include -IC:/ST/Firmware/STM32Cube_FW_F7_V1.15.0/Middlewares/Third_Party/FreeRTOS/Source/CMSIS_RTOS -IC:/ST/Firmware/STM32Cube_FW_F7_V1.15.0/Middlewares/Third_Party/FreeRTOS/Source/portable/GCC/ARM_CM7/r0p1 -IC:/ST/Firmware/STM32AudioMiddlewares/Codecs/SpiritDSP_MP3_Dec/inc -Og -ffunction-sections -fdata-sections -Wall -Wno-main -fstack-usage -fcyclomatic-complexity -MMD -MP -MF"Drivers/STM32F7xx_HAL_Driver/stm32f7xx_hal_pwr_ex.d" -MT"Drivers/STM32F7xx_HAL_Driver/stm32f7xx_hal_pwr_ex.o" --specs=nano.specs -mfpu=fpv5-d16 -mfloat-abi=softfp -mthumb -o "Drivers/STM32F7xx_HAL_Driver/stm32f7xx_hal_pwr_ex.o"
arm-none-eabi-gcc -c "C:/ST/Firmware/STM32Cube_FW_F7_V1.15.0/Drivers/STM32F7xx_HAL_Driver/Src/stm32f7xx_hal_rcc.c" -mcpu=cortex-m7 -std=gnu11 -g3 '-D__weak=__attribute__((weak))' '-D__packed=__attribute__((__packed__))' -DUSE_HAL_DRIVER -DSTM32F767xx -DXPT2046_Swap_YD_and_YU -c -I../Inc -I../../Shared -IC:/ST/Firmware/STM32Cube_FW_F7_V1.15.0/Drivers/STM32F7xx_HAL_Driver/Inc -IC:/ST/Firmware/STM32Cube_FW_F7_V1.15.0/Drivers/STM32F7xx_HAL_Driver/Inc/Legacy -IC:/ST/Firmware/STM32Cube_FW_F7_V1.15.0/Drivers/CMSIS/Device/ST/STM32F7xx/Include -IC:/ST/Firmware/STM32Cube_FW_F7_V1.15.0/Drivers/CMSIS/Include -IC:/ST/Firmware/STM32Cube_FW_F7_V1.15.0/Middlewares/Third_Party/FreeRTOS/Source/include -IC:/ST/Firmware/STM32Cube_FW_F7_V1.15.0/Middlewares/Third_Party/FreeRTOS/Source/CMSIS_RTOS -IC:/ST/Firmware/STM32Cube_FW_F7_V1.15.0/Middlewares/Third_Party/FreeRTOS/Source/portable/GCC/ARM_CM7/r0p1 -IC:/ST/Firmware/STM32AudioMiddlewares/Codecs/SpiritDSP_MP3_Dec/inc -Og -ffunction-sections -fdata-sections -Wall -Wno-main -fstack-usage -fcyclomatic-complexity -MMD -MP -MF"Drivers/STM32F7xx_HAL_Driver/stm32f7xx_hal_rcc.d" -MT"Drivers/STM32F7xx_HAL_Driver/stm32f7xx_hal_rcc.o" --specs=nano.specs -mfpu=fpv5-d16 -mfloat-abi=softfp -mthumb -o "Drivers/STM32F7xx_HAL_Driver/stm32f7xx_hal_rcc.o"
arm-none-eabi-gcc -c "C:/ST/Firmware/STM32Cube_FW_F7_V1.15.0/Drivers/STM32F7xx_HAL_Driver/Src/stm32f7xx_hal_rcc_ex.c" -mcpu=cortex-m7 -std=gnu11 -g3 '-D__weak=__attribute__((weak))' '-D__packed=__attribute__((__packed__))' -DUSE_HAL_DRIVER -DSTM32F767xx -DXPT2046_Swap_YD_and_YU -c -I../Inc -I../../Shared -IC:/ST/Firmware/STM32Cube_FW_F7_V1.15.0/Drivers/STM32F7xx_HAL_Driver/Inc -IC:/ST/Firmware/STM32Cube_FW_F7_V1.15.0/Drivers/STM32F7xx_HAL_Driver/Inc/Legacy -IC:/ST/Firmware/STM32Cube_FW_F7_V1.15.0/Drivers/CMSIS/Device/ST/STM32F7xx/Include -IC:/ST/Firmware/STM32Cube_FW_F7_V1.15.0/Drivers/CMSIS/Include -IC:/ST/Firmware/STM32Cube_FW_F7_V1.15.0/Middlewares/Third_Party/FreeRTOS/Source/include -IC:/ST/Firmware/STM32Cube_FW_F7_V1.15.0/Middlewares/Third_Party/FreeRTOS/Source/CMSIS_RTOS -IC:/ST/Firmware/STM32Cube_FW_F7_V1.15.0/Middlewares/Third_Party/FreeRTOS/Source/portable/GCC/ARM_CM7/r0p1 -IC:/ST/Firmware/STM32AudioMiddlewares/Codecs/SpiritDSP_MP3_Dec/inc -Og -ffunction-sections -fdata-sections -Wall -Wno-main -fstack-usage -fcyclomatic-complexity -MMD -MP -MF"Drivers/STM32F7xx_HAL_Driver/stm32f7xx_hal_rcc_ex.d" -MT"Drivers/STM32F7xx_HAL_Driver/stm32f7xx_hal_rcc_ex.o" --specs=nano.specs -mfpu=fpv5-d16 -mfloat-abi=softfp -mthumb -o "Drivers/STM32F7xx_HAL_Driver/stm32f7xx_hal_rcc_ex.o"
arm-none-eabi-gcc -c "C:/ST/Firmware/STM32Cube_FW_F7_V1.15.0/Drivers/STM32F7xx_HAL_Driver/Src/stm32f7xx_hal_sai.c" -mcpu=cortex-m7 -std=gnu11 -g3 '-D__weak=__attribute__((weak))' '-D__packed=__attribute__((__packed__))' -DUSE_HAL_DRIVER -DSTM32F767xx -DXPT2046_Swap_YD_and_YU -c -I../Inc -I../../Shared -IC:/ST/Firmware/STM32Cube_FW_F7_V1.15.0/Drivers/STM32F7xx_HAL_Driver/Inc -IC:/ST/Firmware/STM32Cube_FW_F7_V1.15.0/Drivers/STM32F7xx_HAL_Driver/Inc/Legacy -IC:/ST/Firmware/STM32Cube_FW_F7_V1.15.0/Drivers/CMSIS/Device/ST/STM32F7xx/Include -IC:/ST/Firmware/STM32Cube_FW_F7_V1.15.0/Drivers/CMSIS/Include -IC:/ST/Firmware/STM32Cube_FW_F7_V1.15.0/Middlewares/Third_Party/FreeRTOS/Source/include -IC:/ST/Firmware/STM32Cube_FW_F7_V1.15.0/Middlewares/Third_Party/FreeRTOS/Source/CMSIS_RTOS -IC:/ST/Firmware/STM32Cube_FW_F7_V1.15.0/Middlewares/Third_Party/FreeRTOS/Source/portable/GCC/ARM_CM7/r0p1 -IC:/ST/Firmware/STM32AudioMiddlewares/Codecs/SpiritDSP_MP3_Dec/inc -Og -ffunction-sections -fdata-sections -Wall -Wno-main -fstack-usage -fcyclomatic-complexity -MMD -MP -MF"Drivers/STM32F7xx_HAL_Driver/stm32f7xx_hal_sai.d" -MT"Drivers/STM32F7xx_HAL_Driver/stm32f7xx_hal_sai.o" --specs=nano.specs -mfpu=fpv5-d16 -mfloat-abi=softfp -mthumb -o "Drivers/STM32F7xx_HAL_Driver/stm32f7xx_hal_sai.o"
arm-none-eabi-gcc -c "C:/ST/Firmware/STM32Cube_FW_F7_V1.15.0/Drivers/STM32F7xx_HAL_Driver/Src/stm32f7xx_hal_sai_ex.c" -mcpu=cortex-m7 -std=gnu11 -g3 '-D__weak=__attribute__((weak))' '-D__packed=__attribute__((__packed__))' -DUSE_HAL_DRIVER -DSTM32F767xx -DXPT2046_Swap_YD_and_YU -c -I../Inc -I../../Shared -IC:/ST/Firmware/STM32Cube_FW_F7_V1.15.0/Drivers/STM32F7xx_HAL_Driver/Inc -IC:/ST/Firmware/STM32Cube_FW_F7_V1.15.0/Drivers/STM32F7xx_HAL_Driver/Inc/Legacy -IC:/ST/Firmware/STM32Cube_FW_F7_V1.15.0/Drivers/CMSIS/Device/ST/STM32F7xx/Include -IC:/ST/Firmware/STM32Cube_FW_F7_V1.15.0/Drivers/CMSIS/Include -IC:/ST/Firmware/STM32Cube_FW_F7_V1.15.0/Middlewares/Third_Party/FreeRTOS/Source/include -IC:/ST/Firmware/STM32Cube_FW_F7_V1.15.0/Middlewares/Third_Party/FreeRTOS/Source/CMSIS_RTOS -IC:/ST/Firmware/STM32Cube_FW_F7_V1.15.0/Middlewares/Third_Party/FreeRTOS/Source/portable/GCC/ARM_CM7/r0p1 -IC:/ST/Firmware/STM32AudioMiddlewares/Codecs/SpiritDSP_MP3_Dec/inc -Og -ffunction-sections -fdata-sections -Wall -Wno-main -fstack-usage -fcyclomatic-complexity -MMD -MP -MF"Drivers/STM32F7xx_HAL_Driver/stm32f7xx_hal_sai_ex.d" -MT"Drivers/STM32F7xx_HAL_Driver/stm32f7xx_hal_sai_ex.o" --specs=nano.specs -mfpu=fpv5-d16 -mfloat-abi=softfp -mthumb -o "Drivers/STM32F7xx_HAL_Driver/stm32f7xx_hal_sai_ex.o"
arm-none-eabi-gcc -c "C:/ST/Firmware/STM32Cube_FW_F7_V1.15.0/Drivers/STM32F7xx_HAL_Driver/Src/stm32f7xx_hal_spdifrx.c" -mcpu=cortex-m7 -std=gnu11 -g3 '-D__weak=__attribute__((weak))' '-D__packed=__attribute__((__packed__))' -DUSE_HAL_DRIVER -DSTM32F767xx -DXPT2046_Swap_YD_and_YU -c -I../Inc -I../../Shared -IC:/ST/Firmware/STM32Cube_FW_F7_V1.15.0/Drivers/STM32F7xx_HAL_Driver/Inc -IC:/ST/Firmware/STM32Cube_FW_F7_V1.15.0/Drivers/STM32F7xx_HAL_Driver/Inc/Legacy -IC:/ST/Firmware/STM32Cube_FW_F7_V1.15.0/Drivers/CMSIS/Device/ST/STM32F7xx/Include -IC:/ST/Firmware/STM32Cube_FW_F7_V1.15.0/Drivers/CMSIS/Include -IC:/ST/Firmware/STM32Cube_FW_F7_V1.15.0/Middlewares/Third_Party/FreeRTOS/Source/include -IC:/ST/Firmware/STM32Cube_FW_F7_V1.15.0/Middlewares/Third_Party/FreeRTOS/Source/CMSIS_RTOS -IC:/ST/Firmware/STM32Cube_FW_F7_V1.15.0/Middlewares/Third_Party/FreeRTOS/Source/portable/GCC/ARM_CM7/r0p1 -IC:/ST/Firmware/STM32AudioMiddlewares/Codecs/SpiritDSP_MP3_Dec/inc -Og -ffunction-sections -fdata-sections -Wall -Wno-main -fstack-usage -fcyclomatic-complexity -MMD -MP -MF"Drivers/STM32F7xx_HAL_Driver/stm32f7xx_hal_spdifrx.d" -MT"Drivers/STM32F7xx_HAL_Driver/stm32f7xx_hal_spdifrx.o" --specs=nano.specs -mfpu=fpv5-d16 -mfloat-abi=softfp -mthumb -o "Drivers/STM32F7xx_HAL_Driver/stm32f7xx_hal_spdifrx.o"
arm-none-eabi-gcc -c "C:/ST/Firmware/STM32Cube_FW_F7_V1.15.0/Drivers/STM32F7xx_HAL_Driver/Src/stm32f7xx_hal_spi.c" -mcpu=cortex-m7 -std=gnu11 -g3 '-D__weak=__attribute__((weak))' '-D__packed=__attribute__((__packed__))' -DUSE_HAL_DRIVER -DSTM32F767xx -DXPT2046_Swap_YD_and_YU -c -I../Inc -I../../Shared -IC:/ST/Firmware/STM32Cube_FW_F7_V1.15.0/Drivers/STM32F7xx_HAL_Driver/Inc -IC:/ST/Firmware/STM32Cube_FW_F7_V1.15.0/Drivers/STM32F7xx_HAL_Driver/Inc/Legacy -IC:/ST/Firmware/STM32Cube_FW_F7_V1.15.0/Drivers/CMSIS/Device/ST/STM32F7xx/Include -IC:/ST/Firmware/STM32Cube_FW_F7_V1.15.0/Drivers/CMSIS/Include -IC:/ST/Firmware/STM32Cube_FW_F7_V1.15.0/Middlewares/Third_Party/FreeRTOS/Source/include -IC:/ST/Firmware/STM32Cube_FW_F7_V1.15.0/Middlewares/Third_Party/FreeRTOS/Source/CMSIS_RTOS -IC:/ST/Firmware/STM32Cube_FW_F7_V1.15.0/Middlewares/Third_Party/FreeRTOS/Source/portable/GCC/ARM_CM7/r0p1 -IC:/ST/Firmware/STM32AudioMiddlewares/Codecs/SpiritDSP_MP3_Dec/inc -Og -ffunction-sections -fdata-sections -Wall -Wno-main -fstack-usage -fcyclomatic-complexity -MMD -MP -MF"Drivers/STM32F7xx_HAL_Driver/stm32f7xx_hal_spi.d" -MT"Drivers/STM32F7xx_HAL_Driver/stm32f7xx_hal_spi.o" --specs=nano.specs -mfpu=fpv5-d16 -mfloat-abi=softfp -mthumb -o "Drivers/STM32F7xx_HAL_Driver/stm32f7xx_hal_spi.o"
arm-none-eabi-gcc -c "C:/ST/Firmware/STM32Cube_FW_F7_V1.15.0/Drivers/STM32F7xx_HAL_Driver/Src/stm32f7xx_hal_spi_ex.c" -mcpu=cortex-m7 -std=gnu11 -g3 '-D__weak=__attribute__((weak))' '-D__packed=__attribute__((__packed__))' -DUSE_HAL_DRIVER -DSTM32F767xx -DXPT2046_Swap_YD_and_YU -c -I../Inc -I../../Shared -IC:/ST/Firmware/STM32Cube_FW_F7_V1.15.0/Drivers/STM32F7xx_HAL_Driver/Inc -IC:/ST/Firmware/STM32Cube_FW_F7_V1.15.0/Drivers/STM32F7xx_HAL_Driver/Inc/Legacy -IC:/ST/Firmware/STM32Cube_FW_F7_V1.15.0/Drivers/CMSIS/Device/ST/STM32F7xx/Include -IC:/ST/Firmware/STM32Cube_FW_F7_V1.15.0/Drivers/CMSIS/Include -IC:/ST/Firmware/STM32Cube_FW_F7_V1.15.0/Middlewares/Third_Party/FreeRTOS/Source/include -IC:/ST/Firmware/STM32Cube_FW_F7_V1.15.0/Middlewares/Third_Party/FreeRTOS/Source/CMSIS_RTOS -IC:/ST/Firmware/STM32Cube_FW_F7_V1.15.0/Middlewares/Third_Party/FreeRTOS/Source/portable/GCC/ARM_CM7/r0p1 -IC:/ST/Firmware/STM32AudioMiddlewares/Codecs/SpiritDSP_MP3_Dec/inc -Og -ffunction-sections -fdata-sections -Wall -Wno-main -fstack-usage -fcyclomatic-complexity -MMD -MP -MF"Drivers/STM32F7xx_HAL_Driver/stm32f7xx_hal_spi_ex.d" -MT"Drivers/STM32F7xx_HAL_Driver/stm32f7xx_hal_spi_ex.o" --specs=nano.specs -mfpu=fpv5-d16 -mfloat-abi=softfp -mthumb -o "Drivers/STM32F7xx_HAL_Driver/stm32f7xx_hal_spi_ex.o"
arm-none-eabi-gcc -c "C:/ST/Firmware/STM32Cube_FW_F7_V1.15.0/Drivers/STM32F7xx_HAL_Driver/Src/stm32f7xx_hal_tim.c" -mcpu=cortex-m7 -std=gnu11 -g3 '-D__weak=__attribute__((weak))' '-D__packed=__attribute__((__packed__))' -DUSE_HAL_DRIVER -DSTM32F767xx -DXPT2046_Swap_YD_and_YU -c -I../Inc -I../../Shared -IC:/ST/Firmware/STM32Cube_FW_F7_V1.15.0/Drivers/STM32F7xx_HAL_Driver/Inc -IC:/ST/Firmware/STM32Cube_FW_F7_V1.15.0/Drivers/STM32F7xx_HAL_Driver/Inc/Legacy -IC:/ST/Firmware/STM32Cube_FW_F7_V1.15.0/Drivers/CMSIS/Device/ST/STM32F7xx/Include -IC:/ST/Firmware/STM32Cube_FW_F7_V1.15.0/Drivers/CMSIS/Include -IC:/ST/Firmware/STM32Cube_FW_F7_V1.15.0/Middlewares/Third_Party/FreeRTOS/Source/include -IC:/ST/Firmware/STM32Cube_FW_F7_V1.15.0/Middlewares/Third_Party/FreeRTOS/Source/CMSIS_RTOS -IC:/ST/Firmware/STM32Cube_FW_F7_V1.15.0/Middlewares/Third_Party/FreeRTOS/Source/portable/GCC/ARM_CM7/r0p1 -IC:/ST/Firmware/STM32AudioMiddlewares/Codecs/SpiritDSP_MP3_Dec/inc -Og -ffunction-sections -fdata-sections -Wall -Wno-main -fstack-usage -fcyclomatic-complexity -MMD -MP -MF"Drivers/STM32F7xx_HAL_Driver/stm32f7xx_hal_tim.d" -MT"Drivers/STM32F7xx_HAL_Driver/stm32f7xx_hal_tim.o" --specs=nano.specs -mfpu=fpv5-d16 -mfloat-abi=softfp -mthumb -o "Drivers/STM32F7xx_HAL_Driver/stm32f7xx_hal_tim.o"
arm-none-eabi-gcc -c "C:/ST/Firmware/STM32Cube_FW_F7_V1.15.0/Drivers/STM32F7xx_HAL_Driver/Src/stm32f7xx_hal_tim_ex.c" -mcpu=cortex-m7 -std=gnu11 -g3 '-D__weak=__attribute__((weak))' '-D__packed=__attribute__((__packed__))' -DUSE_HAL_DRIVER -DSTM32F767xx -DXPT2046_Swap_YD_and_YU -c -I../Inc -I../../Shared -IC:/ST/Firmware/STM32Cube_FW_F7_V1.15.0/Drivers/STM32F7xx_HAL_Driver/Inc -IC:/ST/Firmware/STM32Cube_FW_F7_V1.15.0/Drivers/STM32F7xx_HAL_Driver/Inc/Legacy -IC:/ST/Firmware/STM32Cube_FW_F7_V1.15.0/Drivers/CMSIS/Device/ST/STM32F7xx/Include -IC:/ST/Firmware/STM32Cube_FW_F7_V1.15.0/Drivers/CMSIS/Include -IC:/ST/Firmware/STM32Cube_FW_F7_V1.15.0/Middlewares/Third_Party/FreeRTOS/Source/include -IC:/ST/Firmware/STM32Cube_FW_F7_V1.15.0/Middlewares/Third_Party/FreeRTOS/Source/CMSIS_RTOS -IC:/ST/Firmware/STM32Cube_FW_F7_V1.15.0/Middlewares/Third_Party/FreeRTOS/Source/portable/GCC/ARM_CM7/r0p1 -IC:/ST/Firmware/STM32AudioMiddlewares/Codecs/SpiritDSP_MP3_Dec/inc -Og -ffunction-sections -fdata-sections -Wall -Wno-main -fstack-usage -fcyclomatic-complexity -MMD -MP -MF"Drivers/STM32F7xx_HAL_Driver/stm32f7xx_hal_tim_ex.d" -MT"Drivers/STM32F7xx_HAL_Driver/stm32f7xx_hal_tim_ex.o" --specs=nano.specs -mfpu=fpv5-d16 -mfloat-abi=softfp -mthumb -o "Drivers/STM32F7xx_HAL_Driver/stm32f7xx_hal_tim_ex.o"
arm-none-eabi-gcc -c "C:/ST/Firmware/STM32Cube_FW_F7_V1.15.0/Drivers/STM32F7xx_HAL_Driver/Src/stm32f7xx_hal_uart.c" -mcpu=cortex-m7 -std=gnu11 -g3 '-D__weak=__attribute__((weak))' '-D__packed=__attribute__((__packed__))' -DUSE_HAL_DRIVER -DSTM32F767xx -DXPT2046_Swap_YD_and_YU -c -I../Inc -I../../Shared -IC:/ST/Firmware/STM32Cube_FW_F7_V1.15.0/Drivers/STM32F7xx_HAL_Driver/Inc -IC:/ST/Firmware/STM32Cube_FW_F7_V1.15.0/Drivers/STM32F7xx_HAL_Driver/Inc/Legacy -IC:/ST/Firmware/STM32Cube_FW_F7_V1.15.0/Drivers/CMSIS/Device/ST/STM32F7xx/Include -IC:/ST/Firmware/STM32Cube_FW_F7_V1.15.0/Drivers/CMSIS/Include -IC:/ST/Firmware/STM32Cube_FW_F7_V1.15.0/Middlewares/Third_Party/FreeRTOS/Source/include -IC:/ST/Firmware/STM32Cube_FW_F7_V1.15.0/Middlewares/Third_Party/FreeRTOS/Source/CMSIS_RTOS -IC:/ST/Firmware/STM32Cube_FW_F7_V1.15.0/Middlewares/Third_Party/FreeRTOS/Source/portable/GCC/ARM_CM7/r0p1 -IC:/ST/Firmware/STM32AudioMiddlewares/Codecs/SpiritDSP_MP3_Dec/inc -Og -ffunction-sections -fdata-sections -Wall -Wno-main -fstack-usage -fcyclomatic-complexity -MMD -MP -MF"Drivers/STM32F7xx_HAL_Driver/stm32f7xx_hal_uart.d" -MT"Drivers/STM32F7xx_HAL_Driver/stm32f7xx_hal_uart.o" --specs=nano.specs -mfpu=fpv5-d16 -mfloat-abi=softfp -mthumb -o "Drivers/STM32F7xx_HAL_Driver/stm32f7xx_hal_uart.o"
arm-none-eabi-gcc -c "C:/ST/Firmware/STM32Cube_FW_F7_V1.15.0/Drivers/STM32F7xx_HAL_Driver/Src/stm32f7xx_hal_uart_ex.c" -mcpu=cortex-m7 -std=gnu11 -g3 '-D__weak=__attribute__((weak))' '-D__packed=__attribute__((__packed__))' -DUSE_HAL_DRIVER -DSTM32F767xx -DXPT2046_Swap_YD_and_YU -c -I../Inc -I../../Shared -IC:/ST/Firmware/STM32Cube_FW_F7_V1.15.0/Drivers/STM32F7xx_HAL_Driver/Inc -IC:/ST/Firmware/STM32Cube_FW_F7_V1.15.0/Drivers/STM32F7xx_HAL_Driver/Inc/Legacy -IC:/ST/Firmware/STM32Cube_FW_F7_V1.15.0/Drivers/CMSIS/Device/ST/STM32F7xx/Include -IC:/ST/Firmware/STM32Cube_FW_F7_V1.15.0/Drivers/CMSIS/Include -IC:/ST/Firmware/STM32Cube_FW_F7_V1.15.0/Middlewares/Third_Party/FreeRTOS/Source/include -IC:/ST/Firmware/STM32Cube_FW_F7_V1.15.0/Middlewares/Third_Party/FreeRTOS/Source/CMSIS_RTOS -IC:/ST/Firmware/STM32Cube_FW_F7_V1.15.0/Middlewares/Third_Party/FreeRTOS/Source/portable/GCC/ARM_CM7/r0p1 -IC:/ST/Firmware/STM32AudioMiddlewares/Codecs/SpiritDSP_MP3_Dec/inc -Og -ffunction-sections -fdata-sections -Wall -Wno-main -fstack-usage -fcyclomatic-complexity -MMD -MP -MF"Drivers/STM32F7xx_HAL_Driver/stm32f7xx_hal_uart_ex.d" -MT"Drivers/STM32F7xx_HAL_Driver/stm32f7xx_hal_uart_ex.o" --specs=nano.specs -mfpu=fpv5-d16 -mfloat-abi=softfp -mthumb -o "Drivers/STM32F7xx_HAL_Driver/stm32f7xx_hal_uart_ex.o"
arm-none-eabi-gcc -o "11_LivingRoomHiFi.elf" @"objects.list"   -mcpu=cortex-m7 -T"../STM32F767VI_FLASH.ld" --specs=nosys.specs -Wl,-Map="11_LivingRoomHiFi.map" -Wl,--gc-sections -static -L"C:\JSB\People\Family\03 John and Anne children\00 Philip\03 Surrey University\01 Uni 2nd year\Uber audio system\Firmware\STM32\11_LivingRoomHiFi" --specs=nano.specs -mfpu=fpv5-d16 -mfloat-abi=softfp -mthumb -u _printf_float -Wl,--start-group -lc -lm -Wl,--end-group
C:/ST/STM32CubeIDE/STM32CubeIDE/plugins/com.st.stm32cube.ide.mcu.externaltools.gnu-tools-for-stm32.13.3.rel1.win32_1.0.0.202411081344/tools/bin/../lib/gcc/arm-none-eabi/13.3.1/../../../../arm-none-eabi/bin/ld.exe: warning: 11_LivingRoomHiFi.elf has a LOAD segment with RWX permissions
Finished building target: 11_LivingRoomHiFi.elf
 
arm-none-eabi-size  11_LivingRoomHiFi.elf 
arm-none-eabi-objdump -h -S 11_LivingRoomHiFi.elf  > "11_LivingRoomHiFi.list"
   text	   data	    bss	    dec	    hex	filename
  80160	   1488	 120760	 202408	  316a8	11_LivingRoomHiFi.elf
Finished building: default.size.stdout
 
Finished building: 11_LivingRoomHiFi.list
 
arm-none-eabi-objcopy.exe -O ihex "11_LivingRoomHiFi.elf" "11_LivingRoomHiFi.hex"
 
12:02:20 **** Incremental Build of configuration Debug for project 11_LivingRoomHiFi ****
make -j32 all 
arm-none-eabi-gcc -o "11_LivingRoomHiFi.elf" @"objects.list"   -mcpu=cortex-m7 -T"../STM32F767VI_FLASH.ld" --specs=nosys.specs -Wl,-Map="11_LivingRoomHiFi.map" -Wl,--gc-sections -static -L"C:\JSB\People\Family\03 John and Anne children\00 Philip\03 Surrey University\01 Uni 2nd year\Uber audio system\Firmware\STM32\11_LivingRoomHiFi" --specs=nano.specs -mfpu=fpv5-d16 -mfloat-abi=softfp -mthumb -u _printf_float -Wl,--start-group -lc -lm -Wl,--end-group
C:/ST/STM32CubeIDE/STM32CubeIDE/plugins/com.st.stm32cube.ide.mcu.externaltools.gnu-tools-for-stm32.13.3.rel1.win32_1.0.0.202411081344/tools/bin/../lib/gcc/arm-none-eabi/13.3.1/../../../../arm-none-eabi/bin/ld.exe: warning: 11_LivingRoomHiFi.elf has a LOAD segment with RWX permissions
Finished building target: 11_LivingRoomHiFi.elf
 
arm-none-eabi-size  11_LivingRoomHiFi.elf 
arm-none-eabi-objdump -h -S 11_LivingRoomHiFi.elf  > "11_LivingRoomHiFi.list"
   text	   data	    bss	    dec	    hex	filename
  80160	   1488	 120760	 202408	  316a8	11_LivingRoomHiFi.elf
Finished building: default.size.stdout
 
Finished building: 11_LivingRoomHiFi.list
 
arm-none-eabi-objcopy.exe -O ihex "11_LivingRoomHiFi.elf" "11_LivingRoomHiFi.hex"
 
12:02:51 **** Incremental Build of configuration Debug for project 11_LivingRoomHiFi ****
make -j32 all 
arm-none-eabi-gcc -o "11_LivingRoomHiFi.elf" @"objects.list"   -mcpu=cortex-m7 -T"../STM32F767VI_FLASH.ld" --specs=nosys.specs -Wl,-Map="11_LivingRoomHiFi.map" -Wl,--gc-sections -static -L"C:\JSB\People\Family\03 John and Anne children\00 Philip\03 Surrey University\01 Uni 2nd year\Uber audio system\Firmware\STM32\11_LivingRoomHiFi" --specs=nano.specs -mfpu=fpv5-d16 -mfloat-abi=softfp -mthumb -u _printf_float -Wl,--start-group -lc -lm -Wl,--end-group
Finished building target: 11_LivingRoomHiFi.elf
 
arm-none-eabi-size  11_LivingRoomHiFi.elf 
arm-none-eabi-objdump -h -S 11_LivingRoomHiFi.elf  > "11_LivingRoomHiFi.list"
   text	   data	    bss	    dec	    hex	filename
  80168	   1480	 120760	 202408	  316a8	11_LivingRoomHiFi.elf
Finished building: default.size.stdout
 
Finished building: 11_LivingRoomHiFi.list
 
arm-none-eabi-objcopy.exe -O ihex "11_LivingRoomHiFi.elf" "11_LivingRoomHiFi.hex"
 
